[createShader] vertexSrc length=701, first 50 chars: 
#include <metal_stdlib>
using namespace metal;

s
[createShader] fragSrc length=623, first 50 chars: 
#include <metal_stdlib>
using namespace metal;
fr
[createShader] vertexSrc length=1090, first 50 chars: 
#include <metal_stdlib>
using namespace metal;

s
[createShader] fragSrc length=781, first 50 chars: 
#include <metal_stdlib>
using namespace metal;

f
[createShader] trying tileVertex / tileFragment
[createShader] tileVertex=0x83f3179c0 tileFragment=0x83f317b80
[createShader] vertexSrc length=415, first 50 chars: 
#include <metal_stdlib>
using namespace metal;

s
[createShader] fragSrc length=143, first 50 chars: 
#include <metal_stdlib>
using namespace metal;

f
[createShader] trying tileVertex / tileFragment
[createShader] tileVertex=0x0 tileFragment=0x0
[createShader] tile not found, trying colorVertex / colorFragment
[createShader] vertexSrc length=1123, first 50 chars: 
#include <metal_stdlib>
using namespace metal;

s
[createShader] fragSrc length=147, first 50 chars: 
#include <metal_stdlib>
using namespace metal;

f
[createShader] trying tileVertex / tileFragment
[createShader] tileVertex=0x0 tileFragment=0x0
[createShader] tile not found, trying colorVertex / colorFragment
[createShader] vertexSrc length=123, first 50 chars: #version 300 es
precision highp float;

in vec2 a_
[createShader] fragSrc length=2368, first 50 chars: #version 300 es
precision highp float;

// Thin-sh
Metal shader compile error: program_source:1:2: error: invalid preprocessing directive
#version 300 es
 ^
program_source:2:1: error: unknown type name 'precision'
precision highp float;
^
program_source:2:16: error: expected ';' after top level declarator
precision highp float;
               ^
               ;
program_source:2:17: warning: declaration does not declare anything [-Wmissing-declarations]
precision highp float;
                ^~~~~
program_source:4:1: error: unknown type name 'in'
in vec2 a_position;
^
program_source:4:8: error: expected ';' after top level declarator
in vec2 a_position;
       ^
       ;
program_source:6:6: error: non-qualified function cannot be called 'main'
void main() {
     ^
program_source:7:5: error: use of undeclared identifier 'gl_Position'
    gl_Position = vec4(a_position, 0.0, 1.0);
    ^
program_source:7:24: error: use of undeclared identifier 'a_position'
    gl_Position = vec4(a_position, 0.0, 1.0);
                       ^
program_source:10:2: error: invalid preprocessing directive
#version 300 es
 ^
program_source:11:1: error: unknown type name 'precision'
precision highp float;
^
program_source:11:16: error: expected ';' after top level declarator
precision highp float;
               ^
               ;
program_source:11:17: warning: declaration does not declare anything [-Wmissing-declarations]
precision highp float;
                ^~~~~
program_source:16:1: error: unknown type name 'uniform'
uniform vec3 u_camPos;          // world-space camera position (ECEF)
^
program_source:16:13: error: expected ';' after top level declarator
uniform vec3 u_camPos;          // world-space camera position (ECEF)
            ^
            ;
program_source:17:1: error: unknown type name 'uniform'
uniform vec2 u_resolution;
^
program_source:17:13: error: expected ';' after top level declarator
uniform vec2 u_resolution;
            ^
            ;
program_source:18:1: error: unknown type name 'uniform'
uniform float u_fov;
^
program_source:19:1: error: unknown type name 'uniform'
uniform mat3 u_normalMatrix;     // camera→world rotation
^
program_source:19:13: error: expected ';' after top level declarator
uniform mat3 u_normalMatrix;     // camera→world rotation
            ^
            ;
program_source:20:1: error: unknown type name 'uniform'
uniform float u_earthRadius;
^
program_source:21:1: error: unknown type name 'uniform'
uniform float u_atmosHeight;
^
program_source:22:1: error: unknown type name 'uniform'
uniform float u_scaleHeight;
^
program_source:23:1: error: unknown type name 'uniform'
uniform vec3 u_colorZenith;
^
program_source:23:13: error: expected ';' after top level declarator
uniform vec3 u_colorZenith;
            ^
            ;
program_source:24:1: error: unknown type name 'uniform'
uniform vec3 u_colorHorizon;
^
program_source:24:13: error: expected ';' after top level declarator
uniform vec3 u_colorHorizon;
            ^
            ;
program_source:26:1: error: unknown type name 'out'
out vec4 fragColor;
^
program_source:26:9: error: expected ';' after top level declarator
out vec4 fragColor;
        ^
        ;
program_source:28:6: error: non-qualified function cannot be called 'main'
void main() {
     ^
program_source:29:9: error: expected ';' after expression
    vec2 uv = (2.0 * gl_FragCoord.xy - u_resolution.xy) / u_resolution.y;
        ^
        ;
program_source:29:10: error: use of undeclared identifier 'uv'
    vec2 uv = (2.0 * gl_FragCoord.xy - u_resolution.xy) / u_resolution.y;
         ^
program_source:29:22: error: use of undeclared identifier 'gl_FragCoord'
    vec2 uv = (2.0 * gl_FragCoord.xy - u_resolution.xy) / u_resolution.y;
                     ^
program_source:29:40: error: use of undeclared identifier 'u_resolution'
    vec2 uv = (2.0 * gl_FragCoord.xy - u_resolution.xy) / u_resolution.y;
                                       ^
program_source:29:59: error: use of undeclared identifier 'u_resolution'
    vec2 uv = (2.0 * gl_FragCoord.xy - u_resolution.xy) / u_resolution.y;
                                                          ^
program_source:33:9: error: expected ';' after expression
    vec3 rayCam = normalize(vec3(uv, -z));
        ^
        ;
program_source:33:10: error: use of undeclared identifier 'rayCam'
    vec3 rayCam = normalize(vec3(uv, -z));
         ^
program_source:33:34: error: use of undeclared identifier 'uv'
    vec3 rayCam = normalize(vec3(uv, -z));
                                 ^
program_source:36:9: error: expected ';' after expression
    vec3 rayWorld = u_normalMatrix * rayCam;
        ^
        ;
program_source:36:10: error: use of undeclared identifier 'rayWorld'
    vec3 rayWorld = u_normalMatrix * rayCam;
         ^
program_source:36:21: error: use of undeclared identifier 'u_normalMatrix'
    vec3 rayWorld = u_normalMatrix * rayCam;
                    ^
program_source:36:38: error: use of undeclared identifier 'rayCam'
    vec3 rayWorld = u_normalMatrix * rayCam;
                                     ^
program_source:39:9: error: expected ';' after expression
    vec3 oc = -u_camPos;  // vector from camera to Earth center
        ^
        ;
program_source:39:10: error: use of undeclared identifier 'oc'
    vec3 oc = -u_camPos;  // vector from camera to Earth center
         ^
program_source:39:16: error: use of undeclared identifier 'u_camPos'
    vec3 oc = -u_camPos;  // vector from camera to Earth center
               ^
program_source:40:19: error: use of undeclared identifier 'oc'
    float b = dot(oc, rayWorld);
                  ^
program_source:40:23: error: use of undeclared identifier 'rayWorld'
    float b = dot(oc, rayWorld);
                      ^
program_source:41:9: error: expected ';' after expression
    vec3 closestPoint = oc - b * rayWorld;
        ^
        ;
program_source:41:10: error: use of undeclared identifier 'closestPoint'
    vec3 closestPoint = oc - b * rayWorld;
         ^
program_source:41:25: error: use of undeclared identifier 'oc'
    vec3 closestPoint = oc - b * rayWorld;
                        ^
program_source:41:34: error: use of undeclared identifier 'rayWorld'
    vec3 closestPoint = oc - b * rayWorld;
                                 ^
program_source:42:32: error: use of undeclared identifier 'closestPoint'
    float closestDist = length(closestPoint);
                               ^
program_source:46:9: error: expected ';' after expression
    vec3 color = vec3(0.0);
        ^
        ;
program_source:46:10: error: use of undeclared identifier 'color'
    vec3 color = vec3(0.0);
         ^
program_source:50:40: error: use of undeclared identifier 'max'; did you mean 'metal::max'?
            float pathLen = 2.0 * sqrt(max(0.0, TOP_RADIUS * TOP_RADIUS - closestDist * closestDist));
                                       ^~~
                                       metal::max
/System/Library/PrivateFrameworks/GPUCompiler.framework/Versions/32023/Libraries/lib/clang/32023.850/include/metal/metal_math:4749:18: note: 'metal::max' declared here
METAL_FUNC float max(float x, float y)
                 ^
program_source:50:35: error: use of undeclared identifier 'sqrt'; did you mean 'metal::sqrt'?
            float pathLen = 2.0 * sqrt(max(0.0, TOP_RADIUS * TOP_RADIUS - closestDist * closestDist));
                                  ^~~~
                                  metal::sqrt
/System/Library/PrivateFrameworks/GPUCompiler.framework/Versions/32023/Libraries/lib/clang/32023.850/include/metal/metal_math:4825:18: note: 'metal::sqrt' declared here
METAL_FUNC float sqrt(float x)
                 ^
program_source:51:34: error: use of undeclared identifier 'max'; did you mean 'metal::max'?
            float density = exp(-max(tangentHeight, 0.0) / u_scaleHeight);
                                 ^~~
                                 metal::max
/System/Library/PrivateFrameworks/GPUCompiler.framework/Versions/32023/Libraries/lib/clang/32023.850/include/metal/metal_math:4749:18: note: 'metal::max' declared here
METAL_FUNC float max(float x, float y)
                 ^
program_source:53:13: error: use of undeclared identifier 'color'
            color = mix(u_colorZenith, vec3(0.6, 0.85, 1.0), clamp(tangentHeight / 50000.0 + 0.5, 0.0, 1.0)) * glow;
            ^
program_source:53:62: error: use of undeclared identifier 'clamp'; did you mean 'metal::clamp'?
            color = mix(u_colorZenith, vec3(0.6, 0.85, 1.0), clamp(tangentHeight / 50000.0 + 0.5, 0.0, 1.0)) * glow;
                                                             ^~~~~
                                                             metal::clamp
/System/Library/PrivateFrameworks/GPUCompiler.framework/Versions/32023/Libraries/lib/clang/32023.850/include/metal/metal_common:183:18: note: 'metal::clamp' declared here
METAL_FUNC float clamp(float x, float minval, float maxval)
                 ^
program_source:53:25: error: use of undeclared identifier 'u_colorZenith'
            color = mix(u_colorZenith, vec3(0.6, 0.85, 1.0), clamp(tangentHeight / 50000.0 + 0.5, 0.0, 1.0)) * glow;
                        ^
program_source:55:13: error: use of undeclared identifier 'discard'
            discard;
            ^
program_source:58:36: error: use of undeclared identifier 'max'; did you mean 'metal::max'?
        float pathLen = 2.0 * sqrt(max(0.0, TOP_RADIUS * TOP_RADIUS - closestDist * closestDist));
                                   ^~~
                                   metal::max
/System/Library/PrivateFrameworks/GPUCompiler.framework/Versions/32023/Libraries/lib/clang/32023.850/include/metal/metal_math:4749:18: note: 'metal::max' declared here
METAL_FUNC float max(float x, float y)
                 ^
program_source:58:31: error: use of undeclared identifier 'sqrt'; did you mean 'metal::sqrt'?
        float pathLen = 2.0 * sqrt(max(0.0, TOP_RADIUS * TOP_RADIUS - closestDist * closestDist));
                              ^~~~
                              metal::sqrt
/System/Library/PrivateFrameworks/GPUCompiler.framework/Versions/32023/Libraries/lib/clang/32023.850/include/metal/metal_math:4825:18: note: 'metal::sqrt' declared here
METAL_FUNC float sqrt(float x)
                 ^
program_source:62:13: error: expected ';' after expression
        vec3 atmosphereColor = mix(vec3(0.8, 0.9, 1.0), vec3(0.2, 0.4, 1.0), blueShift);
            ^
            ;
program_source:62:14: error: use of undeclared identifier 'atmosphereColor'
        vec3 atmosphereColor = mix(vec3(0.8, 0.9, 1.0), vec3(0.2, 0.4, 1.0), blueShift);
             ^
program_source:63:9: error: use of undeclared identifier 'color'
        color = atmosphereColor * glow;
        ^
program_source:63:17: error: use of undeclared identifier 'atmosphereColor'
        color = atmosphereColor * glow;
                ^
program_source:65:9: error: use of undeclared identifier 'color'
        color = u_colorHorizon * 0.01;
        ^
program_source:65:17: error: use of undeclared identifier 'u_colorHorizon'
        color = u_colorHorizon * 0.01;
                ^
program_source:68:5: error: use of undeclared identifier 'color'
    color = color / (color + vec3(1.0));
    ^
program_source:68:22: error: use of undeclared identifier 'color'
    color = color / (color + vec3(1.0));
                     ^
program_source:68:13: error: use of undeclared identifier 'color'
    color = color / (color + vec3(1.0));
            ^
program_source:69:23: error: use of undeclared identifier 'color'
    float alpha = dot(color, vec3(0.299, 0.587, 0.114));
                      ^
program_source:70:25: error: use of undeclared identifier 'discard'
    if (alpha < 0.0005) discard;
                        ^
program_source:71:5: error: use of undeclared identifier 'fragColor'
    fragColor = vec4(color, alpha);
    ^
program_source:71:22: error: use of undeclared identifier 'color'
    fragColor = vec4(color, alpha);
                     ^

Combined source:
#version 300 es
precision highp float;

in vec2 a_position;

void main() {
    gl_Position = vec4(a_position, 0.0, 1.0);
}

#version 300 es
precision highp float;

// Thin-shell atmosphere limb glow — computed in WORLD SPACE.
// Camera position and normalMatrix passed directly (no view matrix extraction).

uniform vec3 u_camPos;          // world-space camera position (ECEF)
uniform vec2 u_resolution;
uniform float u_fov;
uniform mat3 u_normalMatrix;     // camera→world rotation
uniform float u_earthRadius;
uniform float u_atmosHeight;
uniform float u_scaleHeight;
uniform vec3 u_colorZenith;
uniform vec3 u_colorHorizon;

out vec4 fragColor;

void main() {
    vec2 uv = (2.0 * gl_FragCoord.xy - u_resolution.xy) / u_resolution.y;

    // View ray in camera space
    float z = 1.0 / tan(u_fov * 0.5);
    vec3 rayCam = normalize(vec3(uv, -z));

    // Transform to world space
    vec3 rayWorld = u_normalMatrix * rayCam;

    // Closest approach of ray to Earth center (world origin)
    vec3 oc = -u_camPos;  // vector from camera to Earth center
    float b = dot(oc, rayWorld);
    vec3 closestPoint = oc - b * rayWorld;
    float closestDist = length(closestPoint);
    float tangentHeight = closestDist - u_earthRadius;

    float TOP_RADIUS = u_earthRadius + u_atmosHeight;
    vec3 color = vec3(0.0);

    if (closestDist < u_earthRadius) {
        if (tangentHeight > -u_atmosHeight) {
            float pathLen = 2.0 * sqrt(max(0.0, TOP_RADIUS * TOP_RADIUS - closestDist * closestDist));
            float density = exp(-max(tangentHeight, 0.0) / u_scaleHeight);
            float glow = density * pathLen * 0.0000008;
            color = mix(u_colorZenith, vec3(0.6, 0.85, 1.0), clamp(tangentHeight / 50000.0 + 0.5, 0.0, 1.0)) * glow;
        } else {
            discard;
        }
    } else if (closestDist < TOP_RADIUS) {
        float pathLen = 2.0 * sqrt(max(0.0, TOP_RADIUS * TOP_RADIUS - closestDist * closestDist));
        float density = exp(-tangentHeight / u_scaleHeight);
        float glow = density * pathLen * 0.0000008;
        float blueShift = clamp(tangentHeight / u_scaleHeight, 0.0, 1.0);
        vec3 atmosphereColor = mix(vec3(0.8, 0.9, 1.0), vec3(0.2, 0.4, 1.0), blueShift);
        color = atmosphereColor * glow;
    } else {
        color = u_colorHorizon * 0.01;
    }

    color = color / (color + vec3(1.0));
    float alpha = dot(color, vec3(0.299, 0.587, 0.114));
    if (alpha < 0.0005) discard;
    fragColor = vec4(color, alpha);
}

[createShader] vertexSrc length=351, first 50 chars: #version 300 es
precision highp float;

in vec3 a_
[createShader] fragSrc length=2385, first 50 chars: #version 300 es
precision highp float;

in vec3 v_
Metal shader compile error: program_source:1:2: error: invalid preprocessing directive
#version 300 es
 ^
program_source:2:1: error: unknown type name 'precision'
precision highp float;
^
program_source:2:16: error: expected ';' after top level declarator
precision highp float;
               ^
               ;
program_source:2:17: warning: declaration does not declare anything [-Wmissing-declarations]
precision highp float;
                ^~~~~
program_source:4:1: error: unknown type name 'in'
in vec3 a_vertexPosition;
^
program_source:4:8: error: expected ';' after top level declarator
in vec3 a_vertexPosition;
       ^
       ;
program_source:5:1: error: unknown type name 'uniform'
uniform mat4 u_projectionViewMatrix;
^
program_source:5:13: error: expected ';' after top level declarator
uniform mat4 u_projectionViewMatrix;
            ^
            ;
program_source:7:1: error: unknown type name 'out'
out vec3 v_textureCoord;
^
program_source:7:9: error: expected ';' after top level declarator
out vec3 v_textureCoord;
        ^
        ;
program_source:9:6: error: non-qualified function cannot be called 'main'
void main() {
     ^
program_source:10:5: error: use of undeclared identifier 'v_textureCoord'
    v_textureCoord = normalize(a_vertexPosition);
    ^
program_source:10:32: error: use of undeclared identifier 'a_vertexPosition'
    v_textureCoord = normalize(a_vertexPosition);
                               ^
program_source:11:5: error: use of undeclared identifier 'vec4'; did you mean 'vec3'?
    vec4 clipPos = u_projectionViewMatrix * vec4(a_vertexPosition, 1.0);
    ^~~~
    vec3
program_source:4:4: note: 'vec3' declared here
in vec3 a_vertexPosition;
   ^
program_source:11:9: error: expected ';' after expression
    vec4 clipPos = u_projectionViewMatrix * vec4(a_vertexPosition, 1.0);
        ^
        ;
program_source:11:10: error: use of undeclared identifier 'clipPos'
    vec4 clipPos = u_projectionViewMatrix * vec4(a_vertexPosition, 1.0);
         ^
program_source:11:20: error: use of undeclared identifier 'u_projectionViewMatrix'
    vec4 clipPos = u_projectionViewMatrix * vec4(a_vertexPosition, 1.0);
                   ^
program_source:11:50: error: use of undeclared identifier 'a_vertexPosition'
    vec4 clipPos = u_projectionViewMatrix * vec4(a_vertexPosition, 1.0);
                                                 ^
program_source:13:5: error: use of undeclared identifier 'gl_Position'
    gl_Position = clipPos.xyww;
    ^
program_source:13:19: error: use of undeclared identifier 'clipPos'
    gl_Position = clipPos.xyww;
                  ^
program_source:16:2: error: invalid preprocessing directive
#version 300 es
 ^
program_source:17:1: error: unknown type name 'precision'
precision highp float;
^
program_source:17:16: error: expected ';' after top level declarator
precision highp float;
               ^
               ;
program_source:17:17: warning: declaration does not declare anything [-Wmissing-declarations]
precision highp float;
                ^~~~~
program_source:19:1: error: unknown type name 'in'
in vec3 v_textureCoord;
^
program_source:19:8: error: expected ';' after top level declarator
in vec3 v_textureCoord;
       ^
       ;
program_source:21:1: error: unknown type name 'uniform'
uniform float u_time;
^
program_source:22:1: error: unknown type name 'uniform'
uniform float u_nightFactor; // 0=day (no stars), 1=night (full stars)
^
program_source:24:1: error: unknown type name 'out'
out vec4 fragColor;
^
program_source:24:9: error: expected ';' after top level declarator
out vec4 fragColor;
        ^
        ;
program_source:27:12: error: unknown type name 'vec3'
float hash(vec3 p) {
           ^
program_source:29:18: error: use of undeclared identifier 'sin'; did you mean 'metal::sin'?
    return fract(sin(h) * 43758.5453);
                 ^~~
                 metal::sin
/System/Library/PrivateFrameworks/GPUCompiler.framework/Versions/32023/Libraries/lib/clang/32023.850/include/metal/metal_math:4807:18: note: 'metal::sin' declared here
METAL_FUNC float sin(float x)
                 ^
program_source:29:12: error: use of undeclared identifier 'fract'; did you mean 'metal::fract'?
    return fract(sin(h) * 43758.5453);
           ^~~~~
           metal::fract
/System/Library/PrivateFrameworks/GPUCompiler.framework/Versions/32023/Libraries/lib/clang/32023.850/include/metal/metal_math:4721:18: note: 'metal::fract' declared here
METAL_FUNC float fract(float x)
                 ^
program_source:33:15: error: unknown type name 'vec3'
float noise3D(vec3 p) {
              ^
program_source:34:9: error: expected ';' after expression
    vec3 i = floor(p);
        ^
        ;
program_source:34:10: error: use of undeclared identifier 'i'
    vec3 i = floor(p);
         ^
program_source:35:9: error: expected ';' after expression
    vec3 f = fract(p);
        ^
        ;
program_source:35:10: error: use of undeclared identifier 'f'
    vec3 f = fract(p);
         ^
program_source:36:5: error: use of undeclared identifier 'f'
    f = f * f * (3.0 - 2.0 * f);
    ^
program_source:36:9: error: use of undeclared identifier 'f'
    f = f * f * (3.0 - 2.0 * f);
        ^
program_source:36:13: error: use of undeclared identifier 'f'
    f = f * f * (3.0 - 2.0 * f);
            ^
program_source:36:30: error: use of undeclared identifier 'f'
    f = f * f * (3.0 - 2.0 * f);
                             ^
program_source:39:22: error: use of undeclared identifier 'i'
        mix(mix(hash(i), hash(i + vec3(1,0,0)), f.x),
                     ^
program_source:39:31: error: use of undeclared identifier 'i'
        mix(mix(hash(i), hash(i + vec3(1,0,0)), f.x),
                              ^
program_source:39:49: error: use of undeclared identifier 'f'
        mix(mix(hash(i), hash(i + vec3(1,0,0)), f.x),
                                                ^
program_source:40:22: error: use of undeclared identifier 'i'
            mix(hash(i + vec3(0,1,0)), hash(i + vec3(1,1,0)), f.x), f.y),
                     ^
program_source:40:45: error: use of undeclared identifier 'i'
            mix(hash(i + vec3(0,1,0)), hash(i + vec3(1,1,0)), f.x), f.y),
                                            ^
program_source:40:63: error: use of undeclared identifier 'f'
            mix(hash(i + vec3(0,1,0)), hash(i + vec3(1,1,0)), f.x), f.y),
                                                              ^
program_source:40:69: error: use of undeclared identifier 'f'
            mix(hash(i + vec3(0,1,0)), hash(i + vec3(1,1,0)), f.x), f.y),
                                                                    ^
program_source:41:22: error: use of undeclared identifier 'i'
        mix(mix(hash(i + vec3(0,0,1)), hash(i + vec3(1,0,1)), f.x),
                     ^
program_source:41:45: error: use of undeclared identifier 'i'
        mix(mix(hash(i + vec3(0,0,1)), hash(i + vec3(1,0,1)), f.x),
                                            ^
program_source:41:63: error: use of undeclared identifier 'f'
        mix(mix(hash(i + vec3(0,0,1)), hash(i + vec3(1,0,1)), f.x),
                                                              ^
program_source:42:22: error: use of undeclared identifier 'i'
            mix(hash(i + vec3(0,1,1)), hash(i + vec3(1,1,1)), f.x), f.y),
                     ^
program_source:42:45: error: use of undeclared identifier 'i'
            mix(hash(i + vec3(0,1,1)), hash(i + vec3(1,1,1)), f.x), f.y),
                                            ^
program_source:42:63: error: use of undeclared identifier 'f'
            mix(hash(i + vec3(0,1,1)), hash(i + vec3(1,1,1)), f.x), f.y),
                                                              ^
program_source:42:69: error: use of undeclared identifier 'f'
            mix(hash(i + vec3(0,1,1)), hash(i + vec3(1,1,1)), f.x), f.y),
                                                                    ^
program_source:43:9: error: use of undeclared identifier 'f'
        f.z
        ^
program_source:47:6: error: non-qualified function cannot be called 'main'
void main() {
     ^
program_source:48:9: error: expected ';' after expression
    vec3 dir = normalize(v_textureCoord);
        ^
        ;
program_source:48:10: error: use of undeclared identifier 'dir'
    vec3 dir = normalize(v_textureCoord);
         ^
program_source:48:26: error: use of undeclared identifier 'v_textureCoord'
    vec3 dir = normalize(v_textureCoord);
                         ^
program_source:55:30: error: use of undeclared identifier 'dir'
    float star1 = hash(floor(dir * 200.0));
                             ^
program_source:56:13: error: use of undeclared identifier 'smoothstep'; did you mean 'metal::smoothstep'?
    star1 = smoothstep(0.998, 1.0, star1);
            ^~~~~~~~~~
            metal::smoothstep
/System/Library/PrivateFrameworks/GPUCompiler.framework/Versions/32023/Libraries/lib/clang/32023.850/include/metal/metal_common:413:18: note: 'metal::smoothstep' declared here
METAL_FUNC float smoothstep(float edge0, float edge1, float x)
                 ^
program_source:59:30: error: use of undeclared identifier 'dir'
    float star2 = hash(floor(dir * 100.0 + 0.5));
                             ^
program_source:60:13: error: use of undeclared identifier 'smoothstep'; did you mean 'metal::smoothstep'?
    star2 = smoothstep(0.997, 1.0, star2) * 0.6;
            ^~~~~~~~~~
            metal::smoothstep
/System/Library/PrivateFrameworks/GPUCompiler.framework/Versions/32023/Libraries/lib/clang/32023.850/include/metal/metal_common:413:18: note: 'metal::smoothstep' declared here
METAL_FUNC float smoothstep(float edge0, float edge1, float x)
                 ^
program_source:63:30: error: use of undeclared identifier 'dir'
    float star3 = hash(floor(dir * 50.0 + 1.0));
                             ^
program_source:64:13: error: use of undeclared identifier 'smoothstep'; did you mean 'metal::smoothstep'?
    star3 = smoothstep(0.996, 1.0, star3) * 0.3;
            ^~~~~~~~~~
            metal::smoothstep
/System/Library/PrivateFrameworks/GPUCompiler.framework/Versions/32023/Libraries/lib/clang/32023.850/include/metal/metal_common:413:18: note: 'metal::smoothstep' declared here
METAL_FUNC float smoothstep(float edge0, float edge1, float x)
                 ^
program_source:69:48: error: use of undeclared identifier 'dir'
    float horizonFade = smoothstep(-0.05, 0.1, dir.y);
                                               ^
program_source:72:29: error: use of undeclared identifier 'dir'
    float galacticLat = abs(dir.y * 0.7 + dir.z * 0.7);
                            ^
program_source:72:43: error: use of undeclared identifier 'dir'
    float galacticLat = abs(dir.y * 0.7 + dir.z * 0.7);
                                          ^
program_source:73:22: error: use of undeclared identifier 'smoothstep'
    float milkyWay = smoothstep(0.15, 0.0, galacticLat) * 0.15;
                     ^
program_source:74:25: error: use of undeclared identifier 'dir'
    milkyWay *= noise3D(dir * 40.0) * 0.5 + 0.5;
                        ^
program_source:77:9: error: expected ';' after expression
    vec3 nightZenith = vec3(0.01, 0.01, 0.04);
        ^
        ;
program_source:77:10: error: use of undeclared identifier 'nightZenith'
    vec3 nightZenith = vec3(0.01, 0.01, 0.04);
         ^
program_source:78:9: error: expected ';' after expression
    vec3 nightHorizon = vec3(0.02, 0.02, 0.06);
        ^
        ;
program_source:78:10: error: use of undeclared identifier 'nightHorizon'
    vec3 nightHorizon = vec3(0.02, 0.02, 0.06);
         ^
program_source:79:37: error: use of undeclared identifier 'dir'
    float t = smoothstep(-0.1, 0.3, dir.y);
                                    ^
program_source:80:9: error: expected ';' after expression
    vec3 nightColor = mix(nightHorizon, nightZenith, t);
        ^
        ;
program_source:80:10: error: use of undeclared identifier 'nightColor'
    vec3 nightColor = mix(nightHorizon, nightZenith, t);
         ^
program_source:80:27: error: use of undeclared identifier 'nightHorizon'
    vec3 nightColor = mix(nightHorizon, nightZenith, t);
                          ^
program_source:80:41: error: use of undeclared identifier 'nightZenith'
    vec3 nightColor = mix(nightHorizon, nightZenith, t);
                                        ^
program_source:83:9: error: expected ';' after expression
    vec3 starColor = vec3(1.0, 0.95, 0.8) * starField;
        ^
        ;
program_source:83:10: error: use of undeclared identifier 'starColor'
    vec3 starColor = vec3(1.0, 0.95, 0.8) * starField;
         ^
program_source:84:9: error: expected ';' after expression
    vec3 milkyWayColor = vec3(0.7, 0.75, 0.9) * milkyWay;
        ^
        ;
program_source:84:10: error: use of undeclared identifier 'milkyWayColor'
    vec3 milkyWayColor = vec3(0.7, 0.75, 0.9) * milkyWay;
         ^
program_source:86:9: error: expected ';' after expression
    vec3 color = nightColor + (starColor + milkyWayColor) * u_nightFactor;
        ^
        ;
program_source:86:10: error: use of undeclared identifier 'color'
    vec3 color = nightColor + (starColor + milkyWayColor) * u_nightFactor;
         ^
program_source:86:18: error: use of undeclared identifier 'nightColor'
    vec3 color = nightColor + (starColor + milkyWayColor) * u_nightFactor;
                 ^
program_source:86:32: error: use of undeclared identifier 'starColor'
    vec3 color = nightColor + (starColor + milkyWayColor) * u_nightFactor;
                               ^
program_source:86:44: error: use of undeclared identifier 'milkyWayColor'
    vec3 color = nightColor + (starColor + milkyWayColor) * u_nightFactor;
                                           ^
program_source:92:5: error: use of undeclared identifier 'fragColor'
    fragColor = vec4(color, alpha);
    ^
program_source:92:22: error: use of undeclared identifier 'color'
    fragColor = vec4(color, alpha);
                     ^

Combined source:
#version 300 es
precision highp float;

in vec3 a_vertexPosition;
uniform mat4 u_projectionViewMatrix;

out vec3 v_textureCoord;

void main() {
    v_textureCoord = normalize(a_vertexPosition);
    vec4 clipPos = u_projectionViewMatrix * vec4(a_vertexPosition, 1.0);
    // xyww trick: force depth to 1.0 (far plane)
    gl_Position = clipPos.xyww;
}

#version 300 es
precision highp float;

in vec3 v_textureCoord;

uniform float u_time;
uniform float u_nightFactor; // 0=day (no stars), 1=night (full stars)

out vec4 fragColor;

// Simple pseudo-random hash
float hash(vec3 p) {
    float h = dot(p, vec3(127.1, 311.7, 74.7));
    return fract(sin(h) * 43758.5453);
}

// 3D noise for star distribution
float noise3D(vec3 p) {
    vec3 i = floor(p);
    vec3 f = fract(p);
    f = f * f * (3.0 - 2.0 * f);

    return mix(
        mix(mix(hash(i), hash(i + vec3(1,0,0)), f.x),
            mix(hash(i + vec3(0,1,0)), hash(i + vec3(1,1,0)), f.x), f.y),
        mix(mix(hash(i + vec3(0,0,1)), hash(i + vec3(1,0,1)), f.x),
            mix(hash(i + vec3(0,1,1)), hash(i + vec3(1,1,1)), f.x), f.y),
        f.z
    );
}

void main() {
    vec3 dir = normalize(v_textureCoord);

    // Starfield: randomly distributed bright points
    // Use multiple octaves of hash to create stars of varying brightness
    float starField = 0.0;

    // Bright stars (sparse)
    float star1 = hash(floor(dir * 200.0));
    star1 = smoothstep(0.998, 1.0, star1);

    // Medium stars
    float star2 = hash(floor(dir * 100.0 + 0.5));
    star2 = smoothstep(0.997, 1.0, star2) * 0.6;

    // Dim stars (dense)
    float star3 = hash(floor(dir * 50.0 + 1.0));
    star3 = smoothstep(0.996, 1.0, star3) * 0.3;

    starField = star1 + star2 + star3;

    // Fade stars below horizon slightly
    float horizonFade = smoothstep(-0.05, 0.1, dir.y);

    // Milky way band (galactic plane approximation)
    float galacticLat = abs(dir.y * 0.7 + dir.z * 0.7);
    float milkyWay = smoothstep(0.15, 0.0, galacticLat) * 0.15;
    milkyWay *= noise3D(dir * 40.0) * 0.5 + 0.5;

    // Night sky gradient: dark blue at zenith, slightly lighter at horizon
    vec3 nightZenith = vec3(0.01, 0.01, 0.04);
    vec3 nightHorizon = vec3(0.02, 0.02, 0.06);
    float t = smoothstep(-0.1, 0.3, dir.y);
    vec3 nightColor = mix(nightHorizon, nightZenith, t);

    // Combine stars with night sky
    vec3 starColor = vec3(1.0, 0.95, 0.8) * starField;
    vec3 milkyWayColor = vec3(0.7, 0.75, 0.9) * milkyWay;

    vec3 color = nightColor + (starColor + milkyWayColor) * u_nightFactor;

    // Day/night blend: day sky would be from atmosphere pass,
    // so this becomes fully transparent during day
    float alpha = u_nightFactor;

    fragColor = vec4(color, alpha);
}

2026-06-10 12:37:19.950 MinimalGlobe[10209:19891943] Engine initialized successfully
[Scene::render] entered | sky=0 atmo=0 layers=1
[Scene::render] submitting 1 commands
2026-06-10 12:37:19.953 MinimalGlobe[10209:19891943] First frame rendered
2026-06-10 12:37:19.953 MinimalGlobe[10209:19891994] [MacBridge] Requesting: https://webst01.is.autonavi.com/appmaptile?style=6&x=0&y=0&z=0
[Scene::render] entered | sky=0 atmo=0 layers=1
[Scene::render] submitting 1 commands
[MetalView] Frame 1 | draw=1 vis=35 cache=0 surf=0 lod=512 que=1 exact=0 missing=18 unsup=17 camAlt=24810
[Scene::render] entered | sky=0 atmo=0 layers=1
[Scene::render] submitting 1 commands
[MetalView] Frame 2 | draw=1 vis=35 cache=0 surf=0 lod=512 que=1 exact=0 missing=18 unsup=17 camAlt=24810
[Scene::render] entered | sky=0 atmo=0 layers=1
[Scene::render] submitting 1 commands
[MetalView] Frame 3 | draw=1 vis=35 cache=0 surf=0 lod=512 que=1 exact=0 missing=18 unsup=17 camAlt=24810
[Scene::render] entered | sky=0 atmo=0 layers=1
[Scene::render] submitting 1 commands
[Scene::render] entered | sky=0 atmo=0 layers=1
[Scene::render] submitting 1 commands
2026-06-10 12:37:20.046 MinimalGlobe[10209:19891956] [MacBridge] Response: 200, data length: 4235
[Scene::render] entered | sky=0 atmo=0 layers=1
2026-06-10 12:37:20.055 MinimalGlobe[10209:19892000] [MacBridge] Requesting: https://webst02.is.autonavi.com/appmaptile?style=6&x=0&y=1&z=1
2026-06-10 12:37:20.055 MinimalGlobe[10209:19892001] [MacBridge] Requesting: https://webst03.is.autonavi.com/appmaptile?style=6&x=1&y=1&z=1
2026-06-10 12:37:20.055 MinimalGlobe[10209:19891998] [MacBridge] Requesting: https://webst01.is.autonavi.com/appmaptile?style=6&x=0&y=0&z=1
2026-06-10 12:37:20.055 MinimalGlobe[10209:19891999] [MacBridge] Requesting: https://webst02.is.autonavi.com/appmaptile?style=6&x=1&y=0&z=1
[Scene::render] submitting 18 commands
[Scene::render] entered | sky=0 atmo=0 layers=1
[Scene::render] submitting 18 commands
[Scene::render] entered | sky=0 atmo=0 layers=1
[Scene::render] submitting 18 commands
2026-06-10 12:37:20.095 MinimalGlobe[10209:19891948] [MacBridge] Response: 200, data length: 9858
[Scene::render] entered | sky=0 atmo=0 layers=1
2026-06-10 12:37:20.106 MinimalGlobe[10209:19892002] [MacBridge] Requesting: https://webst01.is.autonavi.com/appmaptile?style=6&x=0&y=0&z=2
2026-06-10 12:37:20.106 MinimalGlobe[10209:19892004] [MacBridge] Requesting: https://webst02.is.autonavi.com/appmaptile?style=6&x=0&y=1&z=2
2026-06-10 12:37:20.106 MinimalGlobe[10209:19892005] [MacBridge] Requesting: https://webst03.is.autonavi.com/appmaptile?style=6&x=1&y=1&z=2
2026-06-10 12:37:20.106 MinimalGlobe[10209:19892003] [MacBridge] Requesting: https://webst02.is.autonavi.com/appmaptile?style=6&x=1&y=0&z=2
[Scene::render] submitting 18 commands
2026-06-10 12:37:20.109 MinimalGlobe[10209:19891958] [MacBridge] Response: 200, data length: 10037
2026-06-10 12:37:20.111 MinimalGlobe[10209:19891995] [MacBridge] Response: 200, data length: 6871
2026-06-10 12:37:20.111 MinimalGlobe[10209:19891956] [MacBridge] Response: 200, data length: 7226
2026-06-10 12:37:20.111 MinimalGlobe[10209:19891956] [MacBridge] Response: 200, data length: 10279
2026-06-10 12:37:20.112 MinimalGlobe[10209:19891995] [MacBridge] Response: 200, data length: 7729
[Scene::render] entered | sky=0 atmo=0 layers=1
2026-06-10 12:37:20.123 MinimalGlobe[10209:19892006] [MacBridge] Requesting: https://webst04.is.autonavi.com/appmaptile?style=6&x=2&y=1&z=2
2026-06-10 12:37:20.123 MinimalGlobe[10209:19892007] [MacBridge] Requesting: https://webst01.is.autonavi.com/appmaptile?style=6&x=3&y=1&z=2
[Scene::render] submitting 18 commands
2026-06-10 12:37:20.136 MinimalGlobe[10209:19891996] [MacBridge] Response: 200, data length: 8358
2026-06-10 12:37:20.138 MinimalGlobe[10209:19891949] [MacBridge] Response: 200, data length: 4806
2026-06-10 12:37:20.139 MinimalGlobe[10209:19891949] [MacBridge] Response: 200, data length: 4442
[Scene::render] entered | sky=0 atmo=0 layers=1
[Scene::render] submitting 18 commands
[Scene::render] entered | sky=0 atmo=0 layers=1
2026-06-10 12:37:20.156 MinimalGlobe[10209:19892008] [MacBridge] Requesting: https://webst02.is.autonavi.com/appmaptile?style=6&x=6&y=3&z=3
[Scene::render] submitting 18 commands
2026-06-10 12:37:20.168 MinimalGlobe[10209:19891949] [MacBridge] Response: 200, data length: 8641
2026-06-10 12:37:20.174 MinimalGlobe[10209:19892011] [MacBridge] Requesting: https://webst04.is.autonavi.com/appmaptile?style=6&x=0&y=3&z=2
2026-06-10 12:37:20.174 MinimalGlobe[10209:19892013] [MacBridge] Requesting: https://webst01.is.autonavi.com/appmaptile?style=6&x=2&y=2&z=2
[Scene::render] entered | sky=0 atmo=0 layers=1
2026-06-10 12:37:20.174 MinimalGlobe[10209:19892014] [MacBridge] Requesting: https://webst02.is.autonavi.com/appmaptile?style=6&x=3&y=2&z=2
2026-06-10 12:37:20.174 MinimalGlobe[10209:19892016] [MacBridge] Requesting: https://webst03.is.autonavi.com/appmaptile?style=6&x=3&y=3&z=2
2026-06-10 12:37:20.174 MinimalGlobe[10209:19892012] [MacBridge] Requesting: https://webst01.is.autonavi.com/appmaptile?style=6&x=1&y=3&z=2
2026-06-10 12:37:20.174 MinimalGlobe[10209:19892010] [MacBridge] Requesting: https://webst04.is.autonavi.com/appmaptile?style=6&x=1&y=2&z=2
2026-06-10 12:37:20.174 MinimalGlobe[10209:19892015] [MacBridge] Requesting: https://webst02.is.autonavi.com/appmaptile?style=6&x=2&y=3&z=2
2026-06-10 12:37:20.174 MinimalGlobe[10209:19892009] [MacBridge] Requesting: https://webst03.is.autonavi.com/appmaptile?style=6&x=0&y=2&z=2
[Scene::render] submitting 18 commands
2026-06-10 12:37:20.180 MinimalGlobe[10209:19891956] [MacBridge] Response: 200, data length: 1679
2026-06-10 12:37:20.180 MinimalGlobe[10209:19891996] [MacBridge] Response: 200, data length: 3540
2026-06-10 12:37:20.181 MinimalGlobe[10209:19891996] [MacBridge] Response: 200, data length: 4401
2026-06-10 12:37:20.185 MinimalGlobe[10209:19891996] [MacBridge] Response: 200, data length: 4792
2026-06-10 12:37:20.186 MinimalGlobe[10209:19891949] [MacBridge] Response: 200, data length: 2982
[Scene::render] entered | sky=0 atmo=0 layers=1
2026-06-10 12:37:20.191 MinimalGlobe[10209:19892017] [MacBridge] Requesting: https://webst03.is.autonavi.com/appmaptile?style=6&x=12&y=6&z=4
[Scene::render] submitting 18 commands
2026-06-10 12:37:20.197 MinimalGlobe[10209:19891949] [MacBridge] Response: 200, data length: 11270
2026-06-10 12:37:20.206 MinimalGlobe[10209:19891958] [MacBridge] Response: 200, data length: 11228
[Scene::render] entered | sky=0 atmo=0 layers=1
[Scene::render] submitting 18 commands
2026-06-10 12:37:20.218 MinimalGlobe[10209:19891956] [MacBridge] Response: 200, data length: 3789
[Scene::render] entered | sky=0 atmo=0 layers=1
[Scene::render] submitting 18 commands
[Scene::render] entered | sky=0 atmo=0 layers=1
[Scene::render] submitting 18 commands
2026-06-10 12:37:20.242 MinimalGlobe[10209:19892064] [MacBridge] Requesting: https://webst04.is.autonavi.com/appmaptile?style=6&x=4&y=3&z=3
2026-06-10 12:37:20.242 MinimalGlobe[10209:19892065] [MacBridge] Requesting: https://webst03.is.autonavi.com/appmaptile?style=6&x=25&y=13&z=5
2026-06-10 12:37:20.244 MinimalGlobe[10209:19891995] [MacBridge] Response: 200, data length: 4747
2026-06-10 12:37:20.244 MinimalGlobe[10209:19891995] [MacBridge] Response: 200, data length: 3476
2026-06-10 12:37:20.248 MinimalGlobe[10209:19891996] [MacBridge] Response: 200, data length: 9772
2026-06-10 12:37:20.251 MinimalGlobe[10209:19891995] [MacBridge] Response: 200, data length: 10035
[Scene::render] entered | sky=0 atmo=0 layers=1
[Scene::render] submitting 18 commands
[Scene::render] entered | sky=0 atmo=0 layers=1
[Scene::render] submitting 18 commands
2026-06-10 12:37:20.274 MinimalGlobe[10209:19892069] [MacBridge] Requesting: https://webst01.is.autonavi.com/appmaptile?style=6&x=50&y=26&z=6
2026-06-10 12:37:20.281 MinimalGlobe[10209:19891996] [MacBridge] Response: 200, data length: 11815
[Scene::render] entered | sky=0 atmo=0 layers=1
2026-06-10 12:37:20.290 MinimalGlobe[10209:19892071] [MacBridge] Requesting: https://webst02.is.autonavi.com/appmaptile?style=6&x=101&y=52&z=7
2026-06-10 12:37:20.290 MinimalGlobe[10209:19892072] [MacBridge] Requesting: https://webst03.is.autonavi.com/appmaptile?style=6&x=101&y=53&z=7
[Scene::render] submitting 18 commands
2026-06-10 12:37:20.297 MinimalGlobe[10209:19891949] [MacBridge] Response: 200, data length: 10993
[Scene::render] entered | sky=0 atmo=0 layers=1
2026-06-10 12:37:20.306 MinimalGlobe[10209:19892073] [MacBridge] Requesting: https://webst02.is.autonavi.com/appmaptile?style=6&x=203&y=106&z=8
[Scene::render] submitting 18 commands
2026-06-10 12:37:20.309 MinimalGlobe[10209:19891949] [MacBridge] Response: 200, data length: 9677
2026-06-10 12:37:20.312 MinimalGlobe[10209:19891995] [MacBridge] Response: 200, data length: 26462
[Scene::render] entered | sky=0 atmo=0 layers=1
2026-06-10 12:37:20.324 MinimalGlobe[10209:19892075] [MacBridge] Requesting: https://webst04.is.autonavi.com/appmaptile?style=6&x=407&y=212&z=9
2026-06-10 12:37:20.324 MinimalGlobe[10209:19892074] [MacBridge] Requesting: https://webst01.is.autonavi.com/appmaptile?style=6&x=203&y=105&z=8
[Scene::render] submitting 18 commands
2026-06-10 12:37:20.330 MinimalGlobe[10209:19891995] [MacBridge] Response: 200, data length: 29350
[Scene::render] entered | sky=0 atmo=0 layers=1
2026-06-10 12:37:20.339 MinimalGlobe[10209:19892077] [MacBridge] Requesting: https://webst04.is.autonavi.com/appmaptile?style=6&x=815&y=424&z=10
2026-06-10 12:37:20.339 MinimalGlobe[10209:19892076] [MacBridge] Requesting: https://webst03.is.autonavi.com/appmaptile?style=6&x=814&y=424&z=10
[Scene::render] submitting 18 commands
2026-06-10 12:37:20.348 MinimalGlobe[10209:19891949] [MacBridge] Response: 200, data length: 33975
[Scene::render] entered | sky=0 atmo=0 layers=1
[Scene::render] submitting 18 commands
[Scene::render] entered | sky=0 atmo=0 layers=1
[Scene::render] submitting 18 commands
2026-06-10 12:37:20.376 MinimalGlobe[10209:19891958] [MacBridge] Response: 200, data length: 29900
[Scene::render] entered | sky=0 atmo=0 layers=1
[Scene::render] submitting 18 commands
[Scene::render] entered | sky=0 atmo=0 layers=1
[Scene::render] submitting 18 commands
[Scene::render] entered | sky=0 atmo=0 layers=1
[Scene::render] submitting 18 commands
2026-06-10 12:37:20.432 MinimalGlobe[10209:19891956] [MacBridge] Response: 200, data length: 28184
[Scene::render] entered | sky=0 atmo=0 layers=1
2026-06-10 12:37:20.439 MinimalGlobe[10209:19892078] [MacBridge] Requesting: https://webst03.is.autonavi.com/appmaptile?style=6&x=407&y=211&z=9
[Scene::render] submitting 18 commands
2026-06-10 12:37:20.447 MinimalGlobe[10209:19891956] [MacBridge] Response: 200, data length: 30681
[Scene::render] entered | sky=0 atmo=0 layers=1
2026-06-10 12:37:20.455 MinimalGlobe[10209:19892079] [MacBridge] Requesting: https://webst02.is.autonavi.com/appmaptile?style=6&x=815&y=422&z=10
2026-06-10 12:37:20.455 MinimalGlobe[10209:19892081] [MacBridge] Requesting: https://webst03.is.autonavi.com/appmaptile?style=6&x=815&y=423&z=10
2026-06-10 12:37:20.455 MinimalGlobe[10209:19892080] [MacBridge] Requesting: https://webst02.is.autonavi.com/appmaptile?style=6&x=814&y=423&z=10
[Scene::render] submitting 18 commands
2026-06-10 12:37:20.462 MinimalGlobe[10209:19891956] [MacBridge] Response: 200, data length: 32690
2026-06-10 12:37:20.466 MinimalGlobe[10209:19891949] [MacBridge] Response: 200, data length: 26987
[Scene::render] entered | sky=0 atmo=0 layers=1
[Scene::render] submitting 18 commands
[Scene::render] entered | sky=0 atmo=0 layers=1
[Scene::render] submitting 18 commands
2026-06-10 12:37:20.492 MinimalGlobe[10209:19891996] [MacBridge] Response: 200, data length: 34269
[Scene::render] entered | sky=0 atmo=0 layers=1
[Scene::render] submitting 18 commands
[Scene::render] entered | sky=0 atmo=0 layers=1
[Scene::render] submitting 18 commands
[Scene::render] entered | sky=0 atmo=0 layers=1
[Scene::render] submitting 18 commands
[Scene::render] entered | sky=0 atmo=0 layers=1
[Scene::render] submitting 18 commands
[Scene::render] entered | sky=0 atmo=0 layers=1
[Scene::render] submitting 18 commands
[Scene::render] entered | sky=0 atmo=0 layers=1
[Scene::render] submitting 18 commands
[Scene::render] entered | sky=0 atmo=0 layers=1
[Scene::render] submitting 18 commands
[Scene::render] entered | sky=0 atmo=0 layers=1
[Scene::render] submitting 18 commands
[Scene::render] entered | sky=0 atmo=0 layers=1
[Scene::render] submitting 18 commands
[Scene::render] entered | sky=0 atmo=0 layers=1
[Scene::render] submitting 18 commands
[Scene::render] entered | sky=0 atmo=0 layers=1
[Scene::render] submitting 18 commands
[Scene::render] entered | sky=0 atmo=0 layers=1
[Scene::render] submitting 18 commands
[Scene::render] entered | sky=0 atmo=0 layers=1
[Scene::render] submitting 18 commands
[Scene::render] entered | sky=0 atmo=0 layers=1
[Scene::render] submitting 18 commands
[Scene::render] entered | sky=0 atmo=0 layers=1
[Scene::render] submitting 18 commands
[Scene::render] entered | sky=0 atmo=0 layers=1
[Scene::render] submitting 18 commands
[Scene::render] entered | sky=0 atmo=0 layers=1
[Scene::render] submitting 18 commands
[Scene::render] entered | sky=0 atmo=0 layers=1
[Scene::render] submitting 18 commands
[Scene::render] entered | sky=0 atmo=0 layers=1
[Scene::render] submitting 18 commands
[Scene::render] entered | sky=0 atmo=0 layers=1
[Scene::render] submitting 18 commands
[Scene::render] entered | sky=0 atmo=0 layers=1
[Scene::render] submitting 18 commands
[Scene::render] entered | sky=0 atmo=0 layers=1
[Scene::render] submitting 18 commands
[Scene::render] entered | sky=0 atmo=0 layers=1
[Scene::render] submitting 18 commands
[Scene::render] entered | sky=0 atmo=0 layers=1
[Scene::render] submitting 18 commands
[Scene::render] entered | sky=0 atmo=0 layers=1
[Scene::render] submitting 18 commands
[Scene::render] entered | sky=0 atmo=0 layers=1
[Scene::render] submitting 18 commands
[Scene::render] entered | sky=0 atmo=0 layers=1
[Scene::render] submitting 18 commands
[Scene::render] entered | sky=0 atmo=0 layers=1
[Scene::render] submitting 18 commands
[MetalView] Frame 60 | draw=18 vis=35 cache=35 surf=18 lod=512 que=0 exact=18 missing=0 unsup=17 camAlt=24810
[Scene::render] entered | sky=0 atmo=0 layers=1
[Scene::render] submitting 18 commands
[Scene::render] entered | sky=0 atmo=0 layers=1
[Scene::render] submitting 18 commands
[Scene::render] entered | sky=0 atmo=0 layers=1
[Scene::render] submitting 18 commands
[Scene::render] entered | sky=0 atmo=0 layers=1
[Scene::render] submitting 18 commands
[Scene::render] entered | sky=0 atmo=0 layers=1
[Scene::render] submitting 18 commands
[Scene::render] entered | sky=0 atmo=0 layers=1
[Scene::render] submitting 18 commands
[Scene::render] entered | sky=0 atmo=0 layers=1
[Scene::render] submitting 18 commands
[Scene::render] entered | sky=0 atmo=0 layers=1
[Scene::render] submitting 18 commands
[Scene::render] entered | sky=0 atmo=0 layers=1
[Scene::render] submitting 18 commands
[Scene::render] entered | sky=0 atmo=0 layers=1
[Scene::render] submitting 18 commands
[Scene::render] entered | sky=0 atmo=0 layers=1
[Scene::render] submitting 18 commands
[Scene::render] entered | sky=0 atmo=0 layers=1
[Scene::render] submitting 18 commands
[Scene::render] entered | sky=0 atmo=0 layers=1
[Scene::render] submitting 18 commands
[Scene::render] entered | sky=0 atmo=0 layers=1
[Scene::render] submitting 18 commands
[Scene::render] entered | sky=0 atmo=0 layers=1
[Scene::render] submitting 18 commands
[Scene::render] entered | sky=0 atmo=0 layers=1
[Scene::render] submitting 18 commands
[Scene::render] entered | sky=0 atmo=0 layers=1
[Scene::render] submitting 18 commands
[Scene::render] entered | sky=0 atmo=0 layers=1
[Scene::render] submitting 18 commands
[Scene::render] entered | sky=0 atmo=0 layers=1
[Scene::render] submitting 18 commands
[Scene::render] entered | sky=0 atmo=0 layers=1
[Scene::render] submitting 18 commands
[Scene::render] entered | sky=0 atmo=0 layers=1
[Scene::render] submitting 18 commands
[Scene::render] entered | sky=0 atmo=0 layers=1
[Scene::render] submitting 18 commands
[Scene::render] entered | sky=0 atmo=0 layers=1
[Scene::render] submitting 18 commands
[Scene::render] entered | sky=0 atmo=0 layers=1
[Scene::render] submitting 18 commands
[Scene::render] entered | sky=0 atmo=0 layers=1
[Scene::render] submitting 18 commands
[Scene::render] entered | sky=0 atmo=0 layers=1
[Scene::render] submitting 18 commands
[Scene::render] entered | sky=0 atmo=0 layers=1
[Scene::render] submitting 18 commands
[Scene::render] entered | sky=0 atmo=0 layers=1
[Scene::render] submitting 18 commands
[Scene::render] entered | sky=0 atmo=0 layers=1
[Scene::render] submitting 18 commands
[Scene::render] entered | sky=0 atmo=0 layers=1
[Scene::render] submitting 18 commands
[Scene::render] entered | sky=0 atmo=0 layers=1
[Scene::render] submitting 18 commands
[Scene::render] entered | sky=0 atmo=0 layers=1
[Scene::render] submitting 18 commands
[Scene::render] entered | sky=0 atmo=0 layers=1
[Scene::render] submitting 18 commands
[Scene::render] entered | sky=0 atmo=0 layers=1
[Scene::render] submitting 18 commands
[Scene::render] entered | sky=0 atmo=0 layers=1
[Scene::render] submitting 18 commands
[Scene::render] entered | sky=0 atmo=0 layers=1
[Scene::render] submitting 18 commands
[Scene::render] entered | sky=0 atmo=0 layers=1
[Scene::render] submitting 18 commands
[Scene::render] entered | sky=0 atmo=0 layers=1
[Scene::render] submitting 18 commands
[Scene::render] entered | sky=0 atmo=0 layers=1
[Scene::render] submitting 18 commands
[Scene::render] entered | sky=0 atmo=0 layers=1
[Scene::render] submitting 18 commands
[Scene::render] entered | sky=0 atmo=0 layers=1
[Scene::render] submitting 18 commands
[Scene::render] entered | sky=0 atmo=0 layers=1
[Scene::render] submitting 18 commands
[Scene::render] entered | sky=0 atmo=0 layers=1
[Scene::render] submitting 18 commands
[Scene::render] entered | sky=0 atmo=0 layers=1
[Scene::render] submitting 18 commands
[Scene::render] entered | sky=0 atmo=0 layers=1
[Scene::render] submitting 18 commands
[Scene::render] entered | sky=0 atmo=0 layers=1
[Scene::render] submitting 18 commands
[Scene::render] entered | sky=0 atmo=0 layers=1
[Scene::render] submitting 18 commands
[Scene::render] entered | sky=0 atmo=0 layers=1
[Scene::render] submitting 18 commands
[Scene::render] entered | sky=0 atmo=0 layers=1
[Scene::render] submitting 18 commands
[Scene::render] entered | sky=0 atmo=0 layers=1
[Scene::render] submitting 18 commands
[Scene::render] entered | sky=0 atmo=0 layers=1
[Scene::render] submitting 18 commands
[Scene::render] entered | sky=0 atmo=0 layers=1
[Scene::render] submitting 18 commands
[Scene::render] entered | sky=0 atmo=0 layers=1
[Scene::render] submitting 18 commands
[Scene::render] entered | sky=0 atmo=0 layers=1
[Scene::render] submitting 18 commands
[Scene::render] entered | sky=0 atmo=0 layers=1
[Scene::render] submitting 18 commands
[Scene::render] entered | sky=0 atmo=0 layers=1
[Scene::render] submitting 18 commands
[Scene::render] entered | sky=0 atmo=0 layers=1
[Scene::render] submitting 18 commands
[Scene::render] entered | sky=0 atmo=0 layers=1
[Scene::render] submitting 18 commands
[Scene::render] entered | sky=0 atmo=0 layers=1
[Scene::render] submitting 18 commands
[Scene::render] entered | sky=0 atmo=0 layers=1
[Scene::render] submitting 18 commands
[MetalView] Frame 120 | draw=18 vis=35 cache=35 surf=18 lod=512 que=0 exact=18 missing=0 unsup=17 camAlt=24810
[Scene::render] entered | sky=0 atmo=0 layers=1
[Scene::render] submitting 18 commands
[Scene::render] entered | sky=0 atmo=0 layers=1
[Scene::render] submitting 18 commands
[Scene::render] entered | sky=0 atmo=0 layers=1
[Scene::render] submitting 18 commands
[Scene::render] entered | sky=0 atmo=0 layers=1
[Scene::render] submitting 18 commands
[Scene::render] entered | sky=0 atmo=0 layers=1
[Scene::render] submitting 18 commands
[Scene::render] entered | sky=0 atmo=0 layers=1
[Scene::render] submitting 18 commands
[Scene::render] entered | sky=0 atmo=0 layers=1
[Scene::render] submitting 18 commands
[Scene::render] entered | sky=0 atmo=0 layers=1
[Scene::render] submitting 18 commands
[Scene::render] entered | sky=0 atmo=0 layers=1
[Scene::render] submitting 18 commands
[Scene::render] entered | sky=0 atmo=0 layers=1
[Scene::render] submitting 18 commands
[Scene::render] entered | sky=0 atmo=0 layers=1
[Scene::render] submitting 18 commands
[Scene::render] entered | sky=0 atmo=0 layers=1
[Scene::render] submitting 18 commands
[Scene::render] entered | sky=0 atmo=0 layers=1
[Scene::render] submitting 18 commands
[Scene::render] entered | sky=0 atmo=0 layers=1
[Scene::render] submitting 18 commands
[Scene::render] entered | sky=0 atmo=0 layers=1
[Scene::render] submitting 18 commands
[Scene::render] entered | sky=0 atmo=0 layers=1
[Scene::render] submitting 18 commands
[Scene::render] entered | sky=0 atmo=0 layers=1
[Scene::render] submitting 18 commands
[Scene::render] entered | sky=0 atmo=0 layers=1
[Scene::render] submitting 18 commands
[Scene::render] entered | sky=0 atmo=0 layers=1
[Scene::render] submitting 18 commands
[Scene::render] entered | sky=0 atmo=0 layers=1
[Scene::render] submitting 18 commands
[Scene::render] entered | sky=0 atmo=0 layers=1
[Scene::render] submitting 18 commands
[Scene::render] entered | sky=0 atmo=0 layers=1
[Scene::render] submitting 18 commands
[Scene::render] entered | sky=0 atmo=0 layers=1
[Scene::render] submitting 18 commands
[Scene::render] entered | sky=0 atmo=0 layers=1
[Scene::render] submitting 18 commands
[Scene::render] entered | sky=0 atmo=0 layers=1
[Scene::render] submitting 18 commands
[Scene::render] entered | sky=0 atmo=0 layers=1
[Scene::render] submitting 18 commands
[Scene::render] entered | sky=0 atmo=0 layers=1
[Scene::render] submitting 18 commands
[Scene::render] entered | sky=0 atmo=0 layers=1
[Scene::render] submitting 18 commands
[Scene::render] entered | sky=0 atmo=0 layers=1
[Scene::render] submitting 18 commands
[Scene::render] entered | sky=0 atmo=0 layers=1
[Scene::render] submitting 18 commands
[Scene::render] entered | sky=0 atmo=0 layers=1
[Scene::render] submitting 18 commands
[Scene::render] entered | sky=0 atmo=0 layers=1
[Scene::render] submitting 18 commands
[Scene::render] entered | sky=0 atmo=0 layers=1
[Scene::render] submitting 18 commands
[Scene::render] entered | sky=0 atmo=0 layers=1
[Scene::render] submitting 18 commands
[Scene::render] entered | sky=0 atmo=0 layers=1
[Scene::render] submitting 18 commands
[Scene::render] entered | sky=0 atmo=0 layers=1
[Scene::render] submitting 18 commands
[Scene::render] entered | sky=0 atmo=0 layers=1
[Scene::render] submitting 18 commands
[Scene::render] entered | sky=0 atmo=0 layers=1
[Scene::render] submitting 18 commands
[Scene::render] entered | sky=0 atmo=0 layers=1
[Scene::render] submitting 18 commands
[Scene::render] entered | sky=0 atmo=0 layers=1
[Scene::render] submitting 18 commands
[Scene::render] entered | sky=0 atmo=0 layers=1
[Scene::render] submitting 18 commands
[Scene::render] entered | sky=0 atmo=0 layers=1
[Scene::render] submitting 18 commands
[Scene::render] entered | sky=0 atmo=0 layers=1
[Scene::render] submitting 18 commands
[Scene::render] entered | sky=0 atmo=0 layers=1
[Scene::render] submitting 18 commands
[Scene::render] entered | sky=0 atmo=0 layers=1
[Scene::render] submitting 18 commands
[Scene::render] entered | sky=0 atmo=0 layers=1
[Scene::render] submitting 18 commands
[Scene::render] entered | sky=0 atmo=0 layers=1
[Scene::render] submitting 18 commands
[Scene::render] entered | sky=0 atmo=0 layers=1
[Scene::render] submitting 18 commands
[Scene::render] entered | sky=0 atmo=0 layers=1
[Scene::render] submitting 18 commands
[Scene::render] entered | sky=0 atmo=0 layers=1
[Scene::render] submitting 18 commands
[Scene::render] entered | sky=0 atmo=0 layers=1
[Scene::render] submitting 18 commands
[Scene::render] entered | sky=0 atmo=0 layers=1
[Scene::render] submitting 18 commands
[Scene::render] entered | sky=0 atmo=0 layers=1
[Scene::render] submitting 18 commands
[Scene::render] entered | sky=0 atmo=0 layers=1
[Scene::render] submitting 18 commands
[Scene::render] entered | sky=0 atmo=0 layers=1
[Scene::render] submitting 18 commands
[Scene::render] entered | sky=0 atmo=0 layers=1
[Scene::render] submitting 18 commands
[Scene::render] entered | sky=0 atmo=0 layers=1
[Scene::render] submitting 18 commands
[Scene::render] entered | sky=0 atmo=0 layers=1
[Scene::render] submitting 18 commands
[Scene::render] entered | sky=0 atmo=0 layers=1
[Scene::render] submitting 18 commands
[Scene::render] entered | sky=0 atmo=0 layers=1
[Scene::render] submitting 18 commands
[MetalView] Frame 180 | draw=18 vis=35 cache=35 surf=18 lod=512 que=0 exact=18 missing=0 unsup=17 camAlt=24810
[Scene::render] entered | sky=0 atmo=0 layers=1
[Scene::render] submitting 18 commands
[Scene::render] entered | sky=0 atmo=0 layers=1
[Scene::render] submitting 18 commands
[Scene::render] entered | sky=0 atmo=0 layers=1
[Scene::render] submitting 18 commands
[Scene::render] entered | sky=0 atmo=0 layers=1
[Scene::render] submitting 18 commands
[Scene::render] entered | sky=0 atmo=0 layers=1
[Scene::render] submitting 18 commands
[Scene::render] entered | sky=0 atmo=0 layers=1
[Scene::render] submitting 18 commands
[Scene::render] entered | sky=0 atmo=0 layers=1
[Scene::render] submitting 18 commands
[Scene::render] entered | sky=0 atmo=0 layers=1
[Scene::render] submitting 18 commands
[Scene::render] entered | sky=0 atmo=0 layers=1
[Scene::render] submitting 18 commands
[Scene::render] entered | sky=0 atmo=0 layers=1
[Scene::render] submitting 18 commands
[Scene::render] entered | sky=0 atmo=0 layers=1
[Scene::render] submitting 18 commands
[Scene::render] entered | sky=0 atmo=0 layers=1
[Scene::render] submitting 18 commands
[Scene::render] entered | sky=0 atmo=0 layers=1
[Scene::render] submitting 18 commands
[Scene::render] entered | sky=0 atmo=0 layers=1
[Scene::render] submitting 18 commands
[Scene::render] entered | sky=0 atmo=0 layers=1
[Scene::render] submitting 18 commands
[Scene::render] entered | sky=0 atmo=0 layers=1
[Scene::render] submitting 18 commands
[Scene::render] entered | sky=0 atmo=0 layers=1
[Scene::render] submitting 18 commands
[Scene::render] entered | sky=0 atmo=0 layers=1
[Scene::render] submitting 18 commands
[Scene::render] entered | sky=0 atmo=0 layers=1
[Scene::render] submitting 18 commands
[Scene::render] entered | sky=0 atmo=0 layers=1
[Scene::render] submitting 18 commands
[Scene::render] entered | sky=0 atmo=0 layers=1
[Scene::render] submitting 18 commands
[Scene::render] entered | sky=0 atmo=0 layers=1
[Scene::render] submitting 18 commands
[Scene::render] entered | sky=0 atmo=0 layers=1
[Scene::render] submitting 18 commands
[Scene::render] entered | sky=0 atmo=0 layers=1
[Scene::render] submitting 18 commands
[Scene::render] entered | sky=0 atmo=0 layers=1
[Scene::render] submitting 18 commands
[Scene::render] entered | sky=0 atmo=0 layers=1
[Scene::render] submitting 18 commands
[Scene::render] entered | sky=0 atmo=0 layers=1
[Scene::render] submitting 18 commands
[Scene::render] entered | sky=0 atmo=0 layers=1
[Scene::render] submitting 18 commands
[Scene::render] entered | sky=0 atmo=0 layers=1
[Scene::render] submitting 18 commands
[Scene::render] entered | sky=0 atmo=0 layers=1
[Scene::render] submitting 18 commands
[Scene::render] entered | sky=0 atmo=0 layers=1
[Scene::render] submitting 18 commands
[Scene::render] entered | sky=0 atmo=0 layers=1
[Scene::render] submitting 18 commands
[Scene::render] entered | sky=0 atmo=0 layers=1
[Scene::render] submitting 18 commands
[Scene::render] entered | sky=0 atmo=0 layers=1
[Scene::render] submitting 18 commands
[Scene::render] entered | sky=0 atmo=0 layers=1
[Scene::render] submitting 18 commands
[Scene::render] entered | sky=0 atmo=0 layers=1
[Scene::render] submitting 18 commands
[Scene::render] entered | sky=0 atmo=0 layers=1
[Scene::render] submitting 18 commands
[Scene::render] entered | sky=0 atmo=0 layers=1
[Scene::render] submitting 18 commands
[Scene::render] entered | sky=0 atmo=0 layers=1
[Scene::render] submitting 18 commands
[Scene::render] entered | sky=0 atmo=0 layers=1
[Scene::render] submitting 18 commands
[Scene::render] entered | sky=0 atmo=0 layers=1
[Scene::render] submitting 18 commands
[Scene::render] entered | sky=0 atmo=0 layers=1
[Scene::render] submitting 18 commands
[Scene::render] entered | sky=0 atmo=0 layers=1
[Scene::render] submitting 18 commands
[Scene::render] entered | sky=0 atmo=0 layers=1
[Scene::render] submitting 18 commands
[Scene::render] entered | sky=0 atmo=0 layers=1
[Scene::render] submitting 18 commands
[Scene::render] entered | sky=0 atmo=0 layers=1
[Scene::render] submitting 18 commands
[Scene::render] entered | sky=0 atmo=0 layers=1
[Scene::render] submitting 18 commands
[Scene::render] entered | sky=0 atmo=0 layers=1
[Scene::render] submitting 18 commands
[Scene::render] entered | sky=0 atmo=0 layers=1
[Scene::render] submitting 18 commands
[Scene::render] entered | sky=0 atmo=0 layers=1
[Scene::render] submitting 18 commands
[Scene::render] entered | sky=0 atmo=0 layers=1
[Scene::render] submitting 18 commands
[Scene::render] entered | sky=0 atmo=0 layers=1
[Scene::render] submitting 18 commands
[Scene::render] entered | sky=0 atmo=0 layers=1
[Scene::render] submitting 18 commands
[Scene::render] entered | sky=0 atmo=0 layers=1
[Scene::render] submitting 18 commands
[Scene::render] entered | sky=0 atmo=0 layers=1
[Scene::render] submitting 18 commands
[Scene::render] entered | sky=0 atmo=0 layers=1
[Scene::render] submitting 18 commands
[Scene::render] entered | sky=0 atmo=0 layers=1
[Scene::render] submitting 18 commands
[Scene::render] entered | sky=0 atmo=0 layers=1
[Scene::render] submitting 18 commands
[Scene::render] entered | sky=0 atmo=0 layers=1
[Scene::render] submitting 18 commands
[Scene::render] entered | sky=0 atmo=0 layers=1
[Scene::render] submitting 18 commands
[MetalView] Frame 240 | draw=18 vis=35 cache=35 surf=18 lod=512 que=0 exact=18 missing=0 unsup=17 camAlt=24810
[Scene::render] entered | sky=0 atmo=0 layers=1
[Scene::render] submitting 18 commands
[Scene::render] entered | sky=0 atmo=0 layers=1
[Scene::render] submitting 18 commands
[Scene::render] entered | sky=0 atmo=0 layers=1
[Scene::render] submitting 18 commands
[Scene::render] entered | sky=0 atmo=0 layers=1
[Scene::render] submitting 18 commands
[Scene::render] entered | sky=0 atmo=0 layers=1
[Scene::render] submitting 18 commands
[Scene::render] entered | sky=0 atmo=0 layers=1
[Scene::render] submitting 18 commands
[Scene::render] entered | sky=0 atmo=0 layers=1
[Scene::render] submitting 18 commands
[Scene::render] entered | sky=0 atmo=0 layers=1
[Scene::render] submitting 18 commands
[Scene::render] entered | sky=0 atmo=0 layers=1
[Scene::render] submitting 18 commands
[Scene::render] entered | sky=0 atmo=0 layers=1
[Scene::render] submitting 18 commands
[Scene::render] entered | sky=0 atmo=0 layers=1
[Scene::render] submitting 18 commands
[Scene::render] entered | sky=0 atmo=0 layers=1
[Scene::render] submitting 18 commands
[Scene::render] entered | sky=0 atmo=0 layers=1
[Scene::render] submitting 18 commands
[Scene::render] entered | sky=0 atmo=0 layers=1
[Scene::render] submitting 18 commands
[Scene::render] entered | sky=0 atmo=0 layers=1
[Scene::render] submitting 18 commands
[Scene::render] entered | sky=0 atmo=0 layers=1
[Scene::render] submitting 18 commands
[Scene::render] entered | sky=0 atmo=0 layers=1
[Scene::render] submitting 18 commands
[Scene::render] entered | sky=0 atmo=0 layers=1
[Scene::render] submitting 18 commands
[Scene::render] entered | sky=0 atmo=0 layers=1
[Scene::render] submitting 18 commands
[Scene::render] entered | sky=0 atmo=0 layers=1
[Scene::render] submitting 18 commands
[Scene::render] entered | sky=0 atmo=0 layers=1
[Scene::render] submitting 18 commands
[Scene::render] entered | sky=0 atmo=0 layers=1
[Scene::render] submitting 18 commands
[Scene::render] entered | sky=0 atmo=0 layers=1
[Scene::render] submitting 18 commands
[Scene::render] entered | sky=0 atmo=0 layers=1
[Scene::render] submitting 18 commands
[Scene::render] entered | sky=0 atmo=0 layers=1
[Scene::render] submitting 18 commands
[Scene::render] entered | sky=0 atmo=0 layers=1
[Scene::render] submitting 18 commands
[Scene::render] entered | sky=0 atmo=0 layers=1
[Scene::render] submitting 18 commands
[Scene::render] entered | sky=0 atmo=0 layers=1
[Scene::render] submitting 18 commands
[Scene::render] entered | sky=0 atmo=0 layers=1
[Scene::render] submitting 18 commands
[Scene::render] entered | sky=0 atmo=0 layers=1
[Scene::render] submitting 18 commands
[Scene::render] entered | sky=0 atmo=0 layers=1
[Scene::render] submitting 18 commands
[Scene::render] entered | sky=0 atmo=0 layers=1
[Scene::render] submitting 18 commands
[Scene::render] entered | sky=0 atmo=0 layers=1
[Scene::render] submitting 18 commands
[Scene::render] entered | sky=0 atmo=0 layers=1
[Scene::render] submitting 18 commands
[Scene::render] entered | sky=0 atmo=0 layers=1
[Scene::render] submitting 18 commands
[Scene::render] entered | sky=0 atmo=0 layers=1
[Scene::render] submitting 18 commands
[Scene::render] entered | sky=0 atmo=0 layers=1
[Scene::render] submitting 18 commands
[Scene::render] entered | sky=0 atmo=0 layers=1
[Scene::render] submitting 18 commands
[Scene::render] entered | sky=0 atmo=0 layers=1
[Scene::render] submitting 18 commands
[Scene::render] entered | sky=0 atmo=0 layers=1
[Scene::render] submitting 18 commands
[Scene::render] entered | sky=0 atmo=0 layers=1
[Scene::render] submitting 18 commands
[Scene::render] entered | sky=0 atmo=0 layers=1
[Scene::render] submitting 18 commands
[Scene::render] entered | sky=0 atmo=0 layers=1
[Scene::render] submitting 18 commands
[Scene::render] entered | sky=0 atmo=0 layers=1
[Scene::render] submitting 18 commands
[Scene::render] entered | sky=0 atmo=0 layers=1
[Scene::render] submitting 18 commands
[Scene::render] entered | sky=0 atmo=0 layers=1
[Scene::render] submitting 18 commands
[Scene::render] entered | sky=0 atmo=0 layers=1
[Scene::render] submitting 18 commands
[Scene::render] entered | sky=0 atmo=0 layers=1
[Scene::render] submitting 18 commands
[Scene::render] entered | sky=0 atmo=0 layers=1
[Scene::render] submitting 18 commands
[Scene::render] entered | sky=0 atmo=0 layers=1
[Scene::render] submitting 18 commands
[Scene::render] entered | sky=0 atmo=0 layers=1
[Scene::render] submitting 18 commands
[Scene::render] entered | sky=0 atmo=0 layers=1
[Scene::render] submitting 18 commands
[Scene::render] entered | sky=0 atmo=0 layers=1
[Scene::render] submitting 18 commands
[Scene::render] entered | sky=0 atmo=0 layers=1
[Scene::render] submitting 18 commands
[Scene::render] entered | sky=0 atmo=0 layers=1
[Scene::render] submitting 18 commands
[Scene::render] entered | sky=0 atmo=0 layers=1
[Scene::render] submitting 18 commands
[Scene::render] entered | sky=0 atmo=0 layers=1
[Scene::render] submitting 18 commands
[Scene::render] entered | sky=0 atmo=0 layers=1
[Scene::render] submitting 18 commands
[Scene::render] entered | sky=0 atmo=0 layers=1
[Scene::render] submitting 18 commands
[Scene::render] entered | sky=0 atmo=0 layers=1
[Scene::render] submitting 18 commands
[MetalView] Frame 300 | draw=18 vis=35 cache=35 surf=18 lod=512 que=0 exact=18 missing=0 unsup=17 camAlt=24810
[Scene::render] entered | sky=0 atmo=0 layers=1
[Scene::render] submitting 18 commands
[Scene::render] entered | sky=0 atmo=0 layers=1
[Scene::render] submitting 18 commands
[Scene::render] entered | sky=0 atmo=0 layers=1
[Scene::render] submitting 18 commands
[Scene::render] entered | sky=0 atmo=0 layers=1
[Scene::render] submitting 18 commands
[Scene::render] entered | sky=0 atmo=0 layers=1
[Scene::render] submitting 18 commands
[Scene::render] entered | sky=0 atmo=0 layers=1
[Scene::render] submitting 18 commands
[Scene::render] entered | sky=0 atmo=0 layers=1
[Scene::render] submitting 18 commands
[Scene::render] entered | sky=0 atmo=0 layers=1
[Scene::render] submitting 18 commands
[Scene::render] entered | sky=0 atmo=0 layers=1
[Scene::render] submitting 18 commands
[Scene::render] entered | sky=0 atmo=0 layers=1
[Scene::render] submitting 18 commands
[Scene::render] entered | sky=0 atmo=0 layers=1
[Scene::render] submitting 18 commands
[Scene::render] entered | sky=0 atmo=0 layers=1
[Scene::render] submitting 18 commands
[Scene::render] entered | sky=0 atmo=0 layers=1
[Scene::render] submitting 18 commands
[Scene::render] entered | sky=0 atmo=0 layers=1
[Scene::render] submitting 18 commands
[Scene::render] entered | sky=0 atmo=0 layers=1
[Scene::render] submitting 18 commands
[Scene::render] entered | sky=0 atmo=0 layers=1
[Scene::render] submitting 18 commands
[Scene::render] entered | sky=0 atmo=0 layers=1
[Scene::render] submitting 18 commands
[Scene::render] entered | sky=0 atmo=0 layers=1
[Scene::render] submitting 18 commands
[Scene::render] entered | sky=0 atmo=0 layers=1
[Scene::render] submitting 18 commands
[Scene::render] entered | sky=0 atmo=0 layers=1
[Scene::render] submitting 18 commands
[Scene::render] entered | sky=0 atmo=0 layers=1
[Scene::render] submitting 18 commands
[Scene::render] entered | sky=0 atmo=0 layers=1
[Scene::render] submitting 18 commands
[Scene::render] entered | sky=0 atmo=0 layers=1
[Scene::render] submitting 18 commands
[Scene::render] entered | sky=0 atmo=0 layers=1
[Scene::render] submitting 18 commands
[Scene::render] entered | sky=0 atmo=0 layers=1
[Scene::render] submitting 18 commands
[Scene::render] entered | sky=0 atmo=0 layers=1
[Scene::render] submitting 18 commands
[Scene::render] entered | sky=0 atmo=0 layers=1
[Scene::render] submitting 18 commands
[Scene::render] entered | sky=0 atmo=0 layers=1
[Scene::render] submitting 18 commands
[Scene::render] entered | sky=0 atmo=0 layers=1
[Scene::render] submitting 18 commands
[Scene::render] entered | sky=0 atmo=0 layers=1
[Scene::render] submitting 18 commands
[Scene::render] entered | sky=0 atmo=0 layers=1
[Scene::render] submitting 18 commands
[Scene::render] entered | sky=0 atmo=0 layers=1
[Scene::render] submitting 18 commands
[Scene::render] entered | sky=0 atmo=0 layers=1
[Scene::render] submitting 18 commands
[Scene::render] entered | sky=0 atmo=0 layers=1
[Scene::render] submitting 18 commands
[Scene::render] entered | sky=0 atmo=0 layers=1
[Scene::render] submitting 18 commands
[Scene::render] entered | sky=0 atmo=0 layers=1
[Scene::render] submitting 18 commands
[Scene::render] entered | sky=0 atmo=0 layers=1
[Scene::render] submitting 18 commands
[Scene::render] entered | sky=0 atmo=0 layers=1
[Scene::render] submitting 18 commands
[Scene::render] entered | sky=0 atmo=0 layers=1
[Scene::render] submitting 18 commands
[Scene::render] entered | sky=0 atmo=0 layers=1
[Scene::render] submitting 18 commands
[Scene::render] entered | sky=0 atmo=0 layers=1
[Scene::render] submitting 18 commands
[Scene::render] entered | sky=0 atmo=0 layers=1
[Scene::render] submitting 18 commands
[Scene::render] entered | sky=0 atmo=0 layers=1
[Scene::render] submitting 18 commands
[Scene::render] entered | sky=0 atmo=0 layers=1
[Scene::render] submitting 18 commands
[Scene::render] entered | sky=0 atmo=0 layers=1
[Scene::render] submitting 18 commands
[Scene::render] entered | sky=0 atmo=0 layers=1
[Scene::render] submitting 18 commands
[Scene::render] entered | sky=0 atmo=0 layers=1
[Scene::render] submitting 18 commands
[Scene::render] entered | sky=0 atmo=0 layers=1
[Scene::render] submitting 18 commands
[Scene::render] entered | sky=0 atmo=0 layers=1
[Scene::render] submitting 18 commands
[Scene::render] entered | sky=0 atmo=0 layers=1
[Scene::render] submitting 18 commands
[Scene::render] entered | sky=0 atmo=0 layers=1
[Scene::render] submitting 18 commands
[Scene::render] entered | sky=0 atmo=0 layers=1
[Scene::render] submitting 18 commands
[Scene::render] entered | sky=0 atmo=0 layers=1
[Scene::render] submitting 18 commands
[Scene::render] entered | sky=0 atmo=0 layers=1
[Scene::render] submitting 18 commands
[Scene::render] entered | sky=0 atmo=0 layers=1
[Scene::render] submitting 18 commands
[Scene::render] entered | sky=0 atmo=0 layers=1
[Scene::render] submitting 18 commands
[Scene::render] entered | sky=0 atmo=0 layers=1
[Scene::render] submitting 18 commands
[Scene::render] entered | sky=0 atmo=0 layers=1
[Scene::render] submitting 18 commands
[Scene::render] entered | sky=0 atmo=0 layers=1
[Scene::render] submitting 18 commands
[Scene::render] entered | sky=0 atmo=0 layers=1
[Scene::render] submitting 18 commands
[MetalView] Frame 360 | draw=18 vis=35 cache=35 surf=18 lod=512 que=0 exact=18 missing=0 unsup=17 camAlt=24810
[Scene::render] entered | sky=0 atmo=0 layers=1
[Scene::render] submitting 18 commands
[Scene::render] entered | sky=0 atmo=0 layers=1
[Scene::render] submitting 18 commands
[Scene::render] entered | sky=0 atmo=0 layers=1
[Scene::render] submitting 18 commands
[Scene::render] entered | sky=0 atmo=0 layers=1
[Scene::render] submitting 18 commands
[Scene::render] entered | sky=0 atmo=0 layers=1
[Scene::render] submitting 18 commands
[Scene::render] entered | sky=0 atmo=0 layers=1
[Scene::render] submitting 18 commands
[Scene::render] entered | sky=0 atmo=0 layers=1
[Scene::render] submitting 18 commands
[Scene::render] entered | sky=0 atmo=0 layers=1
[Scene::render] submitting 18 commands
[Scene::render] entered | sky=0 atmo=0 layers=1
[Scene::render] submitting 18 commands
[Scene::render] entered | sky=0 atmo=0 layers=1
[Scene::render] submitting 18 commands
[Scene::render] entered | sky=0 atmo=0 layers=1
[Scene::render] submitting 18 commands
[Scene::render] entered | sky=0 atmo=0 layers=1
[Scene::render] submitting 18 commands
[Scene::render] entered | sky=0 atmo=0 layers=1
[Scene::render] submitting 18 commands
[Scene::render] entered | sky=0 atmo=0 layers=1
[Scene::render] submitting 18 commands
[Scene::render] entered | sky=0 atmo=0 layers=1
[Scene::render] submitting 18 commands
[Scene::render] entered | sky=0 atmo=0 layers=1
[Scene::render] submitting 18 commands
[Scene::render] entered | sky=0 atmo=0 layers=1
[Scene::render] submitting 18 commands
[Scene::render] entered | sky=0 atmo=0 layers=1
[Scene::render] submitting 18 commands
[Scene::render] entered | sky=0 atmo=0 layers=1
[Scene::render] submitting 18 commands
[Scene::render] entered | sky=0 atmo=0 layers=1
[Scene::render] submitting 18 commands
[Scene::render] entered | sky=0 atmo=0 layers=1
[Scene::render] submitting 18 commands
[Scene::render] entered | sky=0 atmo=0 layers=1
[Scene::render] submitting 18 commands
[Scene::render] entered | sky=0 atmo=0 layers=1
[Scene::render] submitting 18 commands
[Scene::render] entered | sky=0 atmo=0 layers=1
[Scene::render] submitting 18 commands
[Scene::render] entered | sky=0 atmo=0 layers=1
[Scene::render] submitting 18 commands
[Scene::render] entered | sky=0 atmo=0 layers=1
[Scene::render] submitting 18 commands
[Scene::render] entered | sky=0 atmo=0 layers=1
[Scene::render] submitting 18 commands
[Scene::render] entered | sky=0 atmo=0 layers=1
[Scene::render] submitting 18 commands
[Scene::render] entered | sky=0 atmo=0 layers=1
[Scene::render] submitting 18 commands
[Scene::render] entered | sky=0 atmo=0 layers=1
[Scene::render] submitting 18 commands
[Scene::render] entered | sky=0 atmo=0 layers=1
[Scene::render] submitting 18 commands
[Scene::render] entered | sky=0 atmo=0 layers=1
[Scene::render] submitting 18 commands
[Scene::render] entered | sky=0 atmo=0 layers=1
[Scene::render] submitting 18 commands
[Scene::render] entered | sky=0 atmo=0 layers=1
[Scene::render] submitting 18 commands
[Scene::render] entered | sky=0 atmo=0 layers=1
[Scene::render] submitting 18 commands
[Scene::render] entered | sky=0 atmo=0 layers=1
[Scene::render] submitting 18 commands
[Scene::render] entered | sky=0 atmo=0 layers=1
[Scene::render] submitting 18 commands
[Scene::render] entered | sky=0 atmo=0 layers=1
[Scene::render] submitting 18 commands
[Scene::render] entered | sky=0 atmo=0 layers=1
[Scene::render] submitting 18 commands
[Scene::render] entered | sky=0 atmo=0 layers=1
[Scene::render] submitting 18 commands
[Scene::render] entered | sky=0 atmo=0 layers=1
[Scene::render] submitting 18 commands
[Scene::render] entered | sky=0 atmo=0 layers=1
[Scene::render] submitting 18 commands
[Scene::render] entered | sky=0 atmo=0 layers=1
[Scene::render] submitting 18 commands
[Scene::render] entered | sky=0 atmo=0 layers=1
[Scene::render] submitting 18 commands
[Scene::render] entered | sky=0 atmo=0 layers=1
[Scene::render] submitting 18 commands
[Scene::render] entered | sky=0 atmo=0 layers=1
[Scene::render] submitting 18 commands
[Scene::render] entered | sky=0 atmo=0 layers=1
[Scene::render] submitting 18 commands
[Scene::render] entered | sky=0 atmo=0 layers=1
[Scene::render] submitting 18 commands
[Scene::render] entered | sky=0 atmo=0 layers=1
[Scene::render] submitting 18 commands
[Scene::render] entered | sky=0 atmo=0 layers=1
[Scene::render] submitting 18 commands
[Scene::render] entered | sky=0 atmo=0 layers=1
[Scene::render] submitting 18 commands
[Scene::render] entered | sky=0 atmo=0 layers=1
[Scene::render] submitting 18 commands
[Scene::render] entered | sky=0 atmo=0 layers=1
[Scene::render] submitting 18 commands
[Scene::render] entered | sky=0 atmo=0 layers=1
[Scene::render] submitting 18 commands
[Scene::render] entered | sky=0 atmo=0 layers=1
[Scene::render] submitting 18 commands
[Scene::render] entered | sky=0 atmo=0 layers=1
[Scene::render] submitting 18 commands
[Scene::render] entered | sky=0 atmo=0 layers=1
[Scene::render] submitting 18 commands
[Scene::render] entered | sky=0 atmo=0 layers=1
[Scene::render] submitting 18 commands
[Scene::render] entered | sky=0 atmo=0 layers=1
[Scene::render] submitting 18 commands
[Scene::render] entered | sky=0 atmo=0 layers=1
[Scene::render] submitting 18 commands
[MetalView] Frame 420 | draw=18 vis=35 cache=35 surf=18 lod=512 que=0 exact=18 missing=0 unsup=17 camAlt=24810
[Scene::render] entered | sky=0 atmo=0 layers=1
[Scene::render] submitting 18 commands
[Scene::render] entered | sky=0 atmo=0 layers=1
[Scene::render] submitting 18 commands
[Scene::render] entered | sky=0 atmo=0 layers=1
[Scene::render] submitting 18 commands
[Scene::render] entered | sky=0 atmo=0 layers=1
[Scene::render] submitting 18 commands
[Scene::render] entered | sky=0 atmo=0 layers=1
[Scene::render] submitting 18 commands
[Scene::render] entered | sky=0 atmo=0 layers=1
[Scene::render] submitting 18 commands
[Scene::render] entered | sky=0 atmo=0 layers=1
[Scene::render] submitting 18 commands
[Scene::render] entered | sky=0 atmo=0 layers=1
[Scene::render] submitting 18 commands
[Scene::render] entered | sky=0 atmo=0 layers=1
[Scene::render] submitting 18 commands
[Scene::render] entered | sky=0 atmo=0 layers=1
[Scene::render] submitting 18 commands
[Scene::render] entered | sky=0 atmo=0 layers=1
[Scene::render] submitting 18 commands
[Scene::render] entered | sky=0 atmo=0 layers=1
[Scene::render] submitting 18 commands
[Scene::render] entered | sky=0 atmo=0 layers=1
[Scene::render] submitting 18 commands
[Scene::render] entered | sky=0 atmo=0 layers=1
[Scene::render] submitting 18 commands
[Scene::render] entered | sky=0 atmo=0 layers=1
[Scene::render] submitting 18 commands
[Scene::render] entered | sky=0 atmo=0 layers=1
[Scene::render] submitting 18 commands
[Scene::render] entered | sky=0 atmo=0 layers=1
[Scene::render] submitting 18 commands
[Scene::render] entered | sky=0 atmo=0 layers=1
[Scene::render] submitting 18 commands
[Scene::render] entered | sky=0 atmo=0 layers=1
[Scene::render] submitting 18 commands
[Scene::render] entered | sky=0 atmo=0 layers=1
[Scene::render] submitting 18 commands
[Scene::render] entered | sky=0 atmo=0 layers=1
[Scene::render] submitting 18 commands
[Scene::render] entered | sky=0 atmo=0 layers=1
[Scene::render] submitting 18 commands
[Scene::render] entered | sky=0 atmo=0 layers=1
[Scene::render] submitting 18 commands
[Scene::render] entered | sky=0 atmo=0 layers=1
[Scene::render] submitting 18 commands
[Scene::render] entered | sky=0 atmo=0 layers=1
[Scene::render] submitting 18 commands
[Scene::render] entered | sky=0 atmo=0 layers=1
[Scene::render] submitting 18 commands
