06-11 21:26:32.405 I/MinimalGlobe(12935): Perf frame=420 total=13.16 advance=0.00 nativeRender=12.07 clear=0.00 swap=1.09 | engine begin=0.11 update=8.64 render=3.22 end=0.10 | scene layer=7.71 terrain=0.92 plan=1.07 apply=6.61 upload=0.00/0 load=0.00 | cmds surface=1.97 vector=0.00 debug=0.00 mvp=0.28 diag=0.34 submit=0.34 | draw=64 surf=62 fps=60.0
06-11 21:26:33.405 I/MinimalGlobe(12935): Perf frame=480 total=12.87 advance=0.00 nativeRender=11.81 clear=0.00 swap=1.05 | engine begin=0.10 update=8.48 render=3.13 end=0.10 | scene layer=7.48 terrain=0.98 plan=1.06 apply=6.39 upload=0.00/0 load=0.00 | cmds surface=1.87 vector=0.00 debug=0.00 mvp=0.28 diag=0.33 submit=0.35 | draw=64 surf=62 fps=60.1
06-11 21:26:34.407 I/MinimalGlobe(12935): Perf frame=540 total=13.98 advance=0.00 nativeRender=12.82 clear=0.00 swap=1.15 | engine begin=0.09 update=9.25 render=3.28 end=0.19 | scene layer=7.94 terrain=1.30 plan=1.14 apply=6.77 upload=0.00/0 load=0.00 | cmds surface=1.88 vector=0.00 debug=0.00 mvp=0.28 diag=0.29 submit=0.55 | draw=64 surf=62 fps=60.1
06-11 21:26:34.494 I/MinimalGlobe(12935): Debug high tilt view | slope=0.093 ellAlt=25282.3
06-11 21:26:34.530 I/MinimalGlobe(12935): Perf frame=546 total=35.33 advance=0.00 nativeRender=33.97 clear=0.00 swap=1.34 | engine begin=0.17 update=12.12 render=20.72 end=0.96 | scene layer=9.74 terrain=2.36 plan=1.44 apply=6.81 upload=0.00/0 load=1.44 | cmds surface=19.82 vector=0.00 debug=0.00 mvp=0.21 diag=0.21 submit=0.26 | draw=50 surf=48 fps=59.6
06-11 21:26:34.548 I/BasemapLayer(12935): Tile uploaded: 3/2/1 256x256
06-11 21:26:34.549 I/BasemapLayer(12935): Tile uploaded: 3/4/0 256x256
06-11 21:26:34.557 I/BasemapLayer(12935): Tile uploaded: 3/2/0 256x256
06-11 21:26:34.564 I/MinimalGlobe(12935): Perf frame=547 total=20.89 advance=0.00 nativeRender=19.64 clear=0.00 swap=1.24 | engine begin=0.19 update=16.99 render=2.29 end=0.17 | scene layer=15.89 terrain=1.07 plan=0.95 apply=14.51 upload=1.56/3 load=0.38 | cmds surface=1.37 vector=0.00 debug=0.00 mvp=0.20 diag=0.19 submit=0.30 | draw=50 surf=48 fps=55.7
06-11 21:26:34.581 I/BasemapLayer(12935): Tile uploaded: 3/3/0 256x256
06-11 21:26:34.581 I/BasemapLayer(12935): Tile uploaded: 3/3/2 256x256
06-11 21:26:34.587 I/BasemapLayer(12935): Tile uploaded: 3/3/0 256x256
06-11 21:26:34.587 I/BasemapLayer(12935): Tile uploaded: 3/1/1 256x256
06-11 21:26:34.614 I/BasemapLayer(12935): Tile uploaded: 3/1/0 256x256
06-11 21:26:34.615 I/BasemapLayer(12935): Tile uploaded: 3/5/0 256x256
06-11 21:26:34.622 I/BasemapLayer(12935): Tile uploaded: 3/2/1 256x256
06-11 21:26:34.622 I/BasemapLayer(12935): Tile uploaded: 3/0/0 256x256
06-11 21:26:34.631 I/MinimalGlobe(12935): Perf frame=549 total=21.02 advance=0.00 nativeRender=19.81 clear=0.00 swap=1.20 | engine begin=0.21 update=17.14 render=2.29 end=0.16 | scene layer=16.09 terrain=1.02 plan=0.82 apply=14.81 upload=1.34/4 load=0.40 | cmds surface=1.36 vector=0.00 debug=0.00 mvp=0.18 diag=0.23 submit=0.31 | draw=50 surf=48 fps=50.8
06-11 21:26:34.649 I/BasemapLayer(12935): Tile uploaded: 3/0/1 256x256
06-11 21:26:34.649 I/BasemapLayer(12935): Tile uploaded: 3/4/1 256x256
06-11 21:26:34.657 I/BasemapLayer(12935): Tile uploaded: 3/0/1 256x256
06-11 21:26:34.657 I/BasemapLayer(12935): Tile uploaded: 3/3/2 256x256
06-11 21:26:34.667 I/MinimalGlobe(12935): Perf frame=550 total=23.43 advance=0.00 nativeRender=22.18 clear=0.00 swap=1.23 | engine begin=0.21 update=19.44 render=2.36 end=0.17 | scene layer=18.30 terrain=1.11 plan=1.00 apply=16.82 upload=1.62/4 load=0.41 | cmds surface=1.33 vector=0.00 debug=0.00 mvp=0.20 diag=0.21 submit=0.39 | draw=50 surf=48 fps=48.7
06-11 21:26:34.682 I/BasemapLayer(12935): Tile uploaded: 3/0/0 256x256
06-11 21:26:34.683 I/BasemapLayer(12935): Tile uploaded: 3/2/0 256x256
06-11 21:26:34.691 I/BasemapLayer(12935): Tile uploaded: 3/4/1 256x256
06-11 21:26:34.691 I/BasemapLayer(12935): Tile uploaded: 3/4/0 256x256
06-11 21:26:34.702 I/MinimalGlobe(12935): Perf frame=551 total=24.88 advance=0.00 nativeRender=23.37 clear=0.00 swap=1.49 | engine begin=0.25 update=19.89 render=3.06 end=0.17 | scene layer=18.74 terrain=1.11 plan=1.02 apply=17.17 upload=1.70/4 load=0.44 | cmds surface=2.05 vector=0.00 debug=0.00 mvp=0.22 diag=0.22 submit=0.34 | draw=52 surf=50 fps=46.8
06-11 21:26:34.715 I/BasemapLayer(12935): Tile uploaded: 3/1/1 256x256
06-11 21:26:34.716 I/BasemapLayer(12935): Tile uploaded: 3/3/1 256x256
06-11 21:26:34.723 I/BasemapLayer(12935): Tile uploaded: 3/1/0 256x256
06-11 21:26:34.723 I/BasemapLayer(12935): Tile uploaded: 3/5/0 256x256
06-11 21:26:34.732 I/MinimalGlobe(12935): Perf frame=552 total=22.34 advance=0.00 nativeRender=21.15 clear=0.00 swap=1.17 | engine begin=0.21 update=18.53 render=2.26 end=0.15 | scene layer=17.45 terrain=1.04 plan=0.99 apply=15.97 upload=1.27/4 load=0.43 | cmds surface=1.39 vector=0.00 debug=0.00 mvp=0.20 diag=0.18 submit=0.28 | draw=52 surf=50 fps=45.2
06-11 21:26:34.748 I/BasemapLayer(12935): Tile uploaded: 3/3/2 256x256
06-11 21:26:34.748 I/BasemapLayer(12935): Tile uploaded: 3/2/1 256x256
06-11 21:26:34.755 I/BasemapLayer(12935): Tile uploaded: 3/1/1 256x256
06-11 21:26:34.756 I/BasemapLayer(12935): Tile uploaded: 3/3/1 256x256
06-11 21:26:34.767 I/MinimalGlobe(12935): Perf frame=553 total=23.27 advance=0.00 nativeRender=22.17 clear=0.00 swap=1.09 | engine begin=0.21 update=17.32 render=4.51 end=0.14 | scene layer=16.23 terrain=1.05 plan=0.79 apply=15.00 upload=1.28/4 load=0.36 | cmds surface=3.44 vector=0.00 debug=0.00 mvp=0.24 diag=0.24 submit=0.39 | draw=63 surf=61 fps=43.6
06-11 21:26:34.782 I/BasemapLayer(12935): Tile uploaded: 3/4/0 256x256
06-11 21:26:34.783 I/BasemapLayer(12935): Tile uploaded: 3/5/0 256x256
06-11 21:26:34.791 I/BasemapLayer(12935): Tile uploaded: 3/2/0 256x256
06-11 21:26:34.791 I/BasemapLayer(12935): Tile uploaded: 3/3/0 256x256
06-11 21:26:34.801 I/MinimalGlobe(12935): Perf frame=554 total=24.75 advance=0.00 nativeRender=23.32 clear=0.00 swap=1.41 | engine begin=0.22 update=19.65 render=3.31 end=0.14 | scene layer=18.57 terrain=1.04 plan=0.87 apply=17.19 upload=1.39/4 load=0.39 | cmds surface=2.27 vector=0.00 debug=0.00 mvp=0.25 diag=0.25 submit=0.29 | draw=66 surf=64 fps=42.3
06-11 21:26:34.816 I/BasemapLayer(12935): Tile uploaded: 3/3/0 256x256
06-11 21:26:34.816 I/BasemapLayer(12935): Tile uploaded: 3/1/0 256x256
06-11 21:26:34.824 I/BasemapLayer(12935): Tile uploaded: 3/0/0 256x256
06-11 21:26:34.824 I/BasemapLayer(12935): Tile uploaded: 3/2/1 256x256
06-11 21:26:34.834 I/MinimalGlobe(12935): Perf frame=555 total=23.67 advance=0.00 nativeRender=22.20 clear=0.00 swap=1.45 | engine begin=0.22 update=19.06 render=2.79 end=0.13 | scene layer=17.98 terrain=1.04 plan=1.00 apply=16.51 upload=1.23/4 load=0.40 | cmds surface=1.63 vector=0.00 debug=0.00 mvp=0.25 diag=0.26 submit=0.38 | draw=66 surf=64 fps=41.0
06-11 21:26:34.849 I/BasemapLayer(12935): Tile uploaded: 3/0/1 256x256
06-11 21:26:34.850 I/BasemapLayer(12935): Tile uploaded: 3/4/1 256x256
06-11 21:26:34.858 I/BasemapLayer(12935): Tile uploaded: 3/3/2 256x256
06-11 21:26:34.858 I/BasemapLayer(12935): Tile uploaded: 3/0/1 256x256
06-11 21:26:34.867 I/MinimalGlobe(12935): Perf frame=556 total=23.98 advance=0.01 nativeRender=22.81 clear=0.00 swap=1.15 | engine begin=0.27 update=19.55 render=2.82 end=0.16 | scene layer=18.51 terrain=1.00 plan=0.97 apply=17.02 upload=1.22/4 load=0.45 | cmds surface=1.62 vector=0.00 debug=0.00 mvp=0.32 diag=0.26 submit=0.36 | draw=66 surf=64 fps=39.9
06-11 21:26:35.416 I/BasemapLayer(12935): Tile uploaded: 5/26/10 256x256
06-11 21:26:35.416 I/BasemapLayer(12935): Tile uploaded: 5/24/10 256x256
06-11 21:26:35.424 I/BasemapLayer(12935): Tile uploaded: 4/13/4 256x256
06-11 21:26:35.425 I/BasemapLayer(12935): Tile uploaded: 5/26/10 256x256
06-11 21:26:35.437 I/MinimalGlobe(12935): Perf frame=573 total=27.06 advance=0.00 nativeRender=25.87 clear=0.00 swap=1.18 | engine begin=0.14 update=20.21 render=5.37 end=0.15 | scene layer=19.12 terrain=1.07 plan=0.73 apply=17.82 upload=1.34/4 load=0.52 | cmds surface=3.80 vector=0.00 debug=0.00 mvp=0.34 diag=0.40 submit=0.50 | draw=85 surf=83 fps=31.7
06-11 21:26:35.450 I/BasemapLayer(12935): Tile uploaded: 5/25/10 256x256
06-11 21:26:35.450 I/BasemapLayer(12935): Tile uploaded: 5/26/11 256x256
06-11 21:26:35.460 I/BasemapLayer(12935): Tile uploaded: 5/26/11 256x256
06-11 21:26:35.460 I/BasemapLayer(12935): Tile uploaded: 5/25/10 256x256
06-11 21:26:35.471 I/MinimalGlobe(12935): Perf frame=574 total=28.14 advance=0.00 nativeRender=26.95 clear=0.00 swap=1.17 | engine begin=0.18 update=22.11 render=4.49 end=0.17 | scene layer=20.87 terrain=1.22 plan=0.82 apply=19.58 upload=1.44/4 load=0.41 | cmds surface=2.81 vector=0.00 debug=0.00 mvp=0.35 diag=0.46 submit=0.52 | draw=86 surf=84 fps=31.5
06-11 21:26:35.483 I/BasemapLayer(12935): Tile uploaded: 7/100/50 256x256
06-11 21:26:35.484 I/BasemapLayer(12935): Tile uploaded: 5/24/11 256x256
06-11 21:26:35.487 I/BasemapLayer(12935): ApplyPerf layer=xyz-1590851704117573850 total=9.82 rebuild=5.24 uploadCall=4.56 uploadInner=0.76/2 visible=54 desired=54 render=43 cache=66
06-11 21:26:35.495 I/BasemapLayer(12935): Tile uploaded: 5/24/11 256x256
06-11 21:26:35.495 I/BasemapLayer(12935): Tile uploaded: 5/24/10 256x256
06-11 21:26:35.507 I/MinimalGlobe(12935): Perf frame=575 total=30.32 advance=0.00 nativeRender=28.77 clear=0.00 swap=1.49 | engine begin=0.14 update=23.69 render=4.69 end=0.23 | scene layer=22.62 terrain=1.05 plan=0.92 apply=21.20 upload=1.62/4 load=0.44 | cmds surface=3.17 vector=0.00 debug=0.00 mvp=0.34 diag=0.37 submit=0.47 | draw=88 surf=86 fps=31.4
06-11 21:26:35.516 I/BasemapLayer(12935): Tile uploaded: 7/101/50 256x256
06-11 21:26:35.516 I/BasemapLayer(12935): Tile uploaded: 4/11/4 256x256
06-11 21:26:35.525 I/BasemapLayer(12935): Tile uploaded: 7/100/50 256x256
06-11 21:26:35.525 I/BasemapLayer(12935): Tile uploaded: 7/101/50 256x256
06-11 21:26:35.537 I/MinimalGlobe(12935): Perf frame=576 total=27.47 advance=0.00 nativeRender=26.04 clear=0.00 swap=1.42 | engine begin=0.16 update=20.17 render=5.54 end=0.18 | scene layer=18.96 terrain=1.18 plan=0.77 apply=17.75 upload=1.23/4 load=0.39 | cmds surface=3.83 vector=0.00 debug=0.00 mvp=0.36 diag=0.39 submit=0.59 | draw=92 surf=90 fps=31.2
06-11 21:26:35.552 I/BasemapLayer(12935): Tile uploaded: 4/12/4 256x256
06-11 21:26:35.552 I/BasemapLayer(12935): Tile uploaded: 4/13/4 256x256
06-11 21:26:35.562 I/BasemapLayer(12935): Tile uploaded: 4/11/4 256x256
06-11 21:26:35.562 I/BasemapLayer(12935): Tile uploaded: 8/202/102 256x256
06-11 21:26:35.575 I/MinimalGlobe(12935): Perf frame=577 total=31.04 advance=0.00 nativeRender=29.81 clear=0.00 swap=1.22 | engine begin=0.17 update=23.71 render=5.69 end=0.23 | scene layer=22.67 terrain=1.01 plan=0.90 apply=21.34 upload=1.39/4 load=0.38 | cmds surface=3.95 vector=0.00 debug=0.00 mvp=0.35 diag=0.40 submit=0.60 | draw=94 surf=92 fps=31.1
06-11 21:26:35.584 I/BasemapLayer(12935): Tile uploaded: 8/202/102 256x256
06-11 21:26:35.585 I/BasemapLayer(12935): Tile uploaded: 5/26/10 256x256
06-11 21:26:35.595 I/BasemapLayer(12935): Tile uploaded: 4/12/4 256x256
06-11 21:26:35.595 I/BasemapLayer(12935): Tile uploaded: 4/13/4 256x256
06-11 21:26:35.607 I/MinimalGlobe(12935): Perf frame=578 total=29.97 advance=0.00 nativeRender=28.83 clear=0.00 swap=1.13 | engine begin=0.17 update=23.99 render=4.50 end=0.16 | scene layer=22.86 terrain=1.10 plan=1.02 apply=21.36 upload=1.17/4 load=0.42 | cmds surface=2.65 vector=0.00 debug=0.00 mvp=0.39 diag=0.42 submit=0.58 | draw=94 surf=92 fps=31.0
06-11 21:26:35.618 I/BasemapLayer(12935): Tile uploaded: 4/14/3 256x256
06-11 21:26:35.619 I/BasemapLayer(12935): Tile uploaded: 5/24/10 256x256
06-11 21:26:35.630 I/BasemapLayer(12935): Tile uploaded: 4/14/3 256x256
06-11 21:26:35.631 I/BasemapLayer(12935): Tile uploaded: 5/26/10 256x256
06-11 21:26:35.642 I/MinimalGlobe(12935): Perf frame=579 total=32.65 advance=0.00 nativeRender=31.28 clear=0.00 swap=1.36 | engine begin=0.15 update=26.40 render=4.48 end=0.25 | scene layer=25.22 terrain=1.16 plan=0.97 apply=23.74 upload=1.51/4 load=0.45 | cmds surface=2.69 vector=0.00 debug=0.00 mvp=0.37 diag=0.42 submit=0.62 | draw=94 surf=92 fps=30.9
06-11 21:26:35.668 I/BasemapLayer(12935): Tile uploaded: 5/26/11 256x256
06-11 21:26:35.668 I/BasemapLayer(12935): Tile uploaded: 5/25/10 256x256
06-11 21:26:35.679 I/BasemapLayer(12935): Tile uploaded: 5/26/11 256x256
06-11 21:26:35.680 I/BasemapLayer(12935): Tile uploaded: 5/25/10 256x256
06-11 21:26:35.690 I/MinimalGlobe(12935): Perf frame=580 total=29.57 advance=0.00 nativeRender=28.43 clear=0.00 swap=1.13 | engine begin=0.24 update=24.23 render=3.84 end=0.13 | scene layer=23.29 terrain=0.91 plan=1.08 apply=21.52 upload=1.22/4 load=0.62 | cmds surface=2.46 vector=0.00 debug=0.00 mvp=0.34 diag=0.35 submit=0.39 | draw=94 surf=92 fps=29.8
06-11 21:26:35.702 I/BasemapLayer(12935): Tile uploaded: 5/24/11 256x256
06-11 21:26:35.702 I/BasemapLayer(12935): Tile uploaded: 7/100/50 256x256
06-11 21:26:35.712 I/BasemapLayer(12935): Tile uploaded: 5/24/10 256x256
06-11 21:26:35.712 I/BasemapLayer(12935): Tile uploaded: 5/24/11 256x256
06-11 21:26:35.722 I/MinimalGlobe(12935): Perf frame=581 total=28.71 advance=0.00 nativeRender=27.47 clear=0.00 swap=1.22 | engine begin=0.14 update=23.24 render=3.95 end=0.14 | scene layer=22.29 terrain=0.93 plan=0.93 apply=20.94 upload=1.42/4 load=0.37 | cmds surface=2.53 vector=0.00 debug=0.00 mvp=0.37 diag=0.36 submit=0.39 | draw=94 surf=92 fps=29.8
06-11 21:26:35.734 I/BasemapLayer(12935): Tile uploaded: 8/203/102 256x256
06-11 21:26:35.735 I/BasemapLayer(12935): Tile uploaded: 7/101/50 256x256
06-11 21:26:35.744 I/BasemapLayer(12935): Tile uploaded: 7/101/50 256x256
06-11 21:26:35.745 I/BasemapLayer(12935): Tile uploaded: 7/100/50 256x256
06-11 21:26:35.755 I/MinimalGlobe(12935): Perf frame=582 total=28.81 advance=0.00 nativeRender=27.68 clear=0.00 swap=1.12 | engine begin=0.21 update=23.40 render=3.93 end=0.14 | scene layer=22.24 terrain=1.14 plan=0.92 apply=20.86 upload=1.29/4 load=0.40 | cmds surface=2.47 vector=0.00 debug=0.00 mvp=0.36 diag=0.41 submit=0.38 | draw=94 surf=92 fps=29.9
06-11 21:26:35.767 I/BasemapLayer(12935): Tile uploaded: 8/203/103 256x256
06-11 21:26:35.767 I/BasemapLayer(12935): Tile uploaded: 8/202/103 256x256
06-11 21:26:35.776 I/BasemapLayer(12935): RebuildPerf layer=xyz-6726892386683222704 total=5.75 reset=0.01 target=0.08 renderRefs=0.72 ancestor=0.05 kicking=0.29 evict=4.59 visible=54 candidates=54 desired=54 render=46
06-11 21:26:35.776 I/BasemapLayer(12935): Tile uploaded: 8/203/102 256x256
06-11 21:26:35.777 I/BasemapLayer(12935): Tile uploaded: 8/203/103 256x256
06-11 21:26:35.788 I/MinimalGlobe(12935): Perf frame=583 total=28.30 advance=0.00 nativeRender=27.06 clear=0.00 swap=1.23 | engine begin=0.13 update=22.28 render=4.47 end=0.18 | scene layer=21.25 terrain=1.01 plan=0.95 apply=19.81 upload=1.08/4 load=0.44 | cmds surface=2.53 vector=0.00 debug=0.00 mvp=0.45 diag=0.41 submit=0.66 | draw=94 surf=92 fps=29.9
06-11 21:26:35.801 I/BasemapLayer(12935): Tile uploaded: 7/102/51 256x256
06-11 21:26:35.801 I/BasemapLayer(12935): Tile uploaded: 8/203/104 256x256
06-11 21:26:35.811 I/BasemapLayer(12935): Tile uploaded: 8/202/102 256x256
06-11 21:26:35.811 I/BasemapLayer(12935): Tile uploaded: 8/202/103 256x256
06-11 21:26:35.824 I/MinimalGlobe(12935): Perf frame=584 total=30.89 advance=0.00 nativeRender=29.55 clear=0.00 swap=1.32 | engine begin=0.22 update=23.25 render=5.91 end=0.17 | scene layer=22.20 terrain=1.03 plan=0.96 apply=20.73 upload=1.69/4 load=0.43 | cmds surface=4.08 vector=0.00 debug=0.00 mvp=0.44 diag=0.42 submit=0.61 | draw=97 surf=95 fps=29.9
06-11 21:26:35.835 I/BasemapLayer(12935): Tile uploaded: 7/102/50 256x256
06-11 21:26:35.835 I/BasemapLayer(12935): Tile uploaded: 8/202/102 256x256
06-11 21:26:35.846 I/BasemapLayer(12935): Tile uploaded: 7/102/51 256x256
06-11 21:26:35.846 I/BasemapLayer(12935): Tile uploaded: 7/102/50 256x256
06-11 21:26:35.859 I/MinimalGlobe(12935): Perf frame=585 total=32.70 advance=0.00 nativeRender=31.46 clear=0.00 swap=1.22 | engine begin=0.14 update=24.62 render=6.54 end=0.16 | scene layer=23.58 terrain=1.02 plan=0.92 apply=22.19 upload=1.42/4 load=0.41 | cmds surface=4.66 vector=0.00 debug=0.00 mvp=0.38 diag=0.43 submit=0.71 | draw=100 surf=98 fps=29.9
06-11 21:26:35.886 I/BasemapLayer(12935): Tile uploaded: 9/407/210 256x256
06-11 21:26:35.887 I/BasemapLayer(12935): Tile uploaded: 9/406/210 256x256
06-11 21:26:35.899 I/BasemapLayer(12935): Tile uploaded: 8/203/104 256x256
06-11 21:26:35.900 I/BasemapLayer(12935): Tile uploaded: 9/406/210 256x256
06-11 21:26:35.914 I/MinimalGlobe(12935): Perf frame=586 total=37.07 advance=0.01 nativeRender=35.60 clear=0.00 swap=1.45 | engine begin=0.39 update=28.27 render=6.78 end=0.16 | scene layer=26.98 terrain=1.25 plan=1.01 apply=25.31 upload=1.69/4 load=0.57 | cmds surface=4.85 vector=0.00 debug=0.00 mvp=0.42 diag=0.46 submit=0.65 | draw=102 surf=100 fps=28.9
06-11 21:26:35.937 I/BasemapLayer(12935): Tile uploaded: 10/815/422 256x256
06-11 21:26:35.938 I/BasemapLayer(12935): Tile uploaded: 10/814/422 256x256
06-11 21:26:36.415 I/MinimalGlobe(12935): Perf frame=596 total=37.95 advance=0.01 nativeRender=36.78 clear=0.00 swap=1.15 | engine begin=0.28 update=28.64 render=7.71 end=0.16 | scene layer=27.43 terrain=1.17 plan=0.99 apply=25.88 upload=1.69/4 load=0.47 | cmds surface=5.21 vector=0.00 debug=0.00 mvp=0.45 diag=0.48 submit=1.05 | draw=110 surf=108 fps=23.1
06-11 21:26:36.437 I/BasemapLayer(12935): Tile uploaded: 8/204/104 256x256
06-11 21:26:36.438 I/BasemapLayer(12935): Tile uploaded: 11/1629/850 256x256
06-11 21:26:36.451 I/BasemapLayer(12935): Tile uploaded: 10/815/423 256x256
06-11 21:26:36.451 I/BasemapLayer(12935): Tile uploaded: 11/1629/850 256x256
06-11 21:26:36.465 I/MinimalGlobe(12935): Perf frame=597 total=38.29 advance=0.00 nativeRender=37.06 clear=0.00 swap=1.22 | engine begin=0.21 update=29.14 render=7.55 end=0.16 | scene layer=27.98 terrain=1.13 plan=0.99 apply=26.91 upload=1.86/4 load=0.00 | cmds surface=5.46 vector=0.00 debug=0.00 mvp=0.46 diag=0.49 submit=0.71 | draw=110 surf=108 fps=22.8
06-11 21:26:36.488 I/BasemapLayer(12935): Tile uploaded: 9/408/210 256x256
06-11 21:26:36.488 I/BasemapLayer(12935): Tile uploaded: 2/1/3 256x256
06-11 21:26:36.500 I/BasemapLayer(12935): RebuildPerf layer=xyz-6726892386683222704 total=7.57 reset=0.02 target=0.10 renderRefs=0.68 ancestor=0.07 kicking=0.15 evict=6.53 visible=54 candidates=54 desired=54 render=54
06-11 21:26:36.500 I/BasemapLayer(12935): Tile uploaded: 8/204/104 256x256
06-11 21:26:36.501 I/BasemapLayer(12935): Tile uploaded: 9/408/210 256x256
06-11 21:26:36.512 I/MinimalGlobe(12935): Perf frame=598 total=34.30 advance=0.00 nativeRender=33.12 clear=0.00 swap=1.16 | engine begin=0.27 update=28.10 render=4.61 end=0.15 | scene layer=26.98 terrain=1.10 plan=1.47 apply=25.42 upload=1.30/4 load=0.00 | cmds surface=2.91 vector=0.00 debug=0.00 mvp=0.47 diag=0.42 submit=0.44 | draw=110 surf=108 fps=22.5
06-11 21:26:36.546 I/BasemapLayer(12935): Tile uploaded: 2/1/3 256x256
06-11 21:26:36.555 I/MinimalGlobe(12935): Perf frame=599 total=28.16 advance=0.01 nativeRender=26.97 clear=0.00 swap=1.18 | engine begin=0.24 update=21.37 render=5.15 end=0.20 | scene layer=20.27 terrain=1.06 plan=1.43 apply=18.76 upload=0.61/1 load=0.00 | cmds surface=3.09 vector=0.00 debug=0.00 mvp=0.41 diag=0.46 submit=0.77 | draw=110 surf=108 fps=22.2
06-11 21:26:36.586 I/MinimalGlobe(12935): Perf frame=600 total=25.50 advance=0.00 nativeRender=24.25 clear=0.00 swap=1.23 | engine begin=0.17 update=18.85 render=5.12 end=0.12 | scene layer=17.72 terrain=1.11 plan=0.96 apply=16.70 upload=0.01/0 load=0.00 | cmds surface=3.13 vector=0.00 debug=0.00 mvp=0.44 diag=0.49 submit=0.62 | draw=110 surf=108 fps=23.1
06-11 21:26:36.586 I/MinimalGlobe(12935): Frame 600 | tiles vis=108 cached=168 renderSurface=108 mesh=108 (terr=0 ellip=108 ready=0 terrParent=0 terrTrans=0) attach=108 exact=108 parent=0 stale=0 missingGen=0 | missing=0 unsupported=0 kicked=0 retained=0 visZ=2-11 targetZ=2-11 texZ=2-11 lod=280 eq=0 qRender=108 qWalk=100 qFrustum=196 qFade=0 qBal=0 qHz=0 qEq2=0 grp=108/0/0 gen=2 | sun=(0.03,0.93,0.36) | FPS=23.1 draw=110
06-11 21:26:36.619 I/MinimalGlobe(12935): Perf frame=601 total=25.84 advance=0.00 nativeRender=24.85 clear=0.00 swap=0.98 | engine begin=0.18 update=19.22 render=5.27 end=0.18 | scene layer=18.10 terrain=1.09 plan=0.99 apply=17.05 upload=0.01/0 load=0.00 | cmds surface=3.03 vector=0.00 debug=0.00 mvp=0.43 diag=0.58 submit=0.76 | draw=110 surf=108 fps=23.8
06-11 21:26:36.650 I/MinimalGlobe(12935): Perf frame=602 total=23.23 advance=0.00 nativeRender=22.30 clear=0.00 swap=0.92 | engine begin=0.17 update=17.38 render=4.60 end=0.15 | scene layer=16.34 terrain=1.02 plan=0.97 apply=15.32 upload=0.01/0 load=0.00 | cmds surface=2.89 vector=0.00 debug=0.00 mvp=0.43 diag=0.42 submit=0.51 | draw=110 surf=108 fps=24.4
06-11 21:26:36.683 I/MinimalGlobe(12935): Perf frame=603 total=22.92 advance=0.00 nativeRender=21.96 clear=0.00 swap=0.96 | engine begin=0.15 update=17.26 render=4.41 end=0.13 | scene layer=16.13 terrain=1.12 plan=1.00 apply=15.08 upload=0.01/0 load=0.00 | cmds surface=2.79 vector=0.00 debug=0.00 mvp=0.44 diag=0.42 submit=0.41 | draw=110 surf=108 fps=24.9
06-11 21:26:36.717 I/MinimalGlobe(12935): Perf frame=604 total=22.79 advance=0.00 nativeRender=21.94 clear=0.00 swap=0.85 | engine begin=0.19 update=17.19 render=4.42 end=0.14 | scene layer=16.17 terrain=1.00 plan=0.94 apply=15.14 upload=0.01/0 load=0.00 | cmds surface=2.86 vector=0.00 debug=0.00 mvp=0.40 diag=0.42 submit=0.39 | draw=110 surf=108 fps=25.4
06-11 21:26:36.736 I/BasemapLayer(12935): ApplyPerf layer=xyz-1590851704117573850 total=7.60 rebuild=7.58 uploadCall=0.01 uploadInner=0.00/0 visible=54 desired=54 render=54 cache=84
06-11 21:26:36.750 I/MinimalGlobe(12935): Perf frame=605 total=23.69 advance=0.00 nativeRender=22.63 clear=0.00 swap=1.05 | engine begin=0.15 update=17.22 render=5.00 end=0.25 | scene layer=16.20 terrain=1.01 plan=0.91 apply=15.23 upload=0.01/0 load=0.00 | cmds surface=2.84 vector=0.00 debug=0.00 mvp=0.40 diag=0.56 submit=0.69 | draw=110 surf=108 fps=25.9
06-11 21:26:36.784 I/MinimalGlobe(12935): Perf frame=606 total=23.18 advance=0.00 nativeRender=22.29 clear=0.00 swap=0.87 | engine begin=0.22 update=17.32 render=4.60 end=0.15 | scene layer=16.30 terrain=1.00 plan=0.95 apply=15.27 upload=0.01/0 load=0.00 | cmds surface=2.65 vector=0.00 debug=0.00 mvp=0.43 diag=0.48 submit=0.66 | draw=110 surf=108 fps=26.3
06-11 21:26:36.819 I/MinimalGlobe(12935): Perf frame=607 total=25.40 advance=0.00 nativeRender=24.57 clear=0.00 swap=0.82 | engine begin=0.19 update=19.02 render=5.20 end=0.15 | scene layer=17.95 terrain=1.06 plan=0.96 apply=16.94 upload=0.01/0 load=0.00 | cmds surface=3.15 vector=0.00 debug=0.00 mvp=0.43 diag=0.49 submit=0.73 | draw=110 surf=108 fps=26.7
06-11 21:26:36.854 I/MinimalGlobe(12935): Perf frame=608 total=27.11 advance=0.00 nativeRender=25.93 clear=0.00 swap=1.17 | engine begin=0.19 update=20.41 render=5.14 end=0.18 | scene layer=19.28 terrain=1.11 plan=1.27 apply=17.95 upload=0.01/0 load=0.00 | cmds surface=3.06 vector=0.00 debug=0.00 mvp=0.43 diag=0.49 submit=0.74 | draw=110 surf=108 fps=27.0
06-11 21:26:36.886 I/MinimalGlobe(12935): Perf frame=609 total=25.99 advance=0.00 nativeRender=24.76 clear=0.00 swap=1.22 | engine begin=0.14 update=19.27 render=5.20 end=0.15 | scene layer=18.17 terrain=1.08 plan=0.99 apply=17.13 upload=0.01/0 load=0.00 | cmds surface=3.12 vector=0.00 debug=0.00 mvp=0.45 diag=0.52 submit=0.70 | draw=110 surf=108 fps=27.3
06-11 21:26:36.919 I/MinimalGlobe(12935): Perf frame=610 total=25.79 advance=0.00 nativeRender=24.69 clear=0.00 swap=1.09 | engine begin=0.17 update=19.08 render=5.22 end=0.21 | scene layer=17.95 terrain=1.11 plan=0.97 apply=16.92 upload=0.01/0 load=0.00 | cmds surface=3.03 vector=0.00 debug=0.00 mvp=0.43 diag=0.49 submit=0.83 | draw=110 surf=108 fps=27.6
06-11 21:26:36.951 I/MinimalGlobe(12935): Perf frame=611 total=24.53 advance=0.00 nativeRender=23.49 clear=0.00 swap=1.02 | engine begin=0.19 update=18.51 render=4.63 end=0.16 | scene layer=17.41 terrain=1.07 plan=1.39 apply=15.96 upload=0.01/0 load=0.00 | cmds surface=2.80 vector=0.00 debug=0.00 mvp=0.41 diag=0.50 submit=0.57 | draw=110 surf=108 fps=27.8
06-11 21:26:36.983 I/MinimalGlobe(12935): Perf frame=612 total=23.08 advance=0.00 nativeRender=22.07 clear=0.00 swap=0.99 | engine begin=0.20 update=17.23 render=4.49 end=0.15 | scene layer=16.18 terrain=1.03 plan=0.98 apply=15.13 upload=0.01/0 load=0.00 | cmds surface=2.77 vector=0.00 debug=0.00 mvp=0.49 diag=0.45 submit=0.44 | draw=110 surf=108 fps=28.0
06-11 21:26:37.010 I/BasemapLayer(12935): RebuildPerf layer=xyz-6726892386683222704 total=7.50 reset=0.01 target=0.09 renderRefs=0.56 ancestor=0.06 kicking=0.14 evict=6.62 visible=54 candidates=54 desired=54 render=54
06-11 21:26:37.017 I/MinimalGlobe(12935): Perf frame=613 total=23.06 advance=0.00 nativeRender=22.09 clear=0.00 swap=0.95 | engine begin=0.19 update=17.27 render=4.49 end=0.15 | scene layer=16.20 terrain=1.03 plan=0.96 apply=15.15 upload=0.01/0 load=0.00 | cmds surface=2.90 vector=0.00 debug=0.00 mvp=0.40 diag=0.42 submit=0.40 | draw=110 surf=108 fps=28.2
06-11 21:26:37.054 I/MinimalGlobe(12935): Perf frame=614 total=27.44 advance=0.00 nativeRender=26.21 clear=0.00 swap=1.22 | engine begin=0.16 update=20.91 render=4.95 end=0.19 | scene layer=19.83 terrain=1.05 plan=0.94 apply=18.84 upload=0.01/0 load=0.00 | cmds surface=2.93 vector=0.00 debug=0.00 mvp=0.42 diag=0.47 submit=0.72 | draw=110 surf=108 fps=28.4
06-11 21:26:37.086 I/MinimalGlobe(12935): Perf frame=615 total=26.30 advance=0.00 nativeRender=25.30 clear=0.00 swap=0.99 | engine begin=0.19 update=19.66 render=5.28 end=0.16 | scene layer=18.51 terrain=1.13 plan=1.30 apply=17.15 upload=0.01/0 load=0.00 | cmds surface=3.09 vector=0.00 debug=0.00 mvp=0.44 diag=0.49 submit=0.71 | draw=110 surf=108 fps=28.6
06-11 21:26:37.120 I/MinimalGlobe(12935): Perf frame=616 total=26.10 advance=0.01 nativeRender=24.66 clear=0.00 swap=1.42 | engine begin=0.22 update=19.24 render=5.03 end=0.17 | scene layer=18.02 terrain=1.19 plan=0.99 apply=16.96 upload=0.01/0 load=0.00 | cmds surface=3.01 vector=0.00 debug=0.00 mvp=0.44 diag=0.57 submit=0.58 | draw=110 surf=108 fps=28.7
06-11 21:26:37.150 I/MinimalGlobe(12935): Perf frame=617 total=23.62 advance=0.01 nativeRender=22.82 clear=0.00 swap=0.78 | engine begin=0.20 update=18.60 render=3.91 end=0.11 | scene layer=17.56 terrain=1.00 plan=1.44 apply=16.05 upload=0.01/0 load=0.00 | cmds surface=2.44 vector=0.00 debug=0.00 mvp=0.35 diag=0.36 submit=0.46 | draw=110 surf=108 fps=28.8
06-11 21:26:37.234 I/BasemapLayer(12935): ApplyPerf layer=xyz-1590851704117573850 total=6.50 rebuild=6.48 uploadCall=0.01 uploadInner=0.00/0 visible=54 desired=54 render=54 cache=84
06-11 21:26:37.507 I/BasemapLayer(12935): RebuildPerf layer=xyz-6726892386683222704 total=6.38 reset=0.01 target=0.08 renderRefs=0.48 ancestor=0.05 kicking=0.12 evict=5.62 visible=54 candidates=54 desired=54 render=54
06-11 21:26:37.514 I/MinimalGlobe(12935): Perf frame=628 total=20.15 advance=0.00 nativeRender=18.78 clear=0.00 swap=1.36 | engine begin=0.12 update=14.73 render=3.81 end=0.11 | scene layer=13.82 terrain=0.89 plan=0.80 apply=12.97 upload=0.01/0 load=0.00 | cmds surface=2.50 vector=0.00 debug=0.00 mvp=0.35 diag=0.35 submit=0.31 | draw=110 surf=108 fps=29.6
06-11 21:26:37.681 I/MinimalGlobe(12935): Perf frame=633 total=20.33 advance=0.00 nativeRender=19.34 clear=0.00 swap=0.97 | engine begin=0.15 update=14.84 render=4.22 end=0.13 | scene layer=13.95 terrain=0.87 plan=0.96 apply=12.94 upload=0.00/0 load=0.00 | cmds surface=2.70 vector=0.00 debug=0.00 mvp=0.40 diag=0.41 submit=0.36 | draw=110 surf=108 fps=29.8
06-11 21:26:37.717 I/MinimalGlobe(12935): Perf frame=634 total=22.98 advance=0.00 nativeRender=21.89 clear=0.00 swap=1.07 | engine begin=0.16 update=17.23 render=4.38 end=0.13 | scene layer=16.19 terrain=1.01 plan=0.94 apply=15.19 upload=0.01/0 load=0.00 | cmds surface=2.83 vector=0.00 debug=0.00 mvp=0.40 diag=0.41 submit=0.38 | draw=110 surf=108 fps=29.8
06-11 21:26:37.736 I/BasemapLayer(12935): ApplyPerf layer=xyz-1590851704117573850 total=7.73 rebuild=7.71 uploadCall=0.01 uploadInner=0.00/0 visible=54 desired=54 render=54 cache=84
06-11 21:26:37.752 I/MinimalGlobe(12935): Perf frame=635 total=24.65 advance=0.00 nativeRender=23.42 clear=0.00 swap=1.22 | engine begin=0.16 update=18.12 render=4.98 end=0.15 | scene layer=16.94 terrain=1.14 plan=0.96 apply=15.93 upload=0.01/0 load=0.00 | cmds surface=2.82 vector=0.00 debug=0.00 mvp=0.42 diag=0.47 submit=0.86 | draw=110 surf=108 fps=29.8
06-11 21:26:37.786 I/MinimalGlobe(12935): Perf frame=636 total=25.73 advance=0.00 nativeRender=24.37 clear=0.00 swap=1.35 | engine begin=0.24 update=18.73 render=5.21 end=0.19 | scene layer=17.65 terrain=1.05 plan=1.50 apply=16.07 upload=0.01/0 load=0.00 | cmds surface=3.04 vector=0.00 debug=0.00 mvp=0.44 diag=0.55 submit=0.76 | draw=110 surf=108 fps=29.8
06-11 21:26:37.820 I/MinimalGlobe(12935): Perf frame=637 total=26.00 advance=0.00 nativeRender=25.00 clear=0.00 swap=0.99 | engine begin=0.18 update=19.62 render=5.04 end=0.17 | scene layer=18.34 terrain=1.26 plan=1.35 apply=16.94 upload=0.01/0 load=0.00 | cmds surface=2.94 vector=0.00 debug=0.00 mvp=0.47 diag=0.49 submit=0.72 | draw=110 surf=108 fps=29.8
06-11 21:26:37.850 I/MinimalGlobe(12935): Perf frame=638 total=23.31 advance=0.00 nativeRender=21.84 clear=0.00 swap=1.46 | engine begin=0.18 update=17.15 render=4.42 end=0.09 | scene layer=16.25 terrain=0.88 plan=1.42 apply=14.78 upload=0.01/0 load=0.00 | cmds surface=2.78 vector=0.00 debug=0.00 mvp=0.40 diag=0.41 submit=0.48 | draw=110 surf=108 fps=29.9
06-11 21:26:37.883 I/MinimalGlobe(12935): Perf frame=639 total=22.53 advance=0.00 nativeRender=21.57 clear=0.00 swap=0.95 | engine begin=0.15 update=17.04 render=4.30 end=0.08 | scene layer=15.98 terrain=1.04 plan=0.94 apply=14.98 upload=0.00/0 load=0.00 | cmds surface=2.76 vector=0.00 debug=0.00 mvp=0.40 diag=0.46 submit=0.34 | draw=110 surf=108 fps=29.9
06-11 21:26:37.918 I/MinimalGlobe(12935): Perf frame=640 total=24.22 advance=0.00 nativeRender=22.79 clear=0.00 swap=1.42 | engine begin=0.16 update=17.57 render=4.92 end=0.15 | scene layer=16.54 terrain=1.02 plan=0.90 apply=15.59 upload=0.01/0 load=0.00 | cmds surface=2.87 vector=0.00 debug=0.00 mvp=0.41 diag=0.47 submit=0.76 | draw=110 surf=108 fps=29.9
06-11 21:26:37.952 I/MinimalGlobe(12935): Perf frame=641 total=24.74 advance=0.00 nativeRender=23.67 clear=0.00 swap=1.06 | engine begin=0.18 update=18.63 render=4.75 end=0.11 | scene layer=17.58 terrain=1.03 plan=1.32 apply=16.21 upload=0.00/0 load=0.00 | cmds surface=2.78 vector=0.00 debug=0.00 mvp=0.51 diag=0.47 submit=0.60 | draw=110 surf=108 fps=29.9
06-11 21:26:37.982 I/MinimalGlobe(12935): Perf frame=642 total=22.28 advance=0.00 nativeRender=21.04 clear=0.00 swap=1.23 | engine begin=0.12 update=16.63 render=4.20 end=0.09 | scene layer=15.67 terrain=0.94 plan=0.98 apply=14.66 upload=0.00/0 load=0.00 | cmds surface=2.63 vector=0.00 debug=0.00 mvp=0.38 diag=0.39 submit=0.33 | draw=110 surf=108 fps=29.9
06-11 21:26:38.010 I/BasemapLayer(12935): RebuildPerf layer=xyz-6726892386683222704 total=7.49 reset=0.01 target=0.09 renderRefs=0.57 ancestor=0.06 kicking=0.13 evict=6.59 visible=54 candidates=54 desired=54 render=54
06-11 21:26:38.017 I/MinimalGlobe(12935): Perf frame=643 total=22.75 advance=0.00 nativeRender=21.62 clear=0.00 swap=1.13 | engine begin=0.15 update=17.08 render=4.30 end=0.08 | scene layer=16.09 terrain=0.98 plan=0.90 apply=15.15 upload=0.00/0 load=0.00 | cmds surface=2.83 vector=0.00 debug=0.00 mvp=0.40 diag=0.42 submit=0.31 | draw=110 surf=108 fps=29.9
06-11 21:26:38.050 I/MinimalGlobe(12935): Perf frame=644 total=23.14 advance=0.00 nativeRender=22.12 clear=0.00 swap=1.01 | engine begin=0.13 update=17.24 render=4.60 end=0.15 | scene layer=16.23 terrain=0.99 plan=0.91 apply=15.28 upload=0.00/0 load=0.00 | cmds surface=2.85 vector=0.00 debug=0.00 mvp=0.41 diag=0.47 submit=0.48 | draw=110 surf=108 fps=29.9
06-11 21:26:38.083 I/MinimalGlobe(12935): Perf frame=645 total=23.49 advance=0.00 nativeRender=22.18 clear=0.00 swap=1.31 | engine begin=0.11 update=17.37 render=4.57 end=0.13 | scene layer=16.26 terrain=1.09 plan=0.85 apply=15.38 upload=0.01/0 load=0.00 | cmds surface=2.66 vector=0.00 debug=0.00 mvp=0.39 diag=0.50 submit=0.63 | draw=110 surf=108 fps=30.0
06-11 21:26:38.118 I/MinimalGlobe(12935): Perf frame=646 total=23.68 advance=0.00 nativeRender=22.33 clear=0.00 swap=1.34 | engine begin=0.18 update=17.40 render=4.61 end=0.14 | scene layer=16.40 terrain=0.98 plan=0.92 apply=15.43 upload=0.00/0 load=0.00 | cmds surface=2.78 vector=0.00 debug=0.00 mvp=0.40 diag=0.46 submit=0.57 | draw=110 surf=108 fps=29.9
06-11 21:26:38.152 I/MinimalGlobe(12935): Perf frame=647 total=24.79 advance=0.00 nativeRender=24.06 clear=0.00 swap=0.73 | engine begin=0.17 update=18.92 render=4.84 end=0.12 | scene layer=17.87 terrain=1.04 plan=0.96 apply=16.86 upload=0.00/0 load=0.00 | cmds surface=3.02 vector=0.00 debug=0.00 mvp=0.43 diag=0.56 submit=0.42 | draw=110 surf=108 fps=29.9
06-11 21:26:38.183 I/MinimalGlobe(12935): Perf frame=648 total=22.49 advance=0.00 nativeRender=21.50 clear=0.00 swap=0.98 | engine begin=0.12 update=17.00 render=4.30 end=0.08 | scene layer=15.98 terrain=1.01 plan=0.95 apply=14.99 upload=0.00/0 load=0.00 | cmds surface=2.75 vector=0.00 debug=0.00 mvp=0.40 diag=0.50 submit=0.30 | draw=110 surf=108 fps=30.0
06-11 21:26:38.217 I/MinimalGlobe(12935): Perf frame=649 total=22.63 advance=0.00 nativeRender=21.62 clear=0.00 swap=1.00 | engine begin=0.15 update=17.09 render=4.30 end=0.08 | scene layer=16.10 terrain=0.97 plan=0.94 apply=15.13 upload=0.00/0 load=0.00 | cmds surface=2.83 vector=0.00 debug=0.00 mvp=0.40 diag=0.41 submit=0.31 | draw=110 surf=108 fps=29.9
06-11 21:26:38.236 I/BasemapLayer(12935): ApplyPerf layer=xyz-1590851704117573850 total=7.51 rebuild=7.49 uploadCall=0.01 uploadInner=0.00/0 visible=54 desired=54 render=54 cache=84
06-11 21:26:38.250 I/MinimalGlobe(12935): Perf frame=650 total=23.13 advance=0.00 nativeRender=22.27 clear=0.00 swap=0.85 | engine begin=0.14 update=17.08 render=4.90 end=0.14 | scene layer=16.07 terrain=0.99 plan=0.91 apply=15.11 upload=0.00/0 load=0.00 | cmds surface=2.97 vector=0.00 debug=0.00 mvp=0.41 diag=0.47 submit=0.62 | draw=110 surf=108 fps=30.0
06-11 21:26:38.286 I/MinimalGlobe(12935): Perf frame=651 total=25.23 advance=0.00 nativeRender=23.87 clear=0.00 swap=1.35 | engine begin=0.15 update=18.66 render=4.90 end=0.16 | scene layer=17.63 terrain=1.01 plan=1.41 apply=16.17 upload=0.00/0 load=0.00 | cmds surface=2.89 vector=0.00 debug=0.00 mvp=0.42 diag=0.47 submit=0.71 | draw=110 surf=108 fps=30.0
06-11 21:26:38.315 I/MinimalGlobe(12935): Perf frame=652 total=21.66 advance=0.00 nativeRender=20.81 clear=0.00 swap=0.83 | engine begin=0.13 update=16.49 render=4.09 end=0.10 | scene layer=15.54 terrain=0.93 plan=0.93 apply=14.58 upload=0.01/0 load=0.00 | cmds surface=2.65 vector=0.00 debug=0.00 mvp=0.38 diag=0.39 submit=0.34 | draw=110 surf=108 fps=30.0
06-11 21:26:38.350 I/MinimalGlobe(12935): Perf frame=653 total=22.95 advance=0.00 nativeRender=22.01 clear=0.00 swap=0.92 | engine begin=0.16 update=17.28 render=4.45 end=0.13 | scene layer=16.25 terrain=1.01 plan=0.92 apply=15.29 upload=0.01/0 load=0.00 | cmds surface=2.82 vector=0.00 debug=0.00 mvp=0.41 diag=0.41 submit=0.36 | draw=110 surf=108 fps=30.0
06-11 21:26:38.384 I/MinimalGlobe(12935): Perf frame=654 total=23.98 advance=0.00 nativeRender=22.79 clear=0.00 swap=1.18 | engine begin=0.20 update=17.62 render=4.85 end=0.12 | scene layer=16.58 terrain=1.00 plan=0.97 apply=15.55 upload=0.01/0 load=0.00 | cmds surface=2.90 vector=0.00 debug=0.00 mvp=0.41 diag=0.47 submit=0.67 | draw=110 surf=108 fps=30.0
06-11 21:26:38.418 I/MinimalGlobe(12935): Perf frame=655 total=23.55 advance=0.00 nativeRender=22.28 clear=0.00 swap=1.27 | engine begin=0.21 update=17.30 render=4.66 end=0.11 | scene layer=16.31 terrain=0.96 plan=0.88 apply=15.37 upload=0.00/0 load=0.00 | cmds surface=2.88 vector=0.00 debug=0.00 mvp=0.39 diag=0.44 submit=0.56 | draw=110 surf=108 fps=30.0
06-11 21:26:38.451 I/MinimalGlobe(12935): Perf frame=656 total=23.50 advance=0.00 nativeRender=22.42 clear=0.00 swap=1.07 | engine begin=0.22 update=17.62 render=4.46 end=0.12 | scene layer=16.53 terrain=1.06 plan=0.90 apply=15.58 upload=0.01/0 load=0.00 | cmds surface=2.67 vector=0.00 debug=0.00 mvp=0.40 diag=0.44 submit=0.57 | draw=110 surf=108 fps=30.0
06-11 21:26:38.485 I/MinimalGlobe(12935): Perf frame=657 total=24.54 advance=0.00 nativeRender=23.60 clear=0.00 swap=0.92 | engine begin=0.15 update=19.16 render=4.16 end=0.13 | scene layer=18.20 terrain=0.95 plan=1.42 apply=16.73 upload=0.00/0 load=0.00 | cmds surface=2.69 vector=0.00 debug=0.00 mvp=0.38 diag=0.39 submit=0.36 | draw=110 surf=108 fps=30.0
06-11 21:26:38.510 I/BasemapLayer(12935): RebuildPerf layer=xyz-6726892386683222704 total=7.61 reset=0.01 target=0.10 renderRefs=0.65 ancestor=0.06 kicking=0.14 evict=6.65 visible=54 candidates=54 desired=54 render=54
06-11 21:26:38.517 I/MinimalGlobe(12935): Perf frame=658 total=23.15 advance=0.00 nativeRender=21.99 clear=0.00 swap=1.15 | engine begin=0.19 update=17.34 render=4.34 end=0.12 | scene layer=16.31 terrain=1.00 plan=0.93 apply=15.32 upload=0.00/0 load=0.00 | cmds surface=2.83 vector=0.00 debug=0.00 mvp=0.40 diag=0.41 submit=0.35 | draw=110 surf=108 fps=30.0
06-11 21:26:38.550 I/MinimalGlobe(12935): Perf frame=659 total=22.51 advance=0.00 nativeRender=21.57 clear=0.00 swap=0.94 | engine begin=0.17 update=17.03 render=4.27 end=0.09 | scene layer=16.03 terrain=0.99 plan=0.91 apply=15.06 upload=0.00/0 load=0.00 | cmds surface=2.80 vector=0.00 debug=0.00 mvp=0.41 diag=0.41 submit=0.31 | draw=110 surf=108 fps=30.0
06-11 21:26:38.583 I/MinimalGlobe(12935): Perf frame=660 total=22.61 advance=0.00 nativeRender=21.60 clear=0.00 swap=1.00 | engine begin=0.15 update=17.04 render=4.31 end=0.10 | scene layer=16.02 terrain=1.01 plan=0.96 apply=15.02 upload=0.00/0 load=0.00 | cmds surface=2.76 vector=0.00 debug=0.00 mvp=0.40 diag=0.49 submit=0.32 | draw=110 surf=108 fps=30.0
06-11 21:26:38.617 I/MinimalGlobe(12935): Perf frame=661 total=22.97 advance=0.00 nativeRender=21.66 clear=0.00 swap=1.30 | engine begin=0.13 update=17.14 render=4.31 end=0.08 | scene layer=16.14 terrain=0.98 plan=0.92 apply=15.18 upload=0.00/0 load=0.00 | cmds surface=2.85 vector=0.00 debug=0.00 mvp=0.40 diag=0.41 submit=0.30 | draw=110 surf=108 fps=30.0
06-11 21:26:38.650 I/MinimalGlobe(12935): Perf frame=662 total=22.90 advance=0.00 nativeRender=21.85 clear=0.00 swap=1.03 | engine begin=0.14 update=17.04 render=4.52 end=0.15 | scene layer=16.05 terrain=0.97 plan=0.90 apply=15.12 upload=0.00/0 load=0.00 | cmds surface=2.83 vector=0.00 debug=0.00 mvp=0.39 diag=0.44 submit=0.49 | draw=110 surf=108 fps=30.0
06-11 21:26:38.684 I/MinimalGlobe(12935): Perf frame=663 total=23.82 advance=0.00 nativeRender=22.52 clear=0.00 swap=1.29 | engine begin=0.11 update=17.65 render=4.61 end=0.14 | scene layer=16.69 terrain=0.95 plan=1.26 apply=15.40 upload=0.00/0 load=0.00 | cmds surface=2.68 vector=0.00 debug=0.00 mvp=0.48 diag=0.45 submit=0.62 | draw=110 surf=108 fps=30.0
06-11 21:26:38.718 I/MinimalGlobe(12935): Perf frame=664 total=24.22 advance=0.00 nativeRender=22.81 clear=0.00 swap=1.40 | engine begin=0.15 update=17.80 render=4.70 end=0.16 | scene layer=16.80 terrain=0.98 plan=1.26 apply=15.48 upload=0.00/0 load=0.00 | cmds surface=2.78 vector=0.00 debug=0.00 mvp=0.40 diag=0.45 submit=0.69 | draw=110 surf=108 fps=30.0
06-11 21:26:38.737 I/BasemapLayer(12935): ApplyPerf layer=xyz-1590851704117573850 total=8.06 rebuild=8.04 uploadCall=0.00 uploadInner=0.00/0 visible=54 desired=54 render=54 cache=84
06-11 21:26:38.752 I/MinimalGlobe(12935): Perf frame=665 total=24.77 advance=0.01 nativeRender=23.67 clear=0.00 swap=1.09 | engine begin=0.18 update=18.61 render=4.76 end=0.11 | scene layer=17.60 terrain=0.98 plan=1.41 apply=16.15 upload=0.00/0 load=0.00 | cmds surface=2.87 vector=0.00 debug=0.00 mvp=0.42 diag=0.52 submit=0.58 | draw=110 surf=108 fps=30.0
06-11 21:26:38.785 I/MinimalGlobe(12935): Perf frame=666 total=24.74 advance=0.00 nativeRender=23.60 clear=0.00 swap=1.14 | engine begin=0.18 update=18.55 render=4.76 end=0.10 | scene layer=17.55 terrain=0.98 plan=1.40 apply=16.10 upload=0.00/0 load=0.00 | cmds surface=2.88 vector=0.00 debug=0.00 mvp=0.42 diag=0.54 submit=0.54 | draw=110 surf=108 fps=30.0
06-11 21:26:38.820 I/MinimalGlobe(12935): Perf frame=667 total=26.27 advance=0.00 nativeRender=24.91 clear=0.00 swap=1.35 | engine begin=0.17 update=19.49 render=5.10 end=0.15 | scene layer=18.33 terrain=1.14 plan=1.38 apply=16.91 upload=0.01/0 load=0.00 | cmds surface=2.95 vector=0.00 debug=0.00 mvp=0.52 diag=0.51 submit=0.69 | draw=110 surf=108 fps=30.0
06-11 21:26:38.852 I/MinimalGlobe(12935): Perf frame=668 total=24.82 advance=0.00 nativeRender=23.65 clear=0.00 swap=1.17 | engine begin=0.14 update=19.02 render=4.35 end=0.14 | scene layer=18.02 terrain=0.99 plan=1.27 apply=16.71 upload=0.01/0 load=0.00 | cmds surface=2.77 vector=0.00 debug=0.00 mvp=0.44 diag=0.42 submit=0.38 | draw=110 surf=108 fps=30.0
06-11 21:26:38.883 I/MinimalGlobe(12935): Perf frame=669 total=22.46 advance=0.00 nativeRender=21.48 clear=0.00 swap=0.97 | engine begin=0.11 update=17.03 render=4.26 end=0.08 | scene layer=15.95 terrain=1.07 plan=0.93 apply=14.98 upload=0.00/0 load=0.00 | cmds surface=2.76 vector=0.00 debug=0.00 mvp=0.41 diag=0.41 submit=0.34 | draw=110 surf=108 fps=30.0
06-11 21:26:38.916 I/MinimalGlobe(12935): Perf frame=670 total=22.50 advance=0.00 nativeRender=21.42 clear=0.00 swap=1.08 | engine begin=0.12 update=16.96 render=4.25 end=0.09 | scene layer=15.98 terrain=0.97 plan=0.90 apply=15.04 upload=0.00/0 load=0.00 | cmds surface=2.79 vector=0.00 debug=0.00 mvp=0.40 diag=0.41 submit=0.30 | draw=110 surf=108 fps=30.0
06-11 21:26:38.949 I/MinimalGlobe(12935): Perf frame=671 total=22.49 advance=0.00 nativeRender=21.44 clear=0.00 swap=1.04 | engine begin=0.14 update=17.02 render=4.21 end=0.07 | scene layer=16.04 terrain=0.98 plan=0.90 apply=15.10 upload=0.00/0 load=0.00 | cmds surface=2.77 vector=0.00 debug=0.00 mvp=0.40 diag=0.41 submit=0.29 | draw=110 surf=108 fps=30.0
06-11 21:26:38.984 I/MinimalGlobe(12935): Perf frame=672 total=23.76 advance=0.00 nativeRender=22.85 clear=0.00 swap=0.90 | engine begin=0.12 update=17.80 render=4.80 end=0.13 | scene layer=16.78 terrain=1.00 plan=1.02 apply=15.73 upload=0.00/0 load=0.00 | cmds surface=2.91 vector=0.00 debug=0.00 mvp=0.41 diag=0.46 submit=0.62 | draw=110 surf=108 fps=30.0
06-11 21:26:39.013 I/BasemapLayer(12935): RebuildPerf layer=xyz-6726892386683222704 total=8.52 reset=0.01 target=0.10 renderRefs=0.62 ancestor=0.20 kicking=0.15 evict=7.42 visible=54 candidates=54 desired=54 render=54
06-11 21:26:39.020 I/MinimalGlobe(12935): Perf frame=673 total=26.20 advance=0.00 nativeRender=25.08 clear=0.00 swap=1.10 | engine begin=0.22 update=19.58 render=5.08 end=0.19 | scene layer=18.34 terrain=1.21 plan=0.97 apply=17.29 upload=0.01/0 load=0.00 | cmds surface=3.02 vector=0.00 debug=0.00 mvp=0.44 diag=0.49 submit=0.71 | draw=110 surf=108 fps=30.0
06-11 21:26:39.053 I/MinimalGlobe(12935): Perf frame=674 total=26.52 advance=0.00 nativeRender=25.13 clear=0.00 swap=1.37 | engine begin=0.17 update=19.74 render=5.07 end=0.15 | scene layer=18.64 terrain=1.08 plan=1.36 apply=17.23 upload=0.01/0 load=0.00 | cmds surface=3.02 vector=0.00 debug=0.00 mvp=0.43 diag=0.49 submit=0.71 | draw=110 surf=108 fps=30.0
06-11 21:26:39.083 I/MinimalGlobe(12935): Perf frame=675 total=23.09 advance=0.00 nativeRender=22.19 clear=0.00 swap=0.88 | engine begin=0.15 update=17.54 render=4.37 end=0.13 | scene layer=16.45 terrain=1.07 plan=1.37 apply=15.04 upload=0.00/0 load=0.00 | cmds surface=2.78 vector=0.00 debug=0.00 mvp=0.40 diag=0.46 submit=0.38 | draw=110 surf=108 fps=30.0
06-11 21:26:39.117 I/MinimalGlobe(12935): Perf frame=676 total=23.25 advance=0.00 nativeRender=21.84 clear=0.00 swap=1.40 | engine begin=0.16 update=17.20 render=4.38 end=0.10 | scene layer=16.17 terrain=1.00 plan=0.96 apply=15.15 upload=0.00/0 load=0.00 | cmds surface=2.83 vector=0.00 debug=0.00 mvp=0.41 diag=0.45 submit=0.34 | draw=110 surf=108 fps=30.0
06-11 21:26:39.150 I/MinimalGlobe(12935): Perf frame=677 total=22.64 advance=0.00 nativeRender=21.69 clear=0.00 swap=0.95 | engine begin=0.15 update=17.10 render=4.29 end=0.14 | scene layer=16.11 terrain=0.98 plan=0.92 apply=15.14 upload=0.00/0 load=0.00 | cmds surface=2.80 vector=0.00 debug=0.00 mvp=0.41 diag=0.42 submit=0.32 | draw=110 surf=108 fps=30.0
06-11 21:26:39.184 I/MinimalGlobe(12935): Perf frame=678 total=23.43 advance=0.00 nativeRender=22.32 clear=0.00 swap=1.10 | engine begin=0.16 update=17.43 render=4.62 end=0.12 | scene layer=16.47 terrain=0.95 plan=0.93 apply=15.49 upload=0.00/0 load=0.00 | cmds surface=2.65 vector=0.00 debug=0.00 mvp=0.53 diag=0.47 submit=0.60 | draw=110 surf=108 fps=30.0
06-11 21:26:39.219 I/MinimalGlobe(12935): Perf frame=679 total=24.17 advance=0.00 nativeRender=23.03 clear=0.00 swap=1.13 | engine begin=0.24 update=17.84 render=4.79 end=0.15 | scene layer=16.83 terrain=0.98 plan=0.90 apply=15.88 upload=0.01/0 load=0.00 | cmds surface=2.78 vector=0.00 debug=0.00 mvp=0.40 diag=0.53 submit=0.67 | draw=110 surf=108 fps=30.0
06-11 21:26:39.237 I/BasemapLayer(12935): ApplyPerf layer=xyz-1590851704117573850 total=8.62 rebuild=8.59 uploadCall=0.01 uploadInner=0.00/0 visible=54 desired=54 render=54 cache=84
06-11 21:26:39.254 I/MinimalGlobe(12935): Perf frame=680 total=26.41 advance=0.00 nativeRender=25.06 clear=0.00 swap=1.34 | engine begin=0.15 update=19.65 render=5.11 end=0.15 | scene layer=18.59 terrain=1.04 plan=1.29 apply=17.25 upload=0.01/0 load=0.00 | cmds surface=3.02 vector=0.00 debug=0.00 mvp=0.44 diag=0.57 submit=0.68 | draw=110 surf=108 fps=30.0
06-11 21:26:39.286 I/MinimalGlobe(12935): Perf frame=681 total=26.28 advance=0.00 nativeRender=24.99 clear=0.00 swap=1.28 | engine begin=0.14 update=19.32 render=5.25 end=0.29 | scene layer=18.22 terrain=1.09 plan=1.36 apply=16.81 upload=0.00/0 load=0.00 | cmds surface=3.05 vector=0.00 debug=0.00 mvp=0.44 diag=0.50 submit=0.83 | draw=110 surf=108 fps=30.0
06-11 21:26:39.317 I/MinimalGlobe(12935): Perf frame=682 total=23.00 advance=0.00 nativeRender=21.82 clear=0.00 swap=1.16 | engine begin=0.19 update=17.14 render=4.39 end=0.10 | scene layer=16.14 terrain=0.98 plan=0.89 apply=15.20 upload=0.00/0 load=0.00 | cmds surface=2.79 vector=0.00 debug=0.00 mvp=0.40 diag=0.42 submit=0.44 | draw=110 surf=108 fps=30.0
06-11 21:26:39.350 I/MinimalGlobe(12935): Perf frame=683 total=22.47 advance=0.00 nativeRender=21.46 clear=0.00 swap=1.00 | engine begin=0.15 update=16.95 render=4.28 end=0.08 | scene layer=15.96 terrain=0.98 plan=0.89 apply=15.03 upload=0.00/0 load=0.00 | cmds surface=2.80 vector=0.00 debug=0.00 mvp=0.40 diag=0.41 submit=0.33 | draw=110 surf=108 fps=30.0
06-11 21:26:39.385 I/MinimalGlobe(12935): Perf frame=684 total=24.48 advance=0.00 nativeRender=23.17 clear=0.00 swap=1.31 | engine begin=0.13 update=18.09 render=4.84 end=0.11 | scene layer=17.05 terrain=1.02 plan=0.94 apply=16.08 upload=0.01/0 load=0.00 | cmds surface=2.96 vector=0.00 debug=0.00 mvp=0.41 diag=0.47 submit=0.61 | draw=110 surf=108 fps=30.0
06-11 21:26:39.418 I/MinimalGlobe(12935): Perf frame=685 total=24.19 advance=0.00 nativeRender=22.94 clear=0.00 swap=1.23 | engine begin=0.15 update=18.03 render=4.64 end=0.11 | scene layer=17.03 terrain=0.99 plan=0.90 apply=16.09 upload=0.01/0 load=0.00 | cmds surface=2.86 vector=0.00 debug=0.00 mvp=0.41 diag=0.50 submit=0.49 | draw=110 surf=108 fps=30.0
06-11 21:26:39.453 I/MinimalGlobe(12935): Perf frame=686 total=25.70 advance=0.00 nativeRender=24.38 clear=0.00 swap=1.31 | engine begin=0.14 update=19.19 render=4.91 end=0.14 | scene layer=18.12 terrain=1.06 plan=0.93 apply=17.14 upload=0.01/0 load=0.00 | cmds surface=3.05 vector=0.00 debug=0.00 mvp=0.44 diag=0.51 submit=0.48 | draw=110 surf=108 fps=30.0
06-11 21:26:39.484 I/MinimalGlobe(12935): Perf frame=687 total=23.68 advance=0.00 nativeRender=22.95 clear=0.00 swap=0.72 | engine begin=0.11 update=18.81 render=3.93 end=0.11 | scene layer=17.92 terrain=0.88 plan=1.33 apply=16.55 upload=0.00/0 load=0.00 | cmds surface=2.46 vector=0.00 debug=0.00 mvp=0.35 diag=0.45 submit=0.36 | draw=110 surf=108 fps=30.0
06-11 21:26:39.511 I/BasemapLayer(12935): RebuildPerf layer=xyz-6726892386683222704 total=7.51 reset=0.01 target=0.09 renderRefs=0.57 ancestor=0.06 kicking=0.13 evict=6.64 visible=54 candidates=54 desired=54 render=54
06-11 21:26:39.517 I/MinimalGlobe(12935): Perf frame=688 total=22.95 advance=0.00 nativeRender=21.72 clear=0.00 swap=1.22 | engine begin=0.19 update=17.14 render=4.30 end=0.10 | scene layer=16.13 terrain=0.99 plan=0.91 apply=15.18 upload=0.00/0 load=0.00 | cmds surface=2.81 vector=0.00 debug=0.00 mvp=0.40 diag=0.41 submit=0.33 | draw=110 surf=108 fps=30.0
06-11 21:26:39.550 I/MinimalGlobe(12935): Perf frame=689 total=22.46 advance=0.00 nativeRender=21.48 clear=0.00 swap=0.98 | engine begin=0.15 update=16.98 render=4.25 end=0.09 | scene layer=15.99 terrain=0.98 plan=0.90 apply=15.05 upload=0.00/0 load=0.00 | cmds surface=2.80 vector=0.00 debug=0.00 mvp=0.40 diag=0.41 submit=0.31 | draw=110 surf=108 fps=30.0
06-11 21:26:39.583 I/MinimalGlobe(12935): Perf frame=690 total=22.58 advance=0.00 nativeRender=21.60 clear=0.00 swap=0.97 | engine begin=0.12 update=17.07 render=4.33 end=0.08 | scene layer=16.05 terrain=1.00 plan=0.96 apply=15.06 upload=0.00/0 load=0.00 | cmds surface=2.75 vector=0.00 debug=0.00 mvp=0.40 diag=0.55 submit=0.30 | draw=110 surf=108 fps=30.0
06-11 21:26:39.618 I/MinimalGlobe(12935): Perf frame=691 total=24.46 advance=0.00 nativeRender=23.36 clear=0.00 swap=1.09 | engine begin=0.10 update=18.17 render=4.98 end=0.11 | scene layer=17.11 terrain=1.05 plan=0.90 apply=16.17 upload=0.01/0 load=0.00 | cmds surface=3.00 vector=0.00 debug=0.00 mvp=0.42 diag=0.53 submit=0.59 | draw=110 surf=108 fps=30.0
06-11 21:26:39.650 I/MinimalGlobe(12935): Perf frame=692 total=23.05 advance=0.00 nativeRender=22.01 clear=0.00 swap=1.03 | engine begin=0.12 update=17.28 render=4.51 end=0.10 | scene layer=16.31 terrain=0.95 plan=0.85 apply=15.43 upload=0.01/0 load=0.00 | cmds surface=2.75 vector=0.00 debug=0.00 mvp=0.39 diag=0.44 submit=0.52 | draw=110 surf=108 fps=30.0
06-11 21:26:39.683 I/MinimalGlobe(12935): Perf frame=693 total=22.93 advance=0.00 nativeRender=21.89 clear=0.00 swap=1.03 | engine begin=0.11 update=17.28 render=4.39 end=0.10 | scene layer=16.18 terrain=1.09 plan=0.91 apply=15.24 upload=0.00/0 load=0.00 | cmds surface=2.64 vector=0.00 debug=0.00 mvp=0.43 diag=0.44 submit=0.52 | draw=110 surf=108 fps=30.0
06-11 21:26:39.719 I/MinimalGlobe(12935): Perf frame=694 total=25.36 advance=0.00 nativeRender=24.11 clear=0.00 swap=1.25 | engine begin=0.19 update=19.23 render=4.56 end=0.12 | scene layer=18.16 terrain=1.05 plan=1.45 apply=16.65 upload=0.01/0 load=0.00 | cmds surface=2.83 vector=0.00 debug=0.00 mvp=0.41 diag=0.59 submit=0.38 | draw=110 surf=108 fps=30.0
06-11 21:26:39.736 I/BasemapLayer(12935): ApplyPerf layer=xyz-1590851704117573850 total=7.55 rebuild=7.53 uploadCall=0.00 uploadInner=0.00/0 visible=54 desired=54 render=54 cache=84
06-11 21:26:39.750 I/MinimalGlobe(12935): Perf frame=695 total=22.57 advance=0.00 nativeRender=21.56 clear=0.00 swap=1.00 | engine begin=0.16 update=17.02 render=4.28 end=0.09 | scene layer=16.03 terrain=0.98 plan=0.91 apply=15.07 upload=0.00/0 load=0.00 | cmds surface=2.81 vector=0.00 debug=0.00 mvp=0.40 diag=0.41 submit=0.32 | draw=110 surf=108 fps=30.0
06-11 21:26:39.783 I/MinimalGlobe(12935): Perf frame=696 total=22.42 advance=0.00 nativeRender=21.64 clear=0.00 swap=0.78 | engine begin=0.14 update=17.04 render=4.36 end=0.10 | scene layer=16.01 terrain=1.01 plan=0.94 apply=15.04 upload=0.00/0 load=0.00 | cmds surface=2.76 vector=0.00 debug=0.00 mvp=0.52 diag=0.41 submit=0.33 | draw=110 surf=108 fps=30.0
06-11 21:26:39.819 I/MinimalGlobe(12935): Perf frame=697 total=24.38 advance=0.00 nativeRender=23.13 clear=0.00 swap=1.25 | engine begin=0.21 update=17.78 render=5.00 end=0.13 | scene layer=16.76 terrain=1.00 plan=0.94 apply=15.77 upload=0.01/0 load=0.00 | cmds surface=2.93 vector=0.00 debug=0.00 mvp=0.41 diag=0.54 submit=0.66 | draw=110 surf=108 fps=30.0
06-11 21:26:39.853 I/MinimalGlobe(12935): Perf frame=698 total=25.68 advance=0.00 nativeRender=24.06 clear=0.00 swap=1.61 | engine begin=0.15 update=18.79 render=4.97 end=0.15 | scene layer=17.73 terrain=1.04 plan=1.33 apply=16.36 upload=0.01/0 load=0.00 | cmds surface=2.94 vector=0.00 debug=0.00 mvp=0.43 diag=0.47 submit=0.71 | draw=110 surf=108 fps=30.0
06-11 21:26:39.887 I/MinimalGlobe(12935): Perf frame=699 total=26.87 advance=0.00 nativeRender=25.43 clear=0.00 swap=1.43 | engine begin=0.14 update=19.84 render=5.29 end=0.17 | scene layer=18.74 terrain=1.08 plan=1.58 apply=17.11 upload=0.01/0 load=0.00 | cmds surface=3.06 vector=0.00 debug=0.00 mvp=0.44 diag=0.55 submit=0.82 | draw=110 surf=108 fps=30.0
06-11 21:26:39.919 I/MinimalGlobe(12935): Perf frame=700 total=24.49 advance=0.01 nativeRender=23.34 clear=0.00 swap=1.13 | engine begin=0.23 update=18.39 render=4.60 end=0.12 | scene layer=17.33 terrain=1.04 plan=1.56 apply=15.71 upload=0.00/0 load=0.00 | cmds surface=2.81 vector=0.00 debug=0.00 mvp=0.40 diag=0.53 submit=0.50 | draw=110 surf=108 fps=29.9
06-11 21:26:39.950 I/MinimalGlobe(12935): Perf frame=701 total=22.90 advance=0.00 nativeRender=21.94 clear=0.00 swap=0.95 | engine begin=0.36 update=17.09 render=4.40 end=0.09 | scene layer=16.08 terrain=0.99 plan=0.91 apply=15.12 upload=0.00/0 load=0.00 | cmds surface=2.79 vector=0.00 debug=0.00 mvp=0.40 diag=0.43 submit=0.34 | draw=110 surf=108 fps=30.0
06-11 21:26:39.983 I/MinimalGlobe(12935): Perf frame=702 total=22.47 advance=0.00 nativeRender=21.56 clear=0.00 swap=0.90 | engine begin=0.14 update=17.04 render=4.30 end=0.08 | scene layer=16.02 terrain=1.01 plan=0.95 apply=15.03 upload=0.00/0 load=0.00 | cmds surface=2.75 vector=0.00 debug=0.00 mvp=0.49 diag=0.41 submit=0.30 | draw=110 surf=108 fps=30.0
06-11 21:26:40.010 I/BasemapLayer(12935): RebuildPerf layer=xyz-6726892386683222704 total=7.68 reset=0.01 target=0.09 renderRefs=0.56 ancestor=0.06 kicking=0.14 evict=6.81 visible=54 candidates=54 desired=54 render=54
06-11 21:26:40.018 I/MinimalGlobe(12935): Perf frame=703 total=23.45 advance=0.00 nativeRender=22.18 clear=0.00 swap=1.26 | engine begin=0.12 update=17.24 render=4.70 end=0.12 | scene layer=16.24 terrain=0.99 plan=0.89 apply=15.31 upload=0.00/0 load=0.00 | cmds surface=2.88 vector=0.00 debug=0.00 mvp=0.39 diag=0.45 submit=0.60 | draw=110 surf=108 fps=30.0
06-11 21:26:40.051 I/MinimalGlobe(12935): Perf frame=704 total=23.40 advance=0.00 nativeRender=22.41 clear=0.00 swap=0.98 | engine begin=0.14 update=17.60 render=4.58 end=0.10 | scene layer=16.63 terrain=0.96 plan=1.18 apply=15.41 upload=0.00/0 load=0.00 | cmds surface=2.66 vector=0.00 debug=0.00 mvp=0.39 diag=0.47 submit=0.53 | draw=110 surf=108 fps=30.0
06-11 21:26:40.086 I/MinimalGlobe(12935): Perf frame=705 total=25.59 advance=0.00 nativeRender=24.17 clear=0.00 swap=1.42 | engine begin=0.11 update=18.63 render=5.23 end=0.18 | scene layer=17.55 terrain=1.07 plan=1.24 apply=16.27 upload=0.00/0 load=0.00 | cmds surface=3.07 vector=0.00 debug=0.00 mvp=0.44 diag=0.49 submit=0.80 | draw=110 surf=108 fps=30.0
06-11 21:26:40.119 I/MinimalGlobe(12935): Perf frame=706 total=24.81 advance=0.00 nativeRender=23.69 clear=0.00 swap=1.11 | engine begin=0.22 update=18.70 render=4.66 end=0.11 | scene layer=17.64 terrain=1.03 plan=1.60 apply=15.97 upload=0.00/0 load=0.00 | cmds surface=2.87 vector=0.00 debug=0.00 mvp=0.41 diag=0.56 submit=0.47 | draw=110 surf=108 fps=30.0
06-11 21:26:40.150 I/MinimalGlobe(12935): Perf frame=707 total=22.69 advance=0.00 nativeRender=21.57 clear=0.00 swap=1.12 | engine begin=0.17 update=17.01 render=4.30 end=0.08 | scene layer=16.02 terrain=0.98 plan=0.90 apply=15.06 upload=0.00/0 load=0.00 | cmds surface=2.80 vector=0.00 debug=0.00 mvp=0.40 diag=0.42 submit=0.33 | draw=110 surf=108 fps=30.0
06-11 21:26:40.183 I/MinimalGlobe(12935): Perf frame=708 total=22.53 advance=0.00 nativeRender=21.59 clear=0.00 swap=0.92 | engine begin=0.15 update=17.03 render=4.34 end=0.08 | scene layer=16.00 terrain=1.01 plan=0.93 apply=15.03 upload=0.00/0 load=0.00 | cmds surface=2.75 vector=0.00 debug=0.00 mvp=0.48 diag=0.45 submit=0.31 | draw=110 surf=108 fps=30.0
06-11 21:26:40.218 I/MinimalGlobe(12935): Perf frame=709 total=24.08 advance=0.00 nativeRender=22.93 clear=0.00 swap=1.14 | engine begin=0.10 update=18.01 render=4.72 end=0.10 | scene layer=17.00 terrain=1.00 plan=0.89 apply=16.07 upload=0.01/0 load=0.00 | cmds surface=2.88 vector=0.00 debug=0.00 mvp=0.41 diag=0.49 submit=0.55 | draw=110 surf=108 fps=30.0
06-11 21:26:40.236 I/BasemapLayer(12935): ApplyPerf layer=xyz-1590851704117573850 total=8.04 rebuild=8.02 uploadCall=0.01 uploadInner=0.00/0 visible=54 desired=54 render=54 cache=84
06-11 21:26:40.252 I/MinimalGlobe(12935): Perf frame=710 total=24.49 advance=0.00 nativeRender=23.43 clear=0.00 swap=1.05 | engine begin=0.12 update=18.35 render=4.84 end=0.11 | scene layer=17.16 terrain=1.17 plan=0.88 apply=16.25 upload=0.00/0 load=0.00 | cmds surface=2.92 vector=0.00 debug=0.00 mvp=0.49 diag=0.50 submit=0.53 | draw=110 surf=108 fps=30.0
06-11 21:26:40.286 I/MinimalGlobe(12935): Perf frame=711 total=25.22 advance=0.00 nativeRender=24.17 clear=0.00 swap=1.04 | engine begin=0.12 update=19.02 render=4.89 end=0.13 | scene layer=17.96 terrain=1.05 plan=0.99 apply=16.93 upload=0.01/0 load=0.00 | cmds surface=3.01 vector=0.00 debug=0.00 mvp=0.44 diag=0.54 submit=0.49 | draw=110 surf=108 fps=30.0
06-11 21:26:40.320 I/MinimalGlobe(12935): Perf frame=712 total=25.31 advance=0.01 nativeRender=24.06 clear=0.00 swap=1.23 | engine begin=0.14 update=19.02 render=4.78 end=0.12 | scene layer=17.90 terrain=1.10 plan=0.95 apply=16.91 upload=0.01/0 load=0.00 | cmds surface=2.92 vector=0.00 debug=0.00 mvp=0.43 diag=0.56 submit=0.45 | draw=110 surf=108 fps=30.0
06-11 21:26:40.350 I/MinimalGlobe(12935): Perf frame=713 total=22.30 advance=0.00 nativeRender=21.44 clear=0.00 swap=0.85 | engine begin=0.16 update=16.93 render=4.27 end=0.07 | scene layer=15.94 terrain=0.98 plan=0.90 apply=15.00 upload=0.00/0 load=0.00 | cmds surface=2.81 vector=0.00 debug=0.00 mvp=0.40 diag=0.41 submit=0.31 | draw=110 surf=108 fps=30.0
06-11 21:26:40.383 I/MinimalGlobe(12935): Perf frame=714 total=22.79 advance=0.00 nativeRender=21.68 clear=0.00 swap=1.10 | engine begin=0.13 update=17.08 render=4.36 end=0.10 | scene layer=16.04 terrain=1.03 plan=0.93 apply=15.06 upload=0.00/0 load=0.00 | cmds surface=2.77 vector=0.00 debug=0.00 mvp=0.40 diag=0.49 submit=0.35 | draw=110 surf=108 fps=30.0
06-11 21:26:40.416 I/MinimalGlobe(12935): Perf frame=715 total=22.27 advance=0.00 nativeRender=21.25 clear=0.00 swap=1.01 | engine begin=0.16 update=16.61 render=4.37 end=0.11 | scene layer=15.60 terrain=0.99 plan=0.80 apply=14.75 upload=0.00/0 load=0.00 | cmds surface=2.85 vector=0.00 debug=0.00 mvp=0.40 diag=0.41 submit=0.35 | draw=110 surf=108 fps=30.0
06-11 21:26:40.452 I/MinimalGlobe(12935): Perf frame=716 total=24.41 advance=0.00 nativeRender=23.14 clear=0.00 swap=1.26 | engine begin=0.21 update=17.87 render=4.92 end=0.14 | scene layer=16.73 terrain=1.12 plan=0.93 apply=15.75 upload=0.01/0 load=0.00 | cmds surface=2.83 vector=0.00 debug=0.00 mvp=0.41 diag=0.57 submit=0.70 | draw=110 surf=108 fps=30.0
06-11 21:26:40.484 I/MinimalGlobe(12935): Perf frame=717 total=23.71 advance=0.00 nativeRender=22.62 clear=0.00 swap=1.08 | engine begin=0.15 update=17.86 render=4.49 end=0.11 | scene layer=16.91 terrain=0.94 plan=1.48 apply=15.39 upload=0.00/0 load=0.00 | cmds surface=2.68 vector=0.00 debug=0.00 mvp=0.39 diag=0.46 submit=0.58 | draw=110 surf=108 fps=30.0
06-11 21:26:40.512 I/BasemapLayer(12935): RebuildPerf layer=xyz-6726892386683222704 total=8.44 reset=0.01 target=0.11 renderRefs=0.65 ancestor=0.07 kicking=0.14 evict=7.45 visible=54 candidates=54 desired=54 render=54
06-11 21:26:40.520 I/MinimalGlobe(12935): Perf frame=718 total=25.48 advance=0.00 nativeRender=24.30 clear=0.00 swap=1.17 | engine begin=0.18 update=18.93 render=5.06 end=0.12 | scene layer=17.77 terrain=1.15 plan=1.29 apply=16.44 upload=0.00/0 load=0.00 | cmds surface=2.96 vector=0.00 debug=0.00 mvp=0.44 diag=0.64 submit=0.60 | draw=110 surf=108 fps=30.0
06-11 21:26:40.553 I/MinimalGlobe(12935): Perf frame=719 total=25.88 advance=0.00 nativeRender=24.79 clear=0.00 swap=1.08 | engine begin=0.19 update=19.47 render=5.02 end=0.12 | scene layer=18.41 terrain=1.03 plan=1.49 apply=16.87 upload=0.00/0 load=0.00 | cmds surface=3.02 vector=0.00 debug=0.00 mvp=0.43 diag=0.56 submit=0.60 | draw=110 surf=108 fps=30.0
06-11 21:26:40.583 I/MinimalGlobe(12935): Perf frame=720 total=22.55 advance=0.00 nativeRender=21.58 clear=0.00 swap=0.96 | engine begin=0.13 update=17.00 render=4.34 end=0.10 | scene layer=15.97 terrain=1.02 plan=0.93 apply=15.00 upload=0.00/0 load=0.00 | cmds surface=2.77 vector=0.00 debug=0.00 mvp=0.40 diag=0.49 submit=0.33 | draw=110 surf=108 fps=30.0
06-11 21:26:40.617 I/MinimalGlobe(12935): Perf frame=721 total=22.75 advance=0.00 nativeRender=21.67 clear=0.00 swap=1.07 | engine begin=0.15 update=17.11 render=4.33 end=0.08 | scene layer=16.09 terrain=1.00 plan=0.93 apply=15.11 upload=0.01/0 load=0.00 | cmds surface=2.84 vector=0.00 debug=0.00 mvp=0.40 diag=0.41 submit=0.33 | draw=110 surf=108 fps=30.0
06-11 21:26:40.651 I/MinimalGlobe(12935): Perf frame=722 total=24.38 advance=0.00 nativeRender=23.29 clear=0.00 swap=1.09 | engine begin=0.10 update=18.39 render=4.69 end=0.10 | scene layer=17.20 terrain=1.17 plan=0.89 apply=16.28 upload=0.01/0 load=0.00 | cmds surface=2.77 vector=0.00 debug=0.00 mvp=0.41 diag=0.54 submit=0.58 | draw=110 surf=108 fps=30.0
06-11 21:26:40.686 I/MinimalGlobe(12935): Perf frame=723 total=25.15 advance=0.00 nativeRender=23.97 clear=0.00 swap=1.17 | engine begin=0.12 update=18.94 render=4.78 end=0.13 | scene layer=17.91 terrain=1.02 plan=0.98 apply=16.89 upload=0.00/0 load=0.00 | cmds surface=2.96 vector=0.00 debug=0.00 mvp=0.43 diag=0.49 submit=0.50 | draw=110 surf=108 fps=30.0
06-11 21:26:40.720 I/MinimalGlobe(12935): Perf frame=724 total=25.23 advance=0.00 nativeRender=24.18 clear=0.00 swap=1.04 | engine begin=0.18 update=19.09 render=4.79 end=0.11 | scene layer=17.98 terrain=1.09 plan=0.98 apply=16.95 upload=0.01/0 load=0.00 | cmds surface=2.93 vector=0.00 debug=0.00 mvp=0.53 diag=0.49 submit=0.44 | draw=110 surf=108 fps=30.0
06-11 21:26:40.738 I/BasemapLayer(12935): ApplyPerf layer=xyz-1590851704117573850 total=8.49 rebuild=8.47 uploadCall=0.01 uploadInner=0.00/0 visible=54 desired=54 render=54 cache=84
06-11 21:26:40.752 I/MinimalGlobe(12935): Perf frame=725 total=25.13 advance=0.01 nativeRender=23.98 clear=0.00 swap=1.12 | engine begin=0.23 update=19.15 render=4.49 end=0.11 | scene layer=18.13 terrain=1.00 plan=1.57 apply=16.50 upload=0.01/0 load=0.00 | cmds surface=2.89 vector=0.00 debug=0.00 mvp=0.41 diag=0.47 submit=0.38 | draw=110 surf=108 fps=30.0
06-11 21:26:40.783 I/MinimalGlobe(12935): Perf frame=726 total=22.57 advance=0.00 nativeRender=21.55 clear=0.00 swap=1.01 | engine begin=0.15 update=17.03 render=4.29 end=0.09 | scene layer=16.00 terrain=1.01 plan=0.94 apply=15.01 upload=0.00/0 load=0.00 | cmds surface=2.75 vector=0.00 debug=0.00 mvp=0.40 diag=0.49 submit=0.30 | draw=110 surf=108 fps=30.0
06-11 21:26:40.816 I/MinimalGlobe(12935): Perf frame=727 total=22.62 advance=0.00 nativeRender=21.65 clear=0.00 swap=0.96 | engine begin=0.15 update=17.08 render=4.33 end=0.09 | scene layer=16.08 terrain=0.98 plan=0.92 apply=15.12 upload=0.00/0 load=0.00 | cmds surface=2.86 vector=0.00 debug=0.00 mvp=0.40 diag=0.41 submit=0.32 | draw=110 surf=108 fps=30.0
06-11 21:26:40.851 I/MinimalGlobe(12935): Perf frame=728 total=23.73 advance=0.00 nativeRender=22.58 clear=0.00 swap=1.15 | engine begin=0.13 update=17.48 render=4.86 end=0.10 | scene layer=16.46 terrain=1.01 plan=0.89 apply=15.54 upload=0.00/0 load=0.00 | cmds surface=2.95 vector=0.00 debug=0.00 mvp=0.41 diag=0.48 submit=0.62 | draw=110 surf=108 fps=30.0
06-11 21:26:40.886 I/MinimalGlobe(12935): Perf frame=729 total=25.28 advance=0.00 nativeRender=23.69 clear=0.00 swap=1.58 | engine begin=0.13 update=18.57 render=4.83 end=0.16 | scene layer=17.54 terrain=1.01 plan=1.43 apply=16.07 upload=0.00/0 load=0.00 | cmds surface=2.88 vector=0.00 debug=0.00 mvp=0.42 diag=0.47 submit=0.65 | draw=110 surf=108 fps=30.0
06-11 21:26:40.920 I/MinimalGlobe(12935): Perf frame=730 total=25.81 advance=0.00 nativeRender=24.60 clear=0.00 swap=1.20 | engine begin=0.14 update=19.38 render=4.97 end=0.11 | scene layer=18.19 terrain=1.17 plan=1.24 apply=16.91 upload=0.01/0 load=0.00 | cmds surface=2.94 vector=0.00 debug=0.00 mvp=0.44 diag=0.58 submit=0.61 | draw=110 surf=108 fps=30.0
06-11 21:26:40.954 I/MinimalGlobe(12935): Perf frame=731 total=26.43 advance=0.00 nativeRender=24.72 clear=0.00 swap=1.70 | engine begin=0.16 update=19.34 render=5.06 end=0.15 | scene layer=18.27 terrain=1.06 plan=1.29 apply=16.95 upload=0.01/0 load=0.00 | cmds surface=3.04 vector=0.00 debug=0.00 mvp=0.44 diag=0.49 submit=0.66 | draw=110 surf=108 fps=30.0
06-11 21:26:40.983 I/MinimalGlobe(12935): Perf frame=732 total=22.43 advance=0.00 nativeRender=21.48 clear=0.00 swap=0.94 | engine begin=0.10 update=16.95 render=4.34 end=0.08 | scene layer=15.89 terrain=1.04 plan=0.91 apply=14.96 upload=0.00/0 load=0.00 | cmds surface=2.76 vector=0.00 debug=0.00 mvp=0.40 diag=0.41 submit=0.43 | draw=110 surf=108 fps=30.0
06-11 21:26:41.010 I/BasemapLayer(12935): RebuildPerf layer=xyz-6726892386683222704 total=7.48 reset=0.01 target=0.09 renderRefs=0.56 ancestor=0.06 kicking=0.14 evict=6.61 visible=54 candidates=54 desired=54 render=54
06-11 21:26:41.016 I/MinimalGlobe(12935): Perf frame=733 total=22.45 advance=0.00 nativeRender=21.46 clear=0.00 swap=0.98 | engine begin=0.11 update=16.97 render=4.30 end=0.08 | scene layer=15.98 terrain=0.98 plan=0.88 apply=15.07 upload=0.00/0 load=0.00 | cmds surface=2.85 vector=0.00 debug=0.00 mvp=0.40 diag=0.41 submit=0.30 | draw=110 surf=108 fps=30.0
06-11 21:26:41.050 I/MinimalGlobe(12935): Perf frame=734 total=22.52 advance=0.00 nativeRender=21.39 clear=0.00 swap=1.12 | engine begin=0.12 update=16.92 render=4.27 end=0.08 | scene layer=15.94 terrain=0.97 plan=0.89 apply=15.02 upload=0.00/0 load=0.00 | cmds surface=2.83 vector=0.00 debug=0.00 mvp=0.40 diag=0.41 submit=0.29 | draw=110 surf=108 fps=30.0
06-11 21:26:41.083 I/MinimalGlobe(12935): Perf frame=735 total=22.45 advance=0.00 nativeRender=21.44 clear=0.00 swap=1.00 | engine begin=0.09 update=17.03 render=4.24 end=0.08 | scene layer=15.98 terrain=1.04 plan=0.98 apply=14.97 upload=0.00/0 load=0.00 | cmds surface=2.75 vector=0.00 debug=0.00 mvp=0.40 diag=0.44 submit=0.29 | draw=110 surf=108 fps=30.0
06-11 21:26:41.117 I/MinimalGlobe(12935): Perf frame=736 total=23.01 advance=0.00 nativeRender=21.87 clear=0.00 swap=1.14 | engine begin=0.15 update=17.28 render=4.34 end=0.09 | scene layer=16.26 terrain=1.00 plan=0.92 apply=15.29 upload=0.00/0 load=0.00 | cmds surface=2.81 vector=0.00 debug=0.00 mvp=0.40 diag=0.43 submit=0.35 | draw=110 surf=108 fps=30.0
06-11 21:26:41.152 I/MinimalGlobe(12935): Perf frame=737 total=24.71 advance=0.00 nativeRender=23.60 clear=0.00 swap=1.10 | engine begin=0.10 update=18.74 render=4.66 end=0.10 | scene layer=17.68 terrain=1.04 plan=0.88 apply=16.76 upload=0.01/0 load=0.00 | cmds surface=2.70 vector=0.00 debug=0.00 mvp=0.53 diag=0.47 submit=0.58 | draw=110 surf=108 fps=30.0
06-11 21:26:41.184 I/MinimalGlobe(12935): Perf frame=738 total=23.00 advance=0.00 nativeRender=22.01 clear=0.00 swap=0.98 | engine begin=0.16 update=17.29 render=4.46 end=0.10 | scene layer=16.34 terrain=0.93 plan=0.94 apply=15.36 upload=0.00/0 load=0.00 | cmds surface=2.64 vector=0.00 debug=0.00 mvp=0.47 diag=0.47 submit=0.51 | draw=110 surf=108 fps=30.0
06-11 21:26:41.217 I/MinimalGlobe(12935): Perf frame=739 total=23.18 advance=0.00 nativeRender=22.12 clear=0.00 swap=1.06 | engine begin=0.15 update=17.30 render=4.56 end=0.09 | scene layer=16.31 terrain=0.97 plan=0.86 apply=15.41 upload=0.01/0 load=0.00 | cmds surface=2.85 vector=0.00 debug=0.00 mvp=0.39 diag=0.46 submit=0.48 | draw=110 surf=108 fps=30.0
06-11 21:26:41.237 I/BasemapLayer(12935): ApplyPerf layer=xyz-1590851704117573850 total=8.07 rebuild=8.04 uploadCall=0.01 uploadInner=0.01/0 visible=54 desired=54 render=54 cache=84
06-11 21:26:41.252 I/MinimalGlobe(12935): Perf frame=740 total=24.63 advance=0.00 nativeRender=23.78 clear=0.00 swap=0.84 | engine begin=0.17 update=18.62 render=4.85 end=0.15 | scene layer=17.52 terrain=1.08 plan=1.25 apply=16.23 upload=0.01/0 load=0.00 | cmds surface=2.82 vector=0.00 debug=0.00 mvp=0.45 diag=0.53 submit=0.65 | draw=110 surf=108 fps=30.0
06-11 21:26:41.286 I/MinimalGlobe(12935): Perf frame=741 total=25.47 advance=0.00 nativeRender=24.00 clear=0.00 swap=1.46 | engine begin=0.12 update=18.60 render=5.10 end=0.17 | scene layer=17.52 terrain=1.07 plan=1.26 apply=16.22 upload=0.00/0 load=0.00 | cmds surface=3.07 vector=0.00 debug=0.00 mvp=0.44 diag=0.49 submit=0.68 | draw=110 surf=108 fps=30.0
06-11 21:26:41.315 I/MinimalGlobe(12935): Perf frame=742 total=21.31 advance=0.00 nativeRender=20.33 clear=0.00 swap=0.97 | engine begin=0.14 update=15.81 render=4.28 end=0.10 | scene layer=14.70 terrain=1.09 plan=0.89 apply=13.77 upload=0.00/0 load=0.00 | cmds surface=2.76 vector=0.00 debug=0.00 mvp=0.43 diag=0.41 submit=0.33 | draw=110 surf=108 fps=30.0
06-11 21:26:41.350 I/MinimalGlobe(12935): Perf frame=743 total=22.41 advance=0.00 nativeRender=21.48 clear=0.00 swap=0.92 | engine begin=0.12 update=17.01 render=4.27 end=0.07 | scene layer=16.01 terrain=0.98 plan=0.89 apply=15.08 upload=0.00/0 load=0.00 | cmds surface=2.80 vector=0.00 debug=0.00 mvp=0.40 diag=0.41 submit=0.31 | draw=110 surf=108 fps=30.0
06-11 21:26:41.383 I/MinimalGlobe(12935): Perf frame=744 total=22.60 advance=0.00 nativeRender=21.63 clear=0.00 swap=0.96 | engine begin=0.18 update=17.05 render=4.32 end=0.09 | scene layer=16.02 terrain=1.01 plan=0.95 apply=15.03 upload=0.00/0 load=0.00 | cmds surface=2.77 vector=0.00 debug=0.00 mvp=0.48 diag=0.42 submit=0.31 | draw=110 surf=108 fps=30.0
06-11 21:26:41.418 I/MinimalGlobe(12935): Perf frame=745 total=23.95 advance=0.00 nativeRender=22.78 clear=0.00 swap=1.16 | engine begin=0.20 update=17.46 render=4.97 end=0.14 | scene layer=16.43 terrain=1.01 plan=0.92 apply=15.46 upload=0.00/0 load=0.00 | cmds surface=2.97 vector=0.00 debug=0.00 mvp=0.41 diag=0.51 submit=0.68 | draw=110 surf=108 fps=30.0
06-11 21:26:41.453 I/MinimalGlobe(12935): Perf frame=746 total=25.68 advance=0.00 nativeRender=24.55 clear=0.00 swap=1.11 | engine begin=0.15 update=19.00 render=5.21 end=0.19 | scene layer=17.90 terrain=1.08 plan=1.26 apply=16.60 upload=0.01/0 load=0.00 | cmds surface=3.05 vector=0.00 debug=0.00 mvp=0.45 diag=0.53 submit=0.76 | draw=110 surf=108 fps=30.0
06-11 21:26:41.485 I/MinimalGlobe(12935): Perf frame=747 total=25.15 advance=0.00 nativeRender=24.32 clear=0.00 swap=0.82 | engine begin=0.13 update=19.13 render=4.95 end=0.12 | scene layer=18.08 terrain=1.03 plan=1.03 apply=17.02 upload=0.00/0 load=0.00 | cmds surface=2.99 vector=0.00 debug=0.00 mvp=0.43 diag=0.54 submit=0.58 | draw=110 surf=108 fps=30.0
06-11 21:26:41.513 I/BasemapLayer(12935): RebuildPerf layer=xyz-6726892386683222704 total=8.45 reset=0.01 target=0.10 renderRefs=0.69 ancestor=0.07 kicking=0.15 evict=7.39 visible=54 candidates=54 desired=54 render=54
06-11 21:26:41.520 I/MinimalGlobe(12935): Perf frame=748 total=26.03 advance=0.00 nativeRender=24.90 clear=0.00 swap=1.12 | engine begin=0.16 update=19.61 render=5.01 end=0.13 | scene layer=18.51 terrain=1.08 plan=1.35 apply=17.11 upload=0.01/0 load=0.00 | cmds surface=2.93 vector=0.00 debug=0.00 mvp=0.52 diag=0.56 submit=0.59 | draw=110 surf=108 fps=30.0
06-11 21:26:41.552 I/MinimalGlobe(12935): Perf frame=749 total=24.71 advance=0.00 nativeRender=23.64 clear=0.00 swap=1.07 | engine begin=0.18 update=18.80 render=4.55 end=0.10 | scene layer=17.78 terrain=1.00 plan=1.32 apply=16.40 upload=0.00/0 load=0.00 | cmds surface=2.88 vector=0.00 debug=0.00 mvp=0.40 diag=0.47 submit=0.44 | draw=110 surf=108 fps=30.0
06-11 21:26:41.583 I/MinimalGlobe(12935): Perf frame=750 total=22.55 advance=0.00 nativeRender=21.55 clear=0.00 swap=1.00 | engine begin=0.20 update=16.97 render=4.30 end=0.08 | scene layer=15.95 terrain=1.01 plan=0.93 apply=14.97 upload=0.00/0 load=0.00 | cmds surface=2.75 vector=0.00 debug=0.00 mvp=0.40 diag=0.50 submit=0.32 | draw=110 surf=108 fps=30.0
06-11 21:26:41.617 I/MinimalGlobe(12935): Perf frame=751 total=22.83 advance=0.00 nativeRender=21.76 clear=0.00 swap=1.06 | engine begin=0.14 update=17.20 render=4.34 end=0.08 | scene layer=16.19 terrain=0.99 plan=0.93 apply=15.21 upload=0.00/0 load=0.00 | cmds surface=2.86 vector=0.00 debug=0.00 mvp=0.40 diag=0.41 submit=0.33 | draw=110 surf=108 fps=30.0
06-11 21:26:41.652 I/MinimalGlobe(12935): Perf frame=752 total=24.95 advance=0.00 nativeRender=23.46 clear=0.00 swap=1.48 | engine begin=0.11 update=18.31 render=4.90 end=0.14 | scene layer=17.11 terrain=1.19 plan=0.90 apply=16.16 upload=0.01/0 load=0.00 | cmds surface=2.83 vector=0.00 debug=0.00 mvp=0.42 diag=0.58 submit=0.67 | draw=110 surf=108 fps=30.0
06-11 21:26:41.686 I/MinimalGlobe(12935): Perf frame=753 total=25.72 advance=0.00 nativeRender=24.41 clear=0.00 swap=1.30 | engine begin=0.12 update=19.08 render=5.06 end=0.15 | scene layer=18.01 terrain=1.05 plan=0.99 apply=16.98 upload=0.00/0 load=0.00 | cmds surface=3.00 vector=0.00 debug=0.00 mvp=0.44 diag=0.55 submit=0.65 | draw=110 surf=108 fps=30.0
06-11 21:26:41.719 I/MinimalGlobe(12935): Perf frame=754 total=25.09 advance=0.00 nativeRender=24.02 clear=0.00 swap=1.06 | engine begin=0.10 update=18.81 render=4.99 end=0.11 | scene layer=17.77 terrain=1.04 plan=0.92 apply=16.82 upload=0.01/0 load=0.00 | cmds surface=3.02 vector=0.00 debug=0.00 mvp=0.43 diag=0.56 submit=0.58 | draw=110 surf=108 fps=30.0
06-11 21:26:41.738 I/BasemapLayer(12935): ApplyPerf layer=xyz-1590851704117573850 total=8.93 rebuild=8.91 uploadCall=0.01 uploadInner=0.00/0 visible=54 desired=54 render=54 cache=84
06-11 21:26:41.753 I/MinimalGlobe(12935): Perf frame=755 total=25.96 advance=0.00 nativeRender=24.60 clear=0.00 swap=1.35 | engine begin=0.15 update=19.83 render=4.49 end=0.13 | scene layer=18.80 terrain=1.02 plan=1.39 apply=17.37 upload=0.01/0 load=0.00 | cmds surface=2.86 vector=0.00 debug=0.00 mvp=0.41 diag=0.42 submit=0.44 | draw=110 surf=108 fps=30.0
06-11 21:26:41.783 I/MinimalGlobe(12935): Perf frame=756 total=22.54 advance=0.00 nativeRender=21.49 clear=0.00 swap=1.04 | engine begin=0.12 update=16.98 render=4.30 end=0.08 | scene layer=15.95 terrain=1.02 plan=0.93 apply=14.98 upload=0.00/0 load=0.00 | cmds surface=2.76 vector=0.00 debug=0.00 mvp=0.40 diag=0.48 submit=0.32 | draw=110 surf=108 fps=30.0
06-11 21:26:41.817 I/MinimalGlobe(12935): Perf frame=757 total=22.39 advance=0.00 nativeRender=21.48 clear=0.00 swap=0.91 | engine begin=0.13 update=16.96 render=4.31 end=0.08 | scene layer=15.98 terrain=0.97 plan=0.89 apply=15.05 upload=0.00/0 load=0.00 | cmds surface=2.84 vector=0.00 debug=0.00 mvp=0.40 diag=0.41 submit=0.30 | draw=110 surf=108 fps=30.0
06-11 21:26:41.850 I/MinimalGlobe(12935): Perf frame=758 total=22.68 advance=0.00 nativeRender=21.50 clear=0.00 swap=1.18 | engine begin=0.14 update=16.97 render=4.31 end=0.08 | scene layer=15.97 terrain=0.98 plan=0.89 apply=15.05 upload=0.00/0 load=0.00 | cmds surface=2.86 vector=0.00 debug=0.00 mvp=0.40 diag=0.41 submit=0.31 | draw=110 surf=108 fps=30.0
06-11 21:26:41.885 I/MinimalGlobe(12935): Perf frame=759 total=24.49 advance=0.00 nativeRender=23.29 clear=0.00 swap=1.19 | engine begin=0.15 update=18.25 render=4.79 end=0.10 | scene layer=17.23 terrain=1.01 plan=1.13 apply=16.05 upload=0.00/0 load=0.00 | cmds surface=2.91 vector=0.00 debug=0.00 mvp=0.41 diag=0.51 submit=0.55 | draw=110 surf=108 fps=30.0
06-11 21:26:41.917 I/MinimalGlobe(12935): Perf frame=760 total=23.10 advance=0.00 nativeRender=21.97 clear=0.00 swap=1.12 | engine begin=0.16 update=17.12 render=4.56 end=0.12 | scene layer=16.13 terrain=0.98 plan=0.85 apply=15.24 upload=0.01/0 load=0.00 | cmds surface=2.78 vector=0.00 debug=0.00 mvp=0.40 diag=0.44 submit=0.57 | draw=110 surf=108 fps=30.0
06-11 21:26:41.951 I/MinimalGlobe(12935): Perf frame=761 total=23.57 advance=0.00 nativeRender=22.45 clear=0.00 swap=1.10 | engine begin=0.14 update=17.19 render=5.01 end=0.11 | scene layer=16.24 terrain=0.94 plan=0.85 apply=15.36 upload=0.00/0 load=0.00 | cmds surface=3.01 vector=0.00 debug=0.00 mvp=0.43 diag=0.49 submit=0.67 | draw=110 surf=108 fps=30.0
06-11 21:26:41.986 I/MinimalGlobe(12935): Perf frame=762 total=25.21 advance=0.00 nativeRender=23.68 clear=0.00 swap=1.51 | engine begin=0.15 update=18.94 render=4.46 end=0.13 | scene layer=17.93 terrain=1.00 plan=1.41 apply=16.48 upload=0.01/0 load=0.00 | cmds surface=2.87 vector=0.00 debug=0.00 mvp=0.41 diag=0.42 submit=0.41 | draw=110 surf=108 fps=30.0
06-11 21:26:42.010 I/BasemapLayer(12935): RebuildPerf layer=xyz-6726892386683222704 total=7.41 reset=0.01 target=0.09 renderRefs=0.55 ancestor=0.06 kicking=0.13 evict=6.56 visible=54 candidates=54 desired=54 render=54
06-11 21:26:42.016 I/MinimalGlobe(12935): Perf frame=763 total=22.49 advance=0.00 nativeRender=21.45 clear=0.00 swap=1.03 | engine begin=0.14 update=16.93 render=4.29 end=0.09 | scene layer=15.94 terrain=0.98 plan=0.89 apply=15.01 upload=0.00/0 load=0.00 | cmds surface=2.84 vector=0.00 debug=0.00 mvp=0.40 diag=0.41 submit=0.29 | draw=110 surf=108 fps=30.0
06-11 21:26:42.050 I/MinimalGlobe(12935): Perf frame=764 total=22.43 advance=0.00 nativeRender=21.38 clear=0.00 swap=1.05 | engine begin=0.12 update=16.93 render=4.25 end=0.08 | scene layer=15.94 terrain=0.98 plan=0.89 apply=15.01 upload=0.00/0 load=0.00 | cmds surface=2.81 vector=0.00 debug=0.00 mvp=0.40 diag=0.41 submit=0.28 | draw=110 surf=108 fps=30.0
06-11 21:26:42.084 I/MinimalGlobe(12935): Perf frame=765 total=23.72 advance=0.00 nativeRender=22.65 clear=0.00 swap=1.07 | engine begin=0.10 update=17.75 render=4.69 end=0.11 | scene layer=16.74 terrain=1.00 plan=0.97 apply=15.74 upload=0.00/0 load=0.00 | cmds surface=2.86 vector=0.01 debug=0.00 mvp=0.41 diag=0.50 submit=0.52 | draw=110 surf=108 fps=30.0
06-11 21:26:42.120 I/MinimalGlobe(12935): Perf frame=766 total=25.24 advance=0.00 nativeRender=24.08 clear=0.00 swap=1.15 | engine begin=0.17 update=18.97 render=4.82 end=0.12 | scene layer=17.85 terrain=1.09 plan=1.36 apply=16.44 upload=0.01/0 load=0.00 | cmds surface=2.83 vector=0.00 debug=0.00 mvp=0.49 diag=0.47 submit=0.63 | draw=110 surf=108 fps=29.9
06-11 21:26:42.150 I/MinimalGlobe(12935): Perf frame=767 total=22.28 advance=0.00 nativeRender=21.20 clear=0.00 swap=1.07 | engine begin=0.13 update=16.77 render=4.20 end=0.10 | scene layer=15.82 terrain=0.94 plan=0.93 apply=14.86 upload=0.00/0 load=0.00 | cmds surface=2.67 vector=0.00 debug=0.00 mvp=0.38 diag=0.39 submit=0.43 | draw=110 surf=108 fps=30.0
06-11 21:26:42.183 I/MinimalGlobe(12935): Perf frame=768 total=22.56 advance=0.00 nativeRender=21.62 clear=0.00 swap=0.93 | engine begin=0.16 update=17.08 render=4.29 end=0.08 | scene layer=16.04 terrain=1.04 plan=0.97 apply=15.03 upload=0.00/0 load=0.00 | cmds surface=2.76 vector=0.00 debug=0.00 mvp=0.46 diag=0.41 submit=0.32 | draw=110 surf=108 fps=30.0
06-11 21:26:42.217 I/MinimalGlobe(12935): Perf frame=769 total=23.25 advance=0.00 nativeRender=22.00 clear=0.00 swap=1.24 | engine begin=0.13 update=17.13 render=4.65 end=0.10 | scene layer=16.14 terrain=0.98 plan=0.89 apply=15.21 upload=0.00/0 load=0.00 | cmds surface=2.86 vector=0.00 debug=0.00 mvp=0.41 diag=0.46 submit=0.53 | draw=110 surf=108 fps=30.0
06-11 21:26:42.236 I/BasemapLayer(12935): ApplyPerf layer=xyz-1590851704117573850 total=7.76 rebuild=7.74 uploadCall=0.00 uploadInner=0.00/0 visible=54 desired=54 render=54 cache=84
06-11 21:26:42.251 I/MinimalGlobe(12935): Perf frame=770 total=23.30 advance=0.00 nativeRender=22.13 clear=0.00 swap=1.15 | engine begin=0.13 update=17.30 render=4.57 end=0.12 | scene layer=16.35 terrain=0.94 plan=0.87 apply=15.45 upload=0.00/0 load=0.00 | cmds surface=2.76 vector=0.00 debug=0.00 mvp=0.39 diag=0.44 submit=0.57 | draw=110 surf=108 fps=30.0
06-11 21:26:42.284 I/MinimalGlobe(12935): Perf frame=771 total=23.04 advance=0.00 nativeRender=22.02 clear=0.00 swap=1.02 | engine begin=0.12 update=17.33 render=4.45 end=0.11 | scene layer=16.34 terrain=0.97 plan=1.00 apply=15.30 upload=0.00/0 load=0.00 | cmds surface=2.66 vector=0.00 debug=0.00 mvp=0.49 diag=0.44 submit=0.48 | draw=110 surf=108 fps=30.0
06-11 21:26:42.319 I/MinimalGlobe(12935): Perf frame=772 total=25.44 advance=0.00 nativeRender=24.06 clear=0.00 swap=1.37 | engine begin=0.17 update=19.13 render=4.60 end=0.16 | scene layer=18.04 terrain=1.08 plan=1.43 apply=16.55 upload=0.00/0 load=0.00 | cmds surface=2.83 vector=0.00 debug=0.00 mvp=0.41 diag=0.51 submit=0.49 | draw=110 surf=108 fps=30.0
06-11 21:26:42.350 I/MinimalGlobe(12935): Perf frame=773 total=22.45 advance=0.00 nativeRender=21.55 clear=0.00 swap=0.89 | engine begin=0.15 update=17.00 render=4.32 end=0.08 | scene layer=15.98 terrain=1.00 plan=0.91 apply=15.03 upload=0.00/0 load=0.00 | cmds surface=2.83 vector=0.00 debug=0.00 mvp=0.40 diag=0.41 submit=0.32 | draw=110 surf=108 fps=30.0
06-11 21:26:42.381 I/MinimalGlobe(12935): Perf frame=774 total=20.74 advance=0.00 nativeRender=19.88 clear=0.00 swap=0.85 | engine begin=0.13 update=15.85 render=3.79 end=0.11 | scene layer=14.97 terrain=0.87 plan=0.95 apply=13.97 upload=0.00/0 load=0.00 | cmds surface=2.50 vector=0.00 debug=0.00 mvp=0.35 diag=0.35 submit=0.29 | draw=110 surf=108 fps=30.0
06-11 21:26:42.450 I/MinimalGlobe(12935): Perf frame=776 total=22.81 advance=0.00 nativeRender=21.57 clear=0.00 swap=1.23 | engine begin=0.11 update=16.88 render=4.45 end=0.13 | scene layer=15.86 terrain=1.00 plan=0.79 apply=15.03 upload=0.01/0 load=0.00 | cmds surface=2.90 vector=0.00 debug=0.00 mvp=0.40 diag=0.42 submit=0.38 | draw=110 surf=108 fps=30.0
06-11 21:26:42.484 I/MinimalGlobe(12935): Perf frame=777 total=22.76 advance=0.00 nativeRender=21.77 clear=0.00 swap=0.98 | engine begin=0.26 update=17.07 render=4.33 end=0.10 | scene layer=16.06 terrain=1.00 plan=0.92 apply=15.08 upload=0.01/0 load=0.00 | cmds surface=2.81 vector=0.00 debug=0.00 mvp=0.42 diag=0.42 submit=0.34 | draw=110 surf=108 fps=30.0
06-11 21:26:42.511 I/BasemapLayer(12935): RebuildPerf layer=xyz-6726892386683222704 total=7.67 reset=0.01 target=0.09 renderRefs=0.56 ancestor=0.06 kicking=0.14 evict=6.81 visible=54 candidates=54 desired=54 render=54
06-11 21:26:42.519 I/MinimalGlobe(12935): Perf frame=778 total=24.37 advance=0.00 nativeRender=22.76 clear=0.00 swap=1.60 | engine begin=0.18 update=17.28 render=5.10 end=0.20 | scene layer=16.26 terrain=1.00 plan=0.91 apply=15.30 upload=0.01/0 load=0.00 | cmds surface=2.96 vector=0.00 debug=0.00 mvp=0.41 diag=0.48 submit=0.85 | draw=110 surf=108 fps=30.0
06-11 21:26:42.553 I/MinimalGlobe(12935): Perf frame=779 total=25.55 advance=0.00 nativeRender=24.17 clear=0.00 swap=1.36 | engine begin=0.15 update=18.62 render=5.18 end=0.21 | scene layer=17.51 terrain=1.09 plan=0.91 apply=16.55 upload=0.01/0 load=0.00 | cmds surface=2.94 vector=0.00 debug=0.00 mvp=0.47 diag=0.50 submit=0.82 | draw=110 surf=108 fps=30.0
06-11 21:26:42.587 I/MinimalGlobe(12935): Perf frame=780 total=26.53 advance=0.00 nativeRender=25.28 clear=0.00 swap=1.24 | engine begin=0.14 update=19.79 render=5.20 end=0.15 | scene layer=18.70 terrain=1.07 plan=1.51 apply=17.14 upload=0.01/0 load=0.00 | cmds surface=3.06 vector=0.00 debug=0.00 mvp=0.43 diag=0.51 submit=0.79 | draw=110 surf=108 fps=30.0
06-11 21:26:42.620 I/MinimalGlobe(12935): Perf frame=781 total=25.69 advance=0.00 nativeRender=24.53 clear=0.00 swap=1.15 | engine begin=0.18 update=19.51 render=4.71 end=0.12 | scene layer=18.41 terrain=1.08 plan=1.46 apply=16.89 upload=0.01/0 load=0.00 | cmds surface=2.90 vector=0.00 debug=0.00 mvp=0.49 diag=0.45 submit=0.52 | draw=110 surf=108 fps=30.0
06-11 21:26:42.650 I/MinimalGlobe(12935): Perf frame=782 total=22.50 advance=0.00 nativeRender=21.39 clear=0.00 swap=1.10 | engine begin=0.18 update=16.79 render=4.32 end=0.10 | scene layer=15.92 terrain=0.85 plan=0.90 apply=14.98 upload=0.00/0 load=0.00 | cmds surface=2.79 vector=0.00 debug=0.00 mvp=0.40 diag=0.41 submit=0.37 | draw=110 surf=108 fps=30.0
06-11 21:26:42.683 I/MinimalGlobe(12935): Perf frame=783 total=22.52 advance=0.00 nativeRender=21.62 clear=0.00 swap=0.90 | engine begin=0.16 update=17.07 render=4.30 end=0.09 | scene layer=16.02 terrain=1.03 plan=0.99 apply=14.99 upload=0.00/0 load=0.00 | cmds surface=2.75 vector=0.00 debug=0.00 mvp=0.46 diag=0.41 submit=0.34 | draw=110 surf=108 fps=30.0
06-11 21:26:42.717 I/MinimalGlobe(12935): Perf frame=784 total=22.62 advance=0.00 nativeRender=21.58 clear=0.00 swap=1.04 | engine begin=0.13 update=17.00 render=4.34 end=0.10 | scene layer=16.00 terrain=0.99 plan=0.90 apply=15.06 upload=0.01/0 load=0.00 | cmds surface=2.83 vector=0.00 debug=0.00 mvp=0.41 diag=0.41 submit=0.34 | draw=110 surf=108 fps=30.0
06-11 21:26:42.736 I/BasemapLayer(12935): ApplyPerf layer=xyz-1590851704117573850 total=7.57 rebuild=7.55 uploadCall=0.01 uploadInner=0.00/0 visible=54 desired=54 render=54 cache=84
06-11 21:26:42.751 I/MinimalGlobe(12935): Perf frame=785 total=23.78 advance=0.00 nativeRender=22.86 clear=0.00 swap=0.92 | engine begin=0.14 update=17.78 render=4.79 end=0.14 | scene layer=16.63 terrain=1.14 plan=0.90 apply=15.69 upload=0.01/0 load=0.00 | cmds surface=2.81 vector=0.00 debug=0.00 mvp=0.41 diag=0.53 submit=0.64 | draw=110 surf=108 fps=30.0
06-11 21:26:42.786 I/MinimalGlobe(12935): Perf frame=786 total=25.44 advance=0.00 nativeRender=24.33 clear=0.00 swap=1.10 | engine begin=0.21 update=19.13 render=4.84 end=0.15 | scene layer=18.11 terrain=1.00 plan=1.61 apply=16.45 upload=0.01/0 load=0.00 | cmds surface=2.89 vector=0.00 debug=0.00 mvp=0.41 diag=0.46 submit=0.64 | draw=110 surf=108 fps=30.0
06-11 21:26:42.819 I/MinimalGlobe(12935): Perf frame=787 total=24.38 advance=0.00 nativeRender=23.25 clear=0.00 swap=1.12 | engine begin=0.22 update=18.32 render=4.59 end=0.12 | scene layer=17.34 terrain=0.95 plan=0.95 apply=16.34 upload=0.00/0 load=0.00 | cmds surface=2.92 vector=0.00 debug=0.00 mvp=0.41 diag=0.46 submit=0.45 | draw=110 surf=108 fps=30.0
06-11 21:26:42.850 I/MinimalGlobe(12935): Perf frame=788 total=22.86 advance=0.00 nativeRender=22.00 clear=0.00 swap=0.84 | engine begin=0.15 update=17.19 render=4.53 end=0.13 | scene layer=16.15 terrain=1.02 plan=0.92 apply=15.18 upload=0.01/0 load=0.00 | cmds surface=2.91 vector=0.00 debug=0.00 mvp=0.40 diag=0.42 submit=0.39 | draw=110 surf=108 fps=30.0
06-11 21:26:42.885 I/MinimalGlobe(12935): Perf frame=789 total=24.60 advance=0.00 nativeRender=23.34 clear=0.00 swap=1.25 | engine begin=0.16 update=18.03 render=4.93 end=0.22 | scene layer=16.96 terrain=1.05 plan=0.97 apply=15.94 upload=0.01/0 load=0.00 | cmds surface=2.95 vector=0.00 debug=0.00 mvp=0.41 diag=0.47 submit=0.69 | draw=110 surf=108 fps=30.0
06-11 21:26:42.918 I/MinimalGlobe(12935): Perf frame=790 total=23.93 advance=0.01 nativeRender=22.59 clear=0.00 swap=1.32 | engine begin=0.19 update=17.45 render=4.79 end=0.15 | scene layer=16.41 terrain=1.02 plan=0.89 apply=15.46 upload=0.01/0 load=0.00 | cmds surface=2.83 vector=0.00 debug=0.00 mvp=0.40 diag=0.46 submit=0.70 | draw=110 surf=108 fps=30.0
06-11 21:26:42.951 I/MinimalGlobe(12935): Perf frame=791 total=23.66 advance=0.00 nativeRender=22.33 clear=0.00 swap=1.31 | engine begin=0.23 update=17.44 render=4.53 end=0.12 | scene layer=16.42 terrain=1.00 plan=0.87 apply=15.51 upload=0.00/0 load=0.00 | cmds surface=2.64 vector=0.00 debug=0.00 mvp=0.39 diag=0.52 submit=0.60 | draw=110 surf=108 fps=30.0
06-11 21:26:42.986 I/MinimalGlobe(12935): Perf frame=792 total=25.17 advance=0.00 nativeRender=24.02 clear=0.00 swap=1.14 | engine begin=0.17 update=19.21 render=4.51 end=0.13 | scene layer=18.16 terrain=1.03 plan=1.47 apply=16.64 upload=0.01/0 load=0.00 | cmds surface=2.88 vector=0.00 debug=0.00 mvp=0.41 diag=0.42 submit=0.43 | draw=110 surf=108 fps=30.0
06-11 21:26:43.011 I/BasemapLayer(12935): RebuildPerf layer=xyz-6726892386683222704 total=7.74 reset=0.01 target=0.10 renderRefs=0.69 ancestor=0.07 kicking=0.17 evict=6.69 visible=54 candidates=54 desired=54 render=54
06-11 21:26:43.018 I/MinimalGlobe(12935): Perf frame=793 total=23.71 advance=0.00 nativeRender=22.26 clear=0.00 swap=1.43 | engine begin=0.16 update=17.51 render=4.46 end=0.12 | scene layer=16.48 terrain=1.01 plan=0.94 apply=15.47 upload=0.01/0 load=0.00 | cmds surface=2.86 vector=0.00 debug=0.00 mvp=0.40 diag=0.46 submit=0.38 | draw=110 surf=108 fps=30.0
06-11 21:26:43.050 I/MinimalGlobe(12935): Perf frame=794 total=22.78 advance=0.00 nativeRender=21.78 clear=0.00 swap=0.99 | engine begin=0.16 update=17.09 render=4.42 end=0.12 | scene layer=16.08 terrain=0.98 plan=0.92 apply=15.11 upload=0.00/0 load=0.00 | cmds surface=2.83 vector=0.00 debug=0.00 mvp=0.40 diag=0.41 submit=0.36 | draw=110 surf=108 fps=30.0
06-11 21:26:43.085 I/MinimalGlobe(12935): Perf frame=795 total=24.45 advance=0.00 nativeRender=23.09 clear=0.00 swap=1.34 | engine begin=0.21 update=17.80 render=4.91 end=0.17 | scene layer=16.73 terrain=1.05 plan=0.91 apply=15.77 upload=0.01/0 load=0.00 | cmds surface=2.92 vector=0.00 debug=0.00 mvp=0.42 diag=0.47 submit=0.69 | draw=110 surf=108 fps=30.0
06-11 21:26:43.119 I/MinimalGlobe(12935): Perf frame=796 total=24.54 advance=0.00 nativeRender=23.07 clear=0.00 swap=1.46 | engine begin=0.17 update=17.54 render=5.09 end=0.26 | scene layer=16.53 terrain=0.99 plan=0.94 apply=15.53 upload=0.01/0 load=0.00 | cmds surface=2.91 vector=0.00 debug=0.00 mvp=0.40 diag=0.47 submit=0.91 | draw=110 surf=108 fps=30.0
06-11 21:26:43.152 I/MinimalGlobe(12935): Perf frame=797 total=24.03 advance=0.00 nativeRender=22.89 clear=0.00 swap=1.13 | engine begin=0.15 update=17.94 render=4.66 end=0.13 | scene layer=16.90 terrain=1.03 plan=1.26 apply=15.59 upload=0.01/0 load=0.00 | cmds surface=2.66 vector=0.00 debug=0.00 mvp=0.48 diag=0.46 submit=0.67 | draw=110 surf=108 fps=30.0
06-11 21:26:43.185 I/MinimalGlobe(12935): Perf frame=798 total=23.94 advance=0.00 nativeRender=22.80 clear=0.00 swap=1.12 | engine begin=0.24 update=17.81 render=4.62 end=0.13 | scene layer=16.83 terrain=0.96 plan=1.34 apply=15.45 upload=0.00/0 load=0.00 | cmds surface=2.73 vector=0.00 debug=0.00 mvp=0.39 diag=0.48 submit=0.64 | draw=110 surf=108 fps=30.0
06-11 21:26:43.220 I/MinimalGlobe(12935): Perf frame=799 total=25.43 advance=0.00 nativeRender=24.24 clear=0.00 swap=1.18 | engine begin=0.22 update=19.03 render=4.86 end=0.12 | scene layer=17.91 terrain=1.10 plan=0.96 apply=16.91 upload=0.00/0 load=0.00 | cmds surface=2.93 vector=0.00 debug=0.00 mvp=0.51 diag=0.51 submit=0.51 | draw=110 surf=108 fps=30.0
06-11 21:26:43.236 I/BasemapLayer(12935): ApplyPerf layer=xyz-1590851704117573850 total=7.49 rebuild=7.47 uploadCall=0.00 uploadInner=0.00/0 visible=54 desired=54 render=54 cache=84
06-11 21:26:43.250 I/MinimalGlobe(12935): Perf frame=800 total=22.66 advance=0.00 nativeRender=21.70 clear=0.00 swap=0.96 | engine begin=0.18 update=16.96 render=4.46 end=0.10 | scene layer=15.97 terrain=0.97 plan=0.91 apply=15.02 upload=0.00/0 load=0.00 | cmds surface=2.81 vector=0.00 debug=0.00 mvp=0.40 diag=0.41 submit=0.43 | draw=110 surf=108 fps=30.0
06-11 21:26:43.283 I/MinimalGlobe(12935): Perf frame=801 total=22.55 advance=0.00 nativeRender=21.62 clear=0.00 swap=0.92 | engine begin=0.24 update=16.97 render=4.31 end=0.09 | scene layer=15.98 terrain=0.98 plan=0.90 apply=15.04 upload=0.00/0 load=0.00 | cmds surface=2.79 vector=0.00 debug=0.00 mvp=0.42 diag=0.41 submit=0.34 | draw=110 surf=108 fps=30.0
06-11 21:26:43.319 I/MinimalGlobe(12935): Perf frame=802 total=24.68 advance=0.00 nativeRender=22.99 clear=0.00 swap=1.68 | engine begin=0.17 update=17.30 render=5.19 end=0.32 | scene layer=16.27 terrain=1.02 plan=0.93 apply=15.29 upload=0.01/0 load=0.00 | cmds surface=2.97 vector=0.00 debug=0.00 mvp=0.42 diag=0.49 submit=0.91 | draw=110 surf=108 fps=30.0
06-11 21:26:43.353 I/MinimalGlobe(12935): Perf frame=803 total=25.45 advance=0.00 nativeRender=24.30 clear=0.00 swap=1.14 | engine begin=0.16 update=19.02 render=4.93 end=0.19 | scene layer=17.96 terrain=1.04 plan=1.24 apply=16.67 upload=0.01/0 load=0.00 | cmds surface=2.88 vector=0.00 debug=0.00 mvp=0.40 diag=0.51 submit=0.74 | draw=110 surf=108 fps=30.0
06-11 21:26:43.386 I/MinimalGlobe(12935): Perf frame=804 total=24.94 advance=0.00 nativeRender=23.43 clear=0.00 swap=1.49 | engine begin=0.19 update=17.93 render=5.13 end=0.18 | scene layer=16.91 terrain=1.01 plan=1.37 apply=15.48 upload=0.01/0 load=0.00 | cmds surface=2.90 vector=0.00 debug=0.00 mvp=0.45 diag=0.54 submit=0.82 | draw=110 surf=108 fps=30.0
06-11 21:26:43.421 I/MinimalGlobe(12935): Perf frame=805 total=26.31 advance=0.00 nativeRender=25.15 clear=0.00 swap=1.16 | engine begin=0.22 update=19.67 render=5.13 end=0.13 | scene layer=18.58 terrain=1.07 plan=1.34 apply=17.17 upload=0.00/0 load=0.00 | cmds surface=3.10 vector=0.00 debug=0.00 mvp=0.44 diag=0.53 submit=0.64 | draw=110 surf=108 fps=30.0
06-11 21:26:43.452 I/MinimalGlobe(12935): Perf frame=806 total=24.64 advance=0.00 nativeRender=23.49 clear=0.00 swap=1.15 | engine begin=0.14 update=19.18 render=4.02 end=0.14 | scene layer=18.31 terrain=0.86 plan=1.48 apply=16.79 upload=0.00/0 load=0.00 | cmds surface=2.47 vector=0.00 debug=0.00 mvp=0.36 diag=0.37 submit=0.52 | draw=110 surf=108 fps=30.0
06-11 21:26:43.483 I/MinimalGlobe(12935): Perf frame=807 total=22.51 advance=0.00 nativeRender=21.57 clear=0.00 swap=0.93 | engine begin=0.19 update=17.00 render=4.29 end=0.09 | scene layer=16.01 terrain=0.98 plan=0.89 apply=15.08 upload=0.00/0 load=0.00 | cmds surface=2.75 vector=0.00 debug=0.00 mvp=0.46 diag=0.41 submit=0.33 | draw=110 surf=108 fps=30.0
06-11 21:26:43.510 I/BasemapLayer(12935): RebuildPerf layer=xyz-6726892386683222704 total=7.48 reset=0.01 target=0.09 renderRefs=0.57 ancestor=0.06 kicking=0.14 evict=6.60 visible=54 candidates=54 desired=54 render=54
06-11 21:26:43.517 I/MinimalGlobe(12935): Perf frame=808 total=22.56 advance=0.00 nativeRender=21.53 clear=0.00 swap=1.03 | engine begin=0.12 update=17.02 render=4.30 end=0.10 | scene layer=16.02 terrain=0.98 plan=0.89 apply=15.10 upload=0.01/0 load=0.00 | cmds surface=2.81 vector=0.00 debug=0.00 mvp=0.40 diag=0.41 submit=0.33 | draw=110 surf=108 fps=30.0
06-11 21:26:43.550 I/MinimalGlobe(12935): Perf frame=809 total=22.44 advance=0.00 nativeRender=21.53 clear=0.00 swap=0.91 | engine begin=0.13 update=16.97 render=4.32 end=0.11 | scene layer=15.98 terrain=0.98 plan=0.89 apply=15.05 upload=0.00/0 load=0.00 | cmds surface=2.79 vector=0.00 debug=0.00 mvp=0.40 diag=0.41 submit=0.31 | draw=110 surf=108 fps=30.0
06-11 21:26:43.585 I/MinimalGlobe(12935): Perf frame=810 total=23.74 advance=0.00 nativeRender=22.50 clear=0.00 swap=1.24 | engine begin=0.12 update=17.49 render=4.76 end=0.13 | scene layer=16.47 terrain=1.00 plan=0.91 apply=15.53 upload=0.00/0 load=0.00 | cmds surface=2.87 vector=0.00 debug=0.00 mvp=0.41 diag=0.46 submit=0.62 | draw=110 surf=108 fps=30.0
06-11 21:26:43.620 I/MinimalGlobe(12935): Perf frame=811 total=25.48 advance=0.01 nativeRender=23.76 clear=0.00 swap=1.70 | engine begin=0.23 update=19.11 render=4.18 end=0.23 | scene layer=18.06 terrain=1.03 plan=1.50 apply=16.49 upload=0.01/0 load=0.00 | cmds surface=2.45 vector=0.00 debug=0.00 mvp=0.35 diag=0.43 submit=0.64 | draw=110 surf=108 fps=30.0
