06-11 21:27:34.244 I/MinimalGlobe(13954): Perf frame=480 total=12.59 advance=0.00 nativeRender=11.26 clear=0.00 swap=1.32 | engine begin=0.17 update=5.72 render=5.16 end=0.20 | scene layer=4.14 terrain=1.56 plan=1.75 apply=2.34 upload=0.00/0 load=0.00 | cmds surface=3.07 vector=0.00 debug=0.00 mvp=0.47 diag=0.59 submit=0.55 | draw=64 surf=62 fps=60.0
06-11 21:27:35.244 I/MinimalGlobe(13954): Perf frame=540 total=12.34 advance=0.00 nativeRender=11.19 clear=0.00 swap=1.14 | engine begin=0.16 update=5.60 render=5.22 end=0.20 | scene layer=4.08 terrain=1.51 plan=1.67 apply=2.35 upload=0.00/0 load=0.00 | cmds surface=3.07 vector=0.00 debug=0.00 mvp=0.47 diag=0.63 submit=0.58 | draw=64 surf=62 fps=60.0
06-11 21:27:36.240 I/MinimalGlobe(13954): Perf frame=600 total=8.58 advance=0.00 nativeRender=7.47 clear=0.00 swap=1.10 | engine begin=0.19 update=3.49 render=3.61 end=0.18 | scene layer=2.56 terrain=0.90 plan=0.91 apply=1.59 upload=0.00/0 load=0.00 | cmds surface=2.01 vector=0.00 debug=0.00 mvp=0.30 diag=0.30 submit=0.68 | draw=64 surf=62 fps=59.8
06-11 21:27:36.241 I/MinimalGlobe(13954): Frame 600 | tiles vis=62 cached=64 renderSurface=62 mesh=62 (terr=0 ellip=62 ready=0 terrParent=0 terrTrans=0) attach=62 exact=62 parent=0 stale=0 missingGen=0 | missing=0 unsupported=0 kicked=0 retained=0 visZ=3-11 targetZ=3-11 texZ=3-11 lod=512 eq=2 qRender=62 qWalk=80 qFrustum=134 qFade=0 qBal=0 qHz=50 qEq2=0 grp=62/0/0 gen=1 | sun=(0.03,0.93,0.36) | FPS=59.8 draw=64
06-11 21:27:36.246 I/MinimalGlobe(13954): Debug high tilt view | slope=0.093 ellAlt=25282.3
06-11 21:27:36.287 I/MinimalGlobe(13954): Perf frame=601 total=39.35 advance=0.00 nativeRender=37.87 clear=0.00 swap=1.45 | engine begin=0.21 update=10.44 render=25.01 end=2.21 | scene layer=8.40 terrain=2.01 plan=1.84 apply=4.83 upload=0.01/0 load=1.67 | cmds surface=24.13 vector=0.00 debug=0.00 mvp=0.25 diag=0.18 submit=0.24 | draw=50 surf=48 fps=60.1
06-11 21:27:36.301 I/BasemapLayer(13954): Tile uploaded: 3/0/0 256x256
06-11 21:27:36.305 I/BasemapLayer(13954): Tile uploaded: 3/2/0 256x256
06-11 21:27:36.352 I/BasemapLayer(13954): Tile uploaded: 3/4/0 256x256
06-11 21:27:36.352 I/BasemapLayer(13954): Tile uploaded: 3/4/1 256x256
06-11 21:27:36.358 I/BasemapLayer(13954): Tile uploaded: 3/0/0 256x256
06-11 21:27:36.359 I/BasemapLayer(13954): Tile uploaded: 3/0/1 256x256
06-11 21:27:36.385 I/BasemapLayer(13954): Tile uploaded: 3/3/0 256x256
06-11 21:27:36.385 I/BasemapLayer(13954): Tile uploaded: 3/3/1 256x256
06-11 21:27:36.391 I/BasemapLayer(13954): Tile uploaded: 3/1/0 256x256
06-11 21:27:36.392 I/BasemapLayer(13954): Tile uploaded: 3/3/0 256x256
06-11 21:27:36.419 I/BasemapLayer(13954): Tile uploaded: 3/1/0 256x256
06-11 21:27:36.419 I/BasemapLayer(13954): Tile uploaded: 3/0/1 256x256
06-11 21:27:36.425 I/BasemapLayer(13954): Tile uploaded: 3/4/0 256x256
06-11 21:27:36.425 I/BasemapLayer(13954): Tile uploaded: 3/5/0 256x256
06-11 21:27:36.452 I/BasemapLayer(13954): Tile uploaded: 3/3/2 256x256
06-11 21:27:36.453 I/BasemapLayer(13954): Tile uploaded: 3/1/1 256x256
06-11 21:27:36.459 I/BasemapLayer(13954): Tile uploaded: 3/2/1 256x256
06-11 21:27:36.460 I/BasemapLayer(13954): Tile uploaded: 3/1/1 256x256
06-11 21:27:36.469 I/MinimalGlobe(13954): Perf frame=608 total=20.88 advance=0.01 nativeRender=19.74 clear=0.00 swap=1.13 | engine begin=0.18 update=17.09 render=2.30 end=0.16 | scene layer=15.88 terrain=1.18 plan=1.06 apply=14.32 upload=1.70/4 load=0.44 | cmds surface=1.33 vector=0.00 debug=0.00 mvp=0.20 diag=0.20 submit=0.33 | draw=50 surf=48 fps=49.8
06-11 21:27:36.486 I/BasemapLayer(13954): Tile uploaded: 3/5/0 256x256
06-11 21:27:36.486 I/BasemapLayer(13954): Tile uploaded: 3/4/0 256x256
06-11 21:27:36.494 I/BasemapLayer(13954): Tile uploaded: 3/3/2 256x256
06-11 21:27:36.494 I/BasemapLayer(13954): Tile uploaded: 3/0/1 256x256
06-11 21:27:36.505 I/MinimalGlobe(13954): Perf frame=609 total=23.15 advance=0.01 nativeRender=21.79 clear=0.00 swap=1.34 | engine begin=0.23 update=17.51 render=3.89 end=0.17 | scene layer=16.38 terrain=1.09 plan=0.99 apply=14.89 upload=1.58/4 load=0.43 | cmds surface=2.80 vector=0.00 debug=0.00 mvp=0.23 diag=0.23 submit=0.37 | draw=56 surf=54 fps=47.8
06-11 21:27:36.519 I/BasemapLayer(13954): Tile uploaded: 3/2/1 256x256
06-11 21:27:36.520 I/BasemapLayer(13954): Tile uploaded: 3/4/1 256x256
06-11 21:27:36.526 I/BasemapLayer(13954): Tile uploaded: 3/3/1 256x256
06-11 21:27:36.527 I/BasemapLayer(13954): Tile uploaded: 3/4/1 256x256
06-11 21:27:36.537 I/MinimalGlobe(13954): Perf frame=610 total=22.26 advance=0.01 nativeRender=20.89 clear=0.00 swap=1.36 | engine begin=0.25 update=17.09 render=3.35 end=0.19 | scene layer=15.95 terrain=1.10 plan=1.04 apply=14.43 upload=1.76/4 load=0.41 | cmds surface=2.23 vector=0.00 debug=0.00 mvp=0.24 diag=0.24 submit=0.38 | draw=58 surf=56 fps=46.0
06-11 21:27:36.552 I/BasemapLayer(13954): Tile uploaded: 3/2/0 256x256
06-11 21:27:36.552 I/BasemapLayer(13954): Tile uploaded: 3/0/0 256x256
06-11 21:27:36.558 I/BasemapLayer(13954): Tile uploaded: 3/2/0 256x256
06-11 21:27:36.558 I/BasemapLayer(13954): Tile uploaded: 3/1/0 256x256
06-11 21:27:36.585 I/BasemapLayer(13954): Tile uploaded: 3/3/1 256x256
06-11 21:27:36.585 I/BasemapLayer(13954): Tile uploaded: 3/1/0 256x256
06-11 21:27:36.590 I/BasemapLayer(13954): Tile uploaded: 3/0/0 256x256
06-11 21:27:36.590 I/BasemapLayer(13954): Tile uploaded: 3/3/0 256x256
06-11 21:27:36.618 I/BasemapLayer(13954): Tile uploaded: 3/3/0 256x256
06-11 21:27:36.618 I/BasemapLayer(13954): Tile uploaded: 3/0/1 256x256
06-11 21:27:36.624 I/BasemapLayer(13954): Tile uploaded: 3/4/0 256x256
06-11 21:27:36.624 I/BasemapLayer(13954): Tile uploaded: 3/5/0 256x256
06-11 21:27:36.652 I/BasemapLayer(13954): Tile uploaded: 3/3/2 256x256
06-11 21:27:36.652 I/BasemapLayer(13954): Tile uploaded: 4/10/2 256x256
06-11 21:27:36.658 I/BasemapLayer(13954): Tile uploaded: 3/2/1 256x256
06-11 21:27:36.658 I/BasemapLayer(13954): Tile uploaded: 3/1/1 256x256
06-11 21:27:37.251 I/BasemapLayer(13954): Tile uploaded: 5/24/10 256x256
06-11 21:27:37.251 I/BasemapLayer(13954): Tile uploaded: 5/26/11 256x256
06-11 21:27:37.256 I/BasemapLayer(13954): Tile uploaded: 5/26/11 256x256
06-11 21:27:37.257 I/BasemapLayer(13954): Tile uploaded: 5/26/10 256x256
06-11 21:27:37.284 I/BasemapLayer(13954): Tile uploaded: 5/26/10 256x256
06-11 21:27:37.284 I/BasemapLayer(13954): Tile uploaded: 7/100/50 256x256
06-11 21:27:37.288 I/BasemapLayer(13954): ApplyPerf layer=xyz-1590851704117573850 total=6.12 rebuild=1.48 uploadCall=4.63 uploadInner=0.69/2 visible=54 desired=54 render=44 cache=66
06-11 21:27:37.291 I/BasemapLayer(13954): Tile uploaded: 7/101/50 256x256
06-11 21:27:37.291 I/BasemapLayer(13954): Tile uploaded: 4/12/4 256x256
06-11 21:27:37.302 I/MinimalGlobe(13954): Perf frame=633 total=21.22 advance=0.00 nativeRender=20.16 clear=0.00 swap=1.05 | engine begin=0.19 update=14.86 render=4.95 end=0.16 | scene layer=13.80 terrain=1.03 plan=0.80 apply=12.52 upload=1.47/4 load=0.41 | cmds surface=3.36 vector=0.00 debug=0.00 mvp=0.33 diag=0.37 submit=0.52 | draw=91 surf=89 fps=31.4
06-11 21:27:37.318 I/BasemapLayer(13954): Tile uploaded: 7/101/50 256x256
06-11 21:27:37.319 I/BasemapLayer(13954): Tile uploaded: 4/12/4 256x256
06-11 21:27:37.324 I/BasemapLayer(13954): Tile uploaded: 7/100/50 256x256
06-11 21:27:37.325 I/BasemapLayer(13954): Tile uploaded: 4/14/3 256x256
06-11 21:27:37.335 I/MinimalGlobe(13954): Perf frame=634 total=20.68 advance=0.01 nativeRender=19.41 clear=0.00 swap=1.25 | engine begin=0.23 update=14.77 render=4.23 end=0.18 | scene layer=13.66 terrain=1.08 plan=0.91 apply=12.25 upload=1.40/4 load=0.43 | cmds surface=2.56 vector=0.00 debug=0.00 mvp=0.33 diag=0.42 submit=0.58 | draw=92 surf=90 fps=31.3
06-11 21:27:37.352 I/BasemapLayer(13954): Tile uploaded: 4/11/4 256x256
06-11 21:27:37.352 I/BasemapLayer(13954): Tile uploaded: 8/202/102 256x256
06-11 21:27:37.358 I/BasemapLayer(13954): Tile uploaded: 4/11/4 256x256
06-11 21:27:37.359 I/BasemapLayer(13954): Tile uploaded: 8/202/102 256x256
06-11 21:27:37.372 I/MinimalGlobe(13954): Perf frame=635 total=23.59 advance=0.01 nativeRender=22.29 clear=0.00 swap=1.28 | engine begin=0.21 update=15.71 render=6.20 end=0.17 | scene layer=14.59 terrain=1.09 plan=1.04 apply=13.09 upload=1.25/4 load=0.40 | cmds surface=4.32 vector=0.00 debug=0.00 mvp=0.37 diag=0.47 submit=0.65 | draw=94 surf=92 fps=31.1
06-11 21:27:37.384 I/BasemapLayer(13954): Tile uploaded: 5/25/10 256x256
06-11 21:27:37.384 I/BasemapLayer(13954): Tile uploaded: 4/13/4 256x256
06-11 21:27:37.390 I/BasemapLayer(13954): Tile uploaded: 5/24/10 256x256
06-11 21:27:37.390 I/BasemapLayer(13954): Tile uploaded: 5/24/11 256x256
06-11 21:27:37.417 I/BasemapLayer(13954): Tile uploaded: 5/24/11 256x256
06-11 21:27:37.418 I/BasemapLayer(13954): Tile uploaded: 8/203/102 256x256
06-11 21:27:37.423 I/BasemapLayer(13954): Tile uploaded: 4/13/4 256x256
06-11 21:27:37.423 I/BasemapLayer(13954): Tile uploaded: 5/25/10 256x256
06-11 21:27:37.450 I/BasemapLayer(13954): Tile uploaded: 5/26/11 256x256
06-11 21:27:37.451 I/BasemapLayer(13954): Tile uploaded: 5/24/10 256x256
06-11 21:27:37.456 I/BasemapLayer(13954): Tile uploaded: 5/26/11 256x256
06-11 21:27:37.456 I/BasemapLayer(13954): Tile uploaded: 5/26/10 256x256
06-11 21:27:37.484 I/BasemapLayer(13954): Tile uploaded: 7/100/50 256x256
06-11 21:27:37.484 I/BasemapLayer(13954): Tile uploaded: 5/26/10 256x256
06-11 21:27:37.489 I/BasemapLayer(13954): Tile uploaded: 8/203/102 256x256
06-11 21:27:37.489 I/BasemapLayer(13954): Tile uploaded: 7/101/50 256x256
06-11 21:27:37.517 I/BasemapLayer(13954): Tile uploaded: 7/101/50 256x256
06-11 21:27:37.517 I/BasemapLayer(13954): Tile uploaded: 8/202/103 256x256
06-11 21:27:37.522 I/BasemapLayer(13954): Tile uploaded: 8/202/103 256x256
06-11 21:27:37.523 I/BasemapLayer(13954): Tile uploaded: 7/100/50 256x256
06-11 21:27:37.551 I/BasemapLayer(13954): Tile uploaded: 8/202/102 256x256
06-11 21:27:37.551 I/BasemapLayer(13954): Tile uploaded: 7/102/50 256x256
06-11 21:27:37.557 I/BasemapLayer(13954): Tile uploaded: 8/203/103 256x256
06-11 21:27:37.558 I/BasemapLayer(13954): Tile uploaded: 7/102/51 256x256
06-11 21:27:37.584 I/BasemapLayer(13954): Tile uploaded: 7/102/51 256x256
06-11 21:27:37.584 I/BasemapLayer(13954): Tile uploaded: 8/203/103 256x256
06-11 21:27:37.589 I/BasemapLayer(13954): Tile uploaded: 8/202/102 256x256
06-11 21:27:37.590 I/BasemapLayer(13954): Tile uploaded: 9/406/210 256x256
06-11 21:27:37.602 I/MinimalGlobe(13954): Perf frame=642 total=20.90 advance=0.00 nativeRender=19.77 clear=0.00 swap=1.11 | engine begin=0.15 update=13.83 render=5.63 end=0.15 | scene layer=12.76 terrain=1.05 plan=0.82 apply=11.50 upload=1.20/4 load=0.39 | cmds surface=4.18 vector=0.00 debug=0.00 mvp=0.36 diag=0.38 submit=0.38 | draw=97 surf=95 fps=30.6
06-11 21:27:37.618 I/BasemapLayer(13954): Tile uploaded: 8/203/102 256x256
06-11 21:27:37.618 I/BasemapLayer(13954): Tile uploaded: 9/406/210 256x256
06-11 21:27:37.623 I/BasemapLayer(13954): Tile uploaded: 9/407/210 256x256
06-11 21:27:37.624 I/BasemapLayer(13954): Tile uploaded: 7/102/50 256x256
06-11 21:27:37.637 I/MinimalGlobe(13954): Perf frame=643 total=22.03 advance=0.00 nativeRender=20.78 clear=0.00 swap=1.24 | engine begin=0.17 update=14.50 render=5.97 end=0.13 | scene layer=13.25 terrain=1.23 plan=0.83 apply=11.97 upload=1.24/4 load=0.39 | cmds surface=4.63 vector=0.00 debug=0.00 mvp=0.34 diag=0.33 submit=0.38 | draw=101 surf=99 fps=30.5
06-11 21:27:37.651 I/BasemapLayer(13954): Tile uploaded: 9/407/210 256x256
06-11 21:27:37.651 I/BasemapLayer(13954): Tile uploaded: 8/203/104 256x256
06-11 21:27:37.657 I/BasemapLayer(13954): Tile uploaded: 8/203/102 256x256
06-11 21:27:37.658 I/BasemapLayer(13954): Tile uploaded: 8/203/104 256x256
06-11 21:27:37.672 I/MinimalGlobe(13954): Perf frame=644 total=24.61 advance=0.00 nativeRender=23.55 clear=0.00 swap=1.04 | engine begin=0.23 update=14.99 render=8.18 end=0.14 | scene layer=13.89 terrain=1.08 plan=0.93 apply=12.50 upload=1.71/4 load=0.40 | cmds surface=6.59 vector=0.00 debug=0.00 mvp=0.41 diag=0.41 submit=0.41 | draw=103 surf=101 fps=30.5
06-11 21:27:37.684 I/BasemapLayer(13954): Tile uploaded: 10/814/422 256x256
06-11 21:27:37.684 I/BasemapLayer(13954): Tile uploaded: 10/815/422 256x256
06-11 21:27:37.690 I/BasemapLayer(13954): Tile uploaded: 10/814/422 256x256
06-11 21:27:37.691 I/BasemapLayer(13954): Tile uploaded: 8/202/103 256x256
06-11 21:27:37.704 I/MinimalGlobe(13954): Perf frame=645 total=22.49 advance=0.00 nativeRender=21.47 clear=0.00 swap=0.99 | engine begin=0.16 update=13.87 render=7.31 end=0.13 | scene layer=12.99 terrain=0.86 plan=0.79 apply=11.78 upload=1.39/4 load=0.36 | cmds surface=5.30 vector=0.00 debug=0.00 mvp=0.49 diag=0.46 submit=0.67 | draw=104 surf=102 fps=30.4
06-11 21:27:37.718 I/BasemapLayer(13954): Tile uploaded: 8/202/103 256x256
06-11 21:27:37.718 I/BasemapLayer(13954): Tile uploaded: 7/102/50 256x256
06-11 21:27:37.724 I/BasemapLayer(13954): Tile uploaded: 10/815/422 256x256
06-11 21:27:37.724 I/BasemapLayer(13954): Tile uploaded: 7/102/51 256x256
06-11 21:27:39.145 I/MinimalGlobe(13954): Perf frame=720 total=14.57 advance=0.00 nativeRender=13.20 clear=0.00 swap=1.36 | engine begin=2.63 update=5.33 render=5.03 end=0.21 | scene layer=4.27 terrain=1.03 plan=1.10 apply=3.10 upload=0.01/0 load=0.00 | cmds surface=2.87 vector=0.00 debug=0.00 mvp=0.40 diag=0.46 submit=0.90 | draw=110 surf=108 fps=60.0
06-11 21:27:39.223 I/MinimalGlobe(13954): Perf frame=724 total=25.34 advance=0.00 nativeRender=11.75 clear=0.00 swap=13.58 | engine begin=1.25 update=5.50 render=4.85 end=0.15 | scene layer=4.40 terrain=1.08 plan=1.17 apply=3.19 upload=0.00/0 load=0.00 | cmds surface=2.95 vector=0.00 debug=0.00 mvp=0.41 diag=0.46 submit=0.63 | draw=110 surf=108 fps=60.0
06-11 21:27:40.160 I/MinimalGlobe(13954): Perf frame=780 total=13.05 advance=0.00 nativeRender=12.02 clear=0.00 swap=1.02 | engine begin=0.12 update=5.98 render=5.79 end=0.12 | scene layer=4.58 terrain=1.39 plan=1.28 apply=3.26 upload=0.00/0 load=0.00 | cmds surface=3.77 vector=0.00 debug=0.00 mvp=0.47 diag=0.51 submit=0.60 | draw=110 surf=108 fps=60.0
06-11 21:27:41.160 I/MinimalGlobe(13954): Perf frame=840 total=12.81 advance=0.00 nativeRender=11.76 clear=0.00 swap=1.04 | engine begin=0.10 update=5.54 render=5.98 end=0.13 | scene layer=4.23 terrain=1.29 plan=1.10 apply=3.10 upload=0.00/0 load=0.00 | cmds surface=3.80 vector=0.00 debug=0.00 mvp=0.62 diag=0.52 submit=0.61 | draw=110 surf=108 fps=60.0
06-11 21:27:42.160 I/MinimalGlobe(13954): Perf frame=900 total=12.98 advance=0.00 nativeRender=11.86 clear=0.00 swap=1.11 | engine begin=0.14 update=5.83 render=5.76 end=0.13 | scene layer=4.48 terrain=1.34 plan=1.30 apply=3.14 upload=0.00/0 load=0.00 | cmds surface=3.44 vector=0.00 debug=0.00 mvp=0.59 diag=0.52 submit=0.77 | draw=110 surf=108 fps=60.0
06-11 21:27:42.160 I/MinimalGlobe(13954): Frame 900 | tiles vis=108 cached=168 renderSurface=108 mesh=108 (terr=0 ellip=108 ready=0 terrParent=0 terrTrans=0) attach=108 exact=108 parent=0 stale=0 missingGen=0 | missing=0 unsupported=0 kicked=0 retained=0 visZ=2-11 targetZ=2-11 texZ=2-11 lod=280 eq=0 qRender=108 qWalk=100 qFrustum=196 qFade=0 qBal=0 qHz=0 qEq2=0 grp=108/0/0 gen=2 | sun=(0.03,0.93,0.36) | FPS=60.0 draw=110
06-11 21:27:43.160 I/MinimalGlobe(13954): Perf frame=960 total=13.05 advance=0.00 nativeRender=11.80 clear=0.00 swap=1.24 | engine begin=0.18 update=5.61 render=5.81 end=0.20 | scene layer=4.39 terrain=1.20 plan=1.40 apply=2.94 upload=0.00/0 load=0.00 | cmds surface=3.34 vector=0.00 debug=0.00 mvp=0.48 diag=0.67 submit=0.85 | draw=110 surf=108 fps=60.0
06-11 21:27:44.160 I/MinimalGlobe(13954): Perf frame=1020 total=13.49 advance=0.00 nativeRender=12.36 clear=0.00 swap=1.12 | engine begin=0.15 update=5.96 render=6.11 end=0.14 | scene layer=4.60 terrain=1.35 plan=1.29 apply=3.27 upload=0.00/0 load=0.00 | cmds surface=3.67 vector=0.00 debug=0.00 mvp=0.72 diag=0.55 submit=0.67 | draw=110 surf=108 fps=60.0
06-11 21:27:45.160 I/MinimalGlobe(13954): Perf frame=1080 total=13.39 advance=0.00 nativeRender=12.19 clear=0.00 swap=1.19 | engine begin=0.13 update=5.82 render=6.12 end=0.13 | scene layer=4.50 terrain=1.30 plan=1.24 apply=3.23 upload=0.00/0 load=0.00 | cmds surface=3.74 vector=0.00 debug=0.00 mvp=0.55 diag=0.67 submit=0.70 | draw=110 surf=108 fps=60.0
