06-11 21:25:05.557 I/MinimalGlobe(11823): Perf frame=540 total=13.64 advance=0.00 nativeRender=12.45 clear=0.00 swap=1.18 | engine begin=0.17 update=8.95 render=3.18 end=0.14 | scene layer=7.90 terrain=1.04 plan=1.01 apply=6.84 upload=0.01/0 load=0.00 | cmds surface=1.87 vector=0.00 debug=0.00 mvp=0.27 diag=0.30 submit=0.45 | draw=64 surf=62 fps=60.0
06-11 21:25:06.553 I/GLES    (11823): submit #600: 64 commands, glError=0
06-11 21:25:06.555 I/MinimalGlobe(11823): Perf frame=600 total=11.49 advance=0.00 nativeRender=10.19 clear=0.00 swap=1.28 | engine begin=0.13 update=7.10 render=2.77 end=0.19 | scene layer=6.30 terrain=0.79 plan=0.71 apply=5.56 upload=0.00/0 load=0.00 | cmds surface=1.60 vector=0.00 debug=0.00 mvp=0.24 diag=0.23 submit=0.46 | draw=64 surf=62 fps=60.0
06-11 21:25:06.555 I/MinimalGlobe(11823): Frame 600 | tiles vis=62 cached=64 renderSurface=62 mesh=62 (terr=0 ellip=62 ready=0 terrParent=0 terrTrans=0) attach=62 exact=62 parent=0 stale=0 missingGen=0 | missing=0 unsupported=0 kicked=0 retained=0 visZ=3-11 targetZ=3-11 texZ=3-11 lod=512 eq=2 qRender=62 qWalk=80 qFrustum=134 qFade=0 qBal=0 qHz=50 qEq2=0 grp=62/0/0 gen=1 | sun=(0.03,0.93,0.36) | FPS=60.0 draw=64
06-11 21:25:07.363 I/MinimalGlobe(11823): Debug high tilt view | slope=0.093 ellAlt=25282.3
06-11 21:25:07.378 I/QMTerrain(11823): httpGet ENTER: http://192.168.1.6:8091/11/1629/693.terrain
06-11 21:25:07.378 I/QMTerrain(11823): httpGet ENTER: http://192.168.1.6:8091/11/1630/689.terrain
06-11 21:25:07.404 I/MinimalGlobe(11823): Perf frame=649 total=40.38 advance=0.00 nativeRender=39.28 clear=0.00 swap=1.08 | engine begin=0.21 update=14.43 render=22.86 end=1.78 | scene layer=12.40 terrain=2.00 plan=1.61 apply=7.64 upload=0.01/0 load=3.07 | cmds surface=21.91 vector=0.00 debug=0.00 mvp=0.22 diag=0.21 submit=0.29 | draw=50 surf=48 fps=59.0
06-11 21:25:07.415 I/BasemapLayer(11823): Tile uploaded: 3/2/0 256x256
06-11 21:25:07.416 I/BasemapLayer(11823): Tile uploaded: 3/1/1 256x256
06-11 21:25:07.448 I/BasemapLayer(11823): Tile uploaded: 3/3/0 256x256
06-11 21:25:07.449 I/BasemapLayer(11823): Tile uploaded: 3/3/1 256x256
06-11 21:25:07.456 I/BasemapLayer(11823): Tile uploaded: 3/3/0 256x256
06-11 21:25:07.482 I/BasemapLayer(11823): Tile uploaded: 3/5/0 256x256
06-11 21:25:07.483 I/BasemapLayer(11823): Tile uploaded: 3/4/0 256x256
06-11 21:25:07.490 I/BasemapLayer(11823): Tile uploaded: 3/1/0 256x256
06-11 21:25:07.491 I/BasemapLayer(11823): Tile uploaded: 3/0/0 256x256
06-11 21:25:07.499 I/MinimalGlobe(11823): Perf frame=652 total=22.48 advance=0.00 nativeRender=21.54 clear=0.00 swap=0.93 | engine begin=0.26 update=18.92 render=2.17 end=0.19 | scene layer=17.84 terrain=1.05 plan=1.10 apply=16.22 upload=1.58/4 load=0.41 | cmds surface=1.30 vector=0.00 debug=0.00 mvp=0.19 diag=0.19 submit=0.28 | draw=50 surf=48 fps=50.5
06-11 21:25:07.515 I/BasemapLayer(11823): Tile uploaded: 3/3/2 256x256
06-11 21:25:07.516 I/BasemapLayer(11823): Tile uploaded: 3/0/1 256x256
06-11 21:25:07.524 I/BasemapLayer(11823): Tile uploaded: 3/0/1 256x256
06-11 21:25:07.524 I/BasemapLayer(11823): Tile uploaded: 3/2/0 256x256
06-11 21:25:07.533 I/MinimalGlobe(11823): Perf frame=653 total=23.35 advance=0.00 nativeRender=22.19 clear=0.00 swap=1.14 | engine begin=0.18 update=19.56 render=2.28 end=0.17 | scene layer=18.35 terrain=1.18 plan=0.99 apply=16.87 upload=1.52/4 load=0.43 | cmds surface=1.33 vector=0.00 debug=0.00 mvp=0.20 diag=0.20 submit=0.32 | draw=50 surf=48 fps=48.4
06-11 21:25:07.549 I/BasemapLayer(11823): Tile uploaded: 3/0/0 256x256
06-11 21:25:07.549 I/BasemapLayer(11823): Tile uploaded: 3/4/1 256x256
06-11 21:25:07.557 I/BasemapLayer(11823): Tile uploaded: 3/3/2 256x256
06-11 21:25:07.558 I/BasemapLayer(11823): Tile uploaded: 3/5/0 256x256
06-11 21:25:07.567 I/MinimalGlobe(11823): Perf frame=654 total=23.61 advance=0.00 nativeRender=22.48 clear=0.00 swap=1.11 | engine begin=0.19 update=19.59 render=2.53 end=0.17 | scene layer=18.45 terrain=1.11 plan=0.98 apply=16.96 upload=1.55/4 load=0.44 | cmds surface=1.51 vector=0.00 debug=0.00 mvp=0.25 diag=0.21 submit=0.34 | draw=50 surf=48 fps=46.6
06-11 21:25:07.582 I/BasemapLayer(11823): Tile uploaded: 3/1/0 256x256
06-11 21:25:07.582 I/BasemapLayer(11823): Tile uploaded: 3/2/1 256x256
06-11 21:25:07.590 I/BasemapLayer(11823): Tile uploaded: 3/4/1 256x256
06-11 21:25:07.590 I/BasemapLayer(11823): Tile uploaded: 3/3/0 256x256
06-11 21:25:07.600 I/MinimalGlobe(11823): Perf frame=655 total=23.09 advance=0.00 nativeRender=21.86 clear=0.00 swap=1.22 | engine begin=0.28 update=18.50 render=2.91 end=0.16 | scene layer=17.41 terrain=1.06 plan=0.94 apply=15.99 upload=1.41/4 load=0.41 | cmds surface=1.98 vector=0.00 debug=0.00 mvp=0.22 diag=0.19 submit=0.31 | draw=52 surf=50 fps=44.9
06-11 21:25:07.616 I/BasemapLayer(11823): Tile uploaded: 3/1/1 256x256
06-11 21:25:07.616 I/BasemapLayer(11823): Tile uploaded: 3/3/0 256x256
06-11 21:25:07.623 I/BasemapLayer(11823): Tile uploaded: 3/4/0 256x256
06-11 21:25:07.623 I/BasemapLayer(11823): Tile uploaded: 3/2/1 256x256
06-11 21:25:07.633 I/MinimalGlobe(11823): Perf frame=656 total=22.91 advance=0.01 nativeRender=21.35 clear=0.00 swap=1.54 | engine begin=0.24 update=17.54 render=3.36 end=0.20 | scene layer=16.57 terrain=0.94 plan=1.03 apply=15.02 upload=1.76/4 load=0.44 | cmds surface=2.38 vector=0.00 debug=0.00 mvp=0.23 diag=0.20 submit=0.31 | draw=58 surf=56 fps=43.4
06-11 21:25:07.649 I/BasemapLayer(11823): Tile uploaded: 3/2/0 256x256
06-11 21:25:07.650 I/BasemapLayer(11823): Tile uploaded: 3/5/0 256x256
06-11 21:25:07.657 I/BasemapLayer(11823): Tile uploaded: 3/1/0 256x256
06-11 21:25:07.658 I/BasemapLayer(11823): Tile uploaded: 3/3/1 256x256
06-11 21:25:07.668 I/MinimalGlobe(11823): Perf frame=657 total=24.79 advance=0.00 nativeRender=23.24 clear=0.00 swap=1.53 | engine begin=0.17 update=19.67 render=3.19 end=0.21 | scene layer=18.56 terrain=1.08 plan=0.94 apply=17.09 upload=1.41/4 load=0.46 | cmds surface=2.02 vector=0.00 debug=0.00 mvp=0.25 diag=0.26 submit=0.43 | draw=60 surf=58 fps=42.1
06-11 21:25:07.682 I/BasemapLayer(11823): Tile uploaded: 3/3/1 256x256
06-11 21:25:07.682 I/BasemapLayer(11823): Tile uploaded: 3/0/1 256x256
06-11 21:25:07.688 I/BasemapLayer(11823): Tile uploaded: 3/2/0 256x256
06-11 21:25:07.688 I/BasemapLayer(11823): Tile uploaded: 3/1/1 256x256
06-11 21:25:07.697 I/MinimalGlobe(11823): Perf frame=658 total=20.19 advance=0.00 nativeRender=19.24 clear=0.00 swap=0.94 | engine begin=0.31 update=15.64 render=3.14 end=0.14 | scene layer=14.77 terrain=0.84 plan=0.75 apply=13.59 upload=1.03/4 load=0.37 | cmds surface=2.12 vector=0.00 debug=0.00 mvp=0.26 diag=0.23 submit=0.30 | draw=63 surf=61 fps=40.9
06-11 21:25:07.716 I/BasemapLayer(11823): Tile uploaded: 3/3/2 256x256
06-11 21:25:07.716 I/BasemapLayer(11823): Tile uploaded: 3/4/0 256x256
06-11 21:25:07.725 I/BasemapLayer(11823): Tile uploaded: 3/0/0 256x256
06-11 21:25:07.725 I/BasemapLayer(11823): Tile uploaded: 3/5/0 256x256
06-11 21:25:07.735 I/MinimalGlobe(11823): Perf frame=659 total=25.08 advance=0.00 nativeRender=24.03 clear=0.00 swap=1.04 | engine begin=0.19 update=20.18 render=3.52 end=0.15 | scene layer=19.00 terrain=1.15 plan=0.94 apply=17.52 upload=1.07/4 load=0.49 | cmds surface=2.27 vector=0.00 debug=0.00 mvp=0.35 diag=0.34 submit=0.30 | draw=66 surf=64 fps=39.8
06-11 21:25:07.748 I/BasemapLayer(11823): Tile uploaded: 3/4/1 256x256
06-11 21:25:07.749 I/BasemapLayer(11823): Tile uploaded: 3/0/0 256x256
06-11 21:25:07.755 I/BasemapLayer(11823): Tile uploaded: 3/0/1 256x256
06-11 21:25:07.756 I/BasemapLayer(11823): Tile uploaded: 3/4/1 256x256
06-11 21:25:08.372 I/MinimalGlobe(11823): Perf frame=678 total=28.24 advance=0.00 nativeRender=27.08 clear=0.00 swap=1.15 | engine begin=0.17 update=21.99 render=4.79 end=0.13 | scene layer=20.77 terrain=1.19 plan=0.98 apply=19.37 upload=1.29/4 load=0.36 | cmds surface=3.39 vector=0.00 debug=0.00 mvp=0.34 diag=0.33 submit=0.41 | draw=88 surf=86 fps=31.3
06-11 21:25:08.384 I/BasemapLayer(11823): Tile uploaded: 4/11/4 256x256
06-11 21:25:08.385 I/BasemapLayer(11823): Tile uploaded: 8/202/102 256x256
06-11 21:25:08.395 I/BasemapLayer(11823): Tile uploaded: 5/26/10 256x256
06-11 21:25:08.395 I/BasemapLayer(11823): Tile uploaded: 4/11/4 256x256
06-11 21:25:08.406 I/MinimalGlobe(11823): Perf frame=679 total=29.24 advance=0.00 nativeRender=27.96 clear=0.00 swap=1.27 | engine begin=0.22 update=23.39 render=4.19 end=0.16 | scene layer=22.30 terrain=1.06 plan=0.89 apply=20.95 upload=1.27/4 load=0.40 | cmds surface=2.73 vector=0.00 debug=0.00 mvp=0.42 diag=0.34 submit=0.39 | draw=89 surf=87 fps=31.2
06-11 21:25:08.418 I/BasemapLayer(11823): Tile uploaded: 4/14/3 256x256
06-11 21:25:08.418 I/BasemapLayer(11823): Tile uploaded: 4/12/4 256x256
06-11 21:25:08.428 I/BasemapLayer(11823): Tile uploaded: 5/26/11 256x256
06-11 21:25:08.429 I/BasemapLayer(11823): Tile uploaded: 5/25/10 256x256
06-11 21:25:08.439 I/MinimalGlobe(11823): Perf frame=680 total=29.02 advance=0.00 nativeRender=27.78 clear=0.00 swap=1.22 | engine begin=0.14 update=23.28 render=4.15 end=0.21 | scene layer=22.08 terrain=1.18 plan=0.98 apply=20.66 upload=1.26/4 load=0.38 | cmds surface=2.34 vector=0.00 debug=0.00 mvp=0.34 diag=0.37 submit=0.74 | draw=89 surf=87 fps=31.1
06-11 21:25:08.452 I/BasemapLayer(11823): Tile uploaded: 7/101/50 256x256
06-11 21:25:08.452 I/BasemapLayer(11823): Tile uploaded: 5/24/11 256x256
06-11 21:25:08.463 I/BasemapLayer(11823): Tile uploaded: 7/100/50 256x256
06-11 21:25:08.463 I/BasemapLayer(11823): Tile uploaded: 7/101/50 256x256
06-11 21:25:08.476 I/MinimalGlobe(11823): Perf frame=681 total=32.16 advance=0.00 nativeRender=30.92 clear=0.00 swap=1.22 | engine begin=0.16 update=24.97 render=5.60 end=0.18 | scene layer=23.85 terrain=1.10 plan=0.75 apply=22.64 upload=1.70/4 load=0.40 | cmds surface=3.80 vector=0.00 debug=0.00 mvp=0.38 diag=0.44 submit=0.61 | draw=92 surf=90 fps=31.0
06-11 21:25:08.486 I/BasemapLayer(11823): Tile uploaded: 4/13/4 256x256
06-11 21:25:08.486 I/BasemapLayer(11823): Tile uploaded: 5/25/10 256x256
06-11 21:25:08.497 I/BasemapLayer(11823): Tile uploaded: 5/24/10 256x256
06-11 21:25:08.497 I/BasemapLayer(11823): Tile uploaded: 8/202/102 256x256
06-11 21:25:08.511 I/MinimalGlobe(11823): Perf frame=682 total=33.87 advance=0.00 nativeRender=32.66 clear=0.00 swap=1.20 | engine begin=0.22 update=26.12 render=6.14 end=0.17 | scene layer=24.98 terrain=1.11 plan=0.99 apply=23.47 upload=1.53/4 load=0.45 | cmds surface=4.27 vector=0.00 debug=0.00 mvp=0.37 diag=0.41 submit=0.72 | draw=94 surf=92 fps=30.9
06-11 21:25:08.536 I/BasemapLayer(11823): Tile uploaded: 5/26/10 256x256
06-11 21:25:08.536 I/BasemapLayer(11823): Tile uploaded: 5/24/10 256x256
06-11 21:25:08.548 I/BasemapLayer(11823): Tile uploaded: 4/13/4 256x256
06-11 21:25:08.548 I/BasemapLayer(11823): Tile uploaded: 4/12/4 256x256
06-11 21:25:08.559 I/MinimalGlobe(11823): Perf frame=683 total=31.56 advance=0.00 nativeRender=30.37 clear=0.00 swap=1.18 | engine begin=0.22 update=26.04 render=3.96 end=0.15 | scene layer=24.93 terrain=1.08 plan=0.98 apply=23.47 upload=1.39/4 load=0.42 | cmds surface=2.46 vector=0.00 debug=0.00 mvp=0.35 diag=0.35 submit=0.47 | draw=94 surf=92 fps=29.8
06-11 21:25:08.568 I/BasemapLayer(11823): Tile uploaded: 5/26/11 256x256
06-11 21:25:08.568 I/BasemapLayer(11823): Tile uploaded: 7/100/50 256x256
06-11 21:25:08.578 I/BasemapLayer(11823): Tile uploaded: 5/24/11 256x256
06-11 21:25:08.578 I/BasemapLayer(11823): Tile uploaded: 5/26/10 256x256
06-11 21:25:08.588 I/MinimalGlobe(11823): Perf frame=684 total=27.51 advance=0.00 nativeRender=26.48 clear=0.00 swap=1.02 | engine begin=0.14 update=22.79 render=3.41 end=0.14 | scene layer=21.85 terrain=0.92 plan=0.97 apply=20.35 upload=1.03/4 load=0.47 | cmds surface=2.15 vector=0.00 debug=0.00 mvp=0.32 diag=0.30 submit=0.35 | draw=94 surf=92 fps=29.8
06-11 21:25:08.601 I/BasemapLayer(11823): Tile uploaded: 8/203/102 256x256
06-11 21:25:08.602 I/BasemapLayer(11823): Tile uploaded: 8/203/103 256x256
06-11 21:25:08.612 I/BasemapLayer(11823): Tile uploaded: 8/203/102 256x256
06-11 21:25:08.612 I/BasemapLayer(11823): Tile uploaded: 5/25/10 256x256
06-11 21:25:08.623 I/MinimalGlobe(11823): Perf frame=685 total=29.83 advance=0.00 nativeRender=28.55 clear=0.00 swap=1.26 | engine begin=0.16 update=24.33 render=3.91 end=0.14 | scene layer=23.25 terrain=1.06 plan=0.93 apply=21.81 upload=1.16/4 load=0.46 | cmds surface=2.44 vector=0.00 debug=0.00 mvp=0.41 diag=0.38 submit=0.36 | draw=94 surf=92 fps=29.8
06-11 21:25:08.636 I/BasemapLayer(11823): Tile uploaded: 8/202/102 256x256
06-11 21:25:08.636 I/BasemapLayer(11823): Tile uploaded: 7/101/50 256x256
06-11 21:25:08.647 I/BasemapLayer(11823): Tile uploaded: 5/26/11 256x256
06-11 21:25:08.647 I/BasemapLayer(11823): Tile uploaded: 8/202/103 256x256
06-11 21:25:08.658 I/MinimalGlobe(11823): Perf frame=686 total=30.69 advance=0.00 nativeRender=29.41 clear=0.00 swap=1.26 | engine begin=0.16 update=24.84 render=4.22 end=0.19 | scene layer=23.77 terrain=1.04 plan=0.99 apply=22.26 upload=1.18/4 load=0.45 | cmds surface=2.48 vector=0.00 debug=0.00 mvp=0.38 diag=0.39 submit=0.61 | draw=94 surf=92 fps=29.8
06-11 21:25:08.668 I/BasemapLayer(11823): Tile uploaded: 8/202/103 256x256
06-11 21:25:08.669 I/BasemapLayer(11823): Tile uploaded: 7/102/50 256x256
06-11 21:25:08.680 I/BasemapLayer(11823): Tile uploaded: 7/100/50 256x256
06-11 21:25:08.680 I/BasemapLayer(11823): Tile uploaded: 8/202/102 256x256
06-11 21:25:08.691 I/MinimalGlobe(11823): Perf frame=687 total=30.64 advance=0.00 nativeRender=29.55 clear=0.00 swap=1.08 | engine begin=0.19 update=24.79 render=4.37 end=0.19 | scene layer=23.66 terrain=1.11 plan=1.08 apply=22.10 upload=1.20/4 load=0.42 | cmds surface=2.57 vector=0.00 debug=0.00 mvp=0.38 diag=0.41 submit=0.59 | draw=94 surf=92 fps=29.9
06-11 21:25:08.703 I/BasemapLayer(11823): Tile uploaded: 7/102/51 256x256
06-11 21:25:08.703 I/BasemapLayer(11823): Tile uploaded: 8/203/104 256x256
06-11 21:25:08.715 I/BasemapLayer(11823): Tile uploaded: 7/101/50 256x256
06-11 21:25:08.715 I/BasemapLayer(11823): Tile uploaded: 8/203/103 256x256
06-11 21:25:08.729 I/MinimalGlobe(11823): Perf frame=688 total=35.09 advance=0.00 nativeRender=33.99 clear=0.00 swap=1.09 | engine begin=0.20 update=27.19 render=6.41 end=0.18 | scene layer=26.02 terrain=1.14 plan=0.99 apply=24.09 upload=1.61/4 load=0.88 | cmds surface=4.53 vector=0.00 debug=0.00 mvp=0.41 diag=0.46 submit=0.63 | draw=97 surf=95 fps=29.9
06-11 21:25:08.752 I/BasemapLayer(11823): Tile uploaded: 9/407/210 256x256
06-11 21:25:08.752 I/BasemapLayer(11823): Tile uploaded: 10/815/422 256x256
06-11 21:25:08.762 I/BasemapLayer(11823): Tile uploaded: 7/102/51 256x256
06-11 21:25:08.762 I/BasemapLayer(11823): Tile uploaded: 7/102/50 256x256
06-11 21:25:08.775 I/MinimalGlobe(11823): Perf frame=689 total=31.55 advance=0.00 nativeRender=30.46 clear=0.00 swap=1.07 | engine begin=0.16 update=22.62 render=7.53 end=0.15 | scene layer=21.54 terrain=1.05 plan=0.93 apply=20.16 upload=1.12/4 load=0.40 | cmds surface=5.75 vector=0.00 debug=0.00 mvp=0.46 diag=0.49 submit=0.48 | draw=101 surf=99 fps=28.9
06-11 21:25:08.785 I/BasemapLayer(11823): Tile uploaded: 8/203/103 256x256
06-11 21:25:08.785 I/BasemapLayer(11823): Tile uploaded: 8/203/102 256x256
06-11 21:25:08.795 I/BasemapLayer(11823): Tile uploaded: 8/203/102 256x256
06-11 21:25:08.796 I/BasemapLayer(11823): Tile uploaded: 9/406/210 256x256
06-11 21:25:08.807 I/MinimalGlobe(11823): Perf frame=690 total=30.36 advance=0.00 nativeRender=29.17 clear=0.00 swap=1.17 | engine begin=0.21 update=23.56 render=5.26 end=0.14 | scene layer=22.49 terrain=1.05 plan=0.94 apply=21.07 upload=1.55/4 load=0.42 | cmds surface=3.65 vector=0.00 debug=0.00 mvp=0.40 diag=0.46 submit=0.40 | draw=102 surf=100 fps=29.0
06-11 21:25:08.819 I/BasemapLayer(11823): Tile uploaded: 9/406/210 256x256
06-11 21:25:08.819 I/BasemapLayer(11823): Tile uploaded: 10/814/422 256x256
06-11 21:25:08.830 I/BasemapLayer(11823): Tile uploaded: 8/202/103 256x256
06-11 21:25:08.830 I/BasemapLayer(11823): Tile uploaded: 10/814/422 256x256
06-11 21:25:08.840 I/MinimalGlobe(11823): Perf frame=691 total=29.72 advance=0.00 nativeRender=28.72 clear=0.00 swap=0.99 | engine begin=0.14 update=24.70 render=3.74 end=0.14 | scene layer=23.75 terrain=0.93 plan=0.99 apply=22.34 upload=1.05/4 load=0.36 | cmds surface=2.40 vector=0.00 debug=0.00 mvp=0.34 diag=0.34 submit=0.36 | draw=102 surf=100 fps=29.1
06-11 21:25:08.852 I/BasemapLayer(11823): Tile uploaded: 10/814/423 256x256
06-11 21:25:08.853 I/BasemapLayer(11823): Tile uploaded: 10/815/423 256x256
06-11 21:25:08.864 I/BasemapLayer(11823): Tile uploaded: 9/407/210 256x256
06-11 21:25:08.864 I/BasemapLayer(11823): Tile uploaded: 8/203/104 256x256
06-11 21:25:08.876 I/MinimalGlobe(11823): Perf frame=692 total=32.16 advance=0.00 nativeRender=30.63 clear=0.00 swap=1.51 | engine begin=0.14 update=24.29 render=6.07 end=0.13 | scene layer=23.43 terrain=0.84 plan=0.82 apply=22.21 upload=1.41/4 load=0.35 | cmds surface=4.77 vector=0.00 debug=0.00 mvp=0.35 diag=0.32 submit=0.35 | draw=103 surf=101 fps=29.2
06-11 21:25:09.377 I/BasemapLayer(11823): Tile uploaded: 2/1/3 256x256
06-11 21:25:09.385 I/MinimalGlobe(11823): Perf frame=703 total=24.76 advance=0.00 nativeRender=23.95 clear=0.00 swap=0.80 | engine begin=0.11 update=19.27 render=4.46 end=0.11 | scene layer=18.26 terrain=1.00 plan=0.99 apply=17.23 upload=0.35/1 load=0.00 | cmds surface=2.85 vector=0.00 debug=0.00 mvp=0.41 diag=0.49 submit=0.36 | draw=110 surf=108 fps=24.3
06-11 21:25:09.417 I/MinimalGlobe(11823): Perf frame=704 total=23.46 advance=0.00 nativeRender=22.13 clear=0.00 swap=1.32 | engine begin=0.10 update=16.87 render=5.05 end=0.12 | scene layer=15.86 terrain=0.99 plan=0.88 apply=14.95 upload=0.00/0 load=0.00 | cmds surface=3.06 vector=0.00 debug=0.00 mvp=0.45 diag=0.50 submit=0.61 | draw=110 surf=108 fps=24.8
06-11 21:25:09.452 I/MinimalGlobe(11823): Perf frame=705 total=24.17 advance=0.00 nativeRender=22.65 clear=0.00 swap=1.50 | engine begin=0.12 update=17.65 render=4.75 end=0.14 | scene layer=16.58 terrain=1.06 plan=1.17 apply=15.37 upload=0.01/0 load=0.00 | cmds surface=2.69 vector=0.00 debug=0.00 mvp=0.39 diag=0.44 submit=0.82 | draw=110 surf=108 fps=25.3
06-11 21:25:09.484 I/MinimalGlobe(11823): Perf frame=706 total=23.30 advance=0.00 nativeRender=22.16 clear=0.00 swap=1.13 | engine begin=0.19 update=17.49 render=4.39 end=0.10 | scene layer=16.55 terrain=0.93 plan=1.27 apply=15.23 upload=0.00/0 load=0.00 | cmds surface=2.66 vector=0.00 debug=0.00 mvp=0.39 diag=0.43 submit=0.54 | draw=110 surf=108 fps=25.8
06-11 21:25:09.517 I/MinimalGlobe(11823): Perf frame=707 total=23.34 advance=0.00 nativeRender=21.89 clear=0.00 swap=1.45 | engine begin=0.13 update=17.87 render=3.80 end=0.08 | scene layer=17.02 terrain=0.84 plan=0.93 apply=16.05 upload=0.00/0 load=0.00 | cmds surface=2.44 vector=0.00 debug=0.00 mvp=0.35 diag=0.35 submit=0.36 | draw=110 surf=108 fps=26.2
06-11 21:25:09.551 I/MinimalGlobe(11823): Perf frame=708 total=23.70 advance=0.00 nativeRender=22.43 clear=0.00 swap=1.26 | engine begin=0.13 update=17.71 render=4.45 end=0.15 | scene layer=16.69 terrain=1.01 plan=0.90 apply=15.74 upload=0.01/0 load=0.00 | cmds surface=2.78 vector=0.00 debug=0.00 mvp=0.40 diag=0.41 submit=0.50 | draw=110 surf=108 fps=26.6
06-11 21:25:09.584 I/MinimalGlobe(11823): Perf frame=709 total=22.72 advance=0.00 nativeRender=21.57 clear=0.00 swap=1.15 | engine begin=0.14 update=16.94 render=4.38 end=0.11 | scene layer=15.92 terrain=1.01 plan=0.90 apply=14.98 upload=0.00/0 load=0.00 | cmds surface=2.77 vector=0.00 debug=0.00 mvp=0.47 diag=0.41 submit=0.36 | draw=110 surf=108 fps=26.9
06-11 21:25:09.617 I/MinimalGlobe(11823): Perf frame=710 total=22.55 advance=0.00 nativeRender=21.49 clear=0.00 swap=1.05 | engine begin=0.11 update=16.89 render=4.38 end=0.10 | scene layer=15.89 terrain=0.99 plan=0.89 apply=14.96 upload=0.00/0 load=0.00 | cmds surface=2.87 vector=0.00 debug=0.00 mvp=0.41 diag=0.41 submit=0.33 | draw=110 surf=108 fps=27.2
06-11 21:25:09.651 I/MinimalGlobe(11823): Perf frame=711 total=23.72 advance=0.00 nativeRender=22.68 clear=0.00 swap=1.03 | engine begin=0.09 update=17.68 render=4.77 end=0.14 | scene layer=16.44 terrain=1.23 plan=0.88 apply=15.52 upload=0.00/0 load=0.00 | cmds surface=2.78 vector=0.00 debug=0.00 mvp=0.40 diag=0.45 submit=0.74 | draw=110 surf=108 fps=27.5
06-11 21:25:09.687 I/MinimalGlobe(11823): Perf frame=712 total=25.87 advance=0.00 nativeRender=24.67 clear=0.00 swap=1.18 | engine begin=0.14 update=19.00 render=5.39 end=0.15 | scene layer=17.90 terrain=1.08 plan=1.27 apply=16.58 upload=0.01/0 load=0.00 | cmds surface=3.09 vector=0.00 debug=0.00 mvp=0.44 diag=0.49 submit=0.87 | draw=110 surf=108 fps=27.8
06-11 21:25:09.720 I/MinimalGlobe(11823): Perf frame=713 total=26.26 advance=0.00 nativeRender=25.00 clear=0.00 swap=1.24 | engine begin=0.15 update=19.51 render=5.15 end=0.18 | scene layer=18.36 terrain=1.14 plan=1.40 apply=16.90 upload=0.01/0 load=0.00 | cmds surface=2.98 vector=0.00 debug=0.00 mvp=0.52 diag=0.50 submit=0.73 | draw=110 surf=108 fps=28.0
06-11 21:25:09.750 I/MinimalGlobe(11823): Perf frame=714 total=22.76 advance=0.00 nativeRender=21.81 clear=0.00 swap=0.94 | engine begin=0.17 update=17.39 render=4.08 end=0.16 | scene layer=16.49 terrain=0.88 plan=1.35 apply=15.10 upload=0.01/0 load=0.00 | cmds surface=2.45 vector=0.00 debug=0.00 mvp=0.35 diag=0.36 submit=0.54 | draw=110 surf=108 fps=28.2
06-11 21:25:09.784 I/MinimalGlobe(11823): Perf frame=715 total=23.10 advance=0.00 nativeRender=22.22 clear=0.00 swap=0.88 | engine begin=0.14 update=17.50 render=4.46 end=0.12 | scene layer=16.50 terrain=0.99 plan=1.09 apply=15.35 upload=0.01/0 load=0.00 | cmds surface=2.85 vector=0.00 debug=0.00 mvp=0.44 diag=0.42 submit=0.39 | draw=110 surf=108 fps=28.4
06-11 21:25:09.817 I/MinimalGlobe(11823): Perf frame=716 total=22.53 advance=0.00 nativeRender=21.60 clear=0.00 swap=0.92 | engine begin=0.10 update=17.02 render=4.39 end=0.09 | scene layer=16.02 terrain=1.00 plan=0.95 apply=15.03 upload=0.00/0 load=0.00 | cmds surface=2.88 vector=0.00 debug=0.00 mvp=0.40 diag=0.41 submit=0.34 | draw=110 surf=108 fps=28.5
06-11 21:25:09.850 I/MinimalGlobe(11823): Perf frame=717 total=22.65 advance=0.00 nativeRender=21.60 clear=0.00 swap=1.05 | engine begin=0.09 update=17.08 render=4.32 end=0.11 | scene layer=15.93 terrain=1.13 plan=0.88 apply=15.02 upload=0.01/0 load=0.00 | cmds surface=2.84 vector=0.00 debug=0.00 mvp=0.41 diag=0.41 submit=0.30 | draw=110 surf=108 fps=28.7
06-11 21:25:09.886 I/MinimalGlobe(11823): Perf frame=718 total=24.84 advance=0.00 nativeRender=23.68 clear=0.00 swap=1.15 | engine begin=0.09 update=17.95 render=5.50 end=0.14 | scene layer=16.54 terrain=1.40 plan=0.91 apply=15.56 upload=0.01/0 load=0.00 | cmds surface=3.50 vector=0.00 debug=0.00 mvp=0.41 diag=0.52 submit=0.66 | draw=110 surf=108 fps=28.8
06-11 21:25:09.919 I/MinimalGlobe(11823): Perf frame=719 total=24.93 advance=0.00 nativeRender=23.80 clear=0.00 swap=1.12 | engine begin=0.15 update=18.56 render=4.94 end=0.16 | scene layer=17.49 terrain=1.05 plan=1.36 apply=16.08 upload=0.01/0 load=0.00 | cmds surface=2.79 vector=0.00 debug=0.00 mvp=0.41 diag=0.52 submit=0.81 | draw=110 surf=108 fps=28.9
06-11 21:25:09.953 I/MinimalGlobe(11823): Perf frame=720 total=25.34 advance=0.00 nativeRender=24.07 clear=0.00 swap=1.26 | engine begin=0.19 update=18.94 render=4.83 end=0.11 | scene layer=17.79 terrain=1.14 plan=0.96 apply=16.77 upload=0.01/0 load=0.00 | cmds surface=2.97 vector=0.00 debug=0.00 mvp=0.43 diag=0.49 submit=0.53 | draw=110 surf=108 fps=29.0
06-11 21:25:09.985 I/MinimalGlobe(11823): Perf frame=721 total=24.48 advance=0.00 nativeRender=22.96 clear=0.00 swap=1.50 | engine begin=0.17 update=17.88 render=4.78 end=0.12 | scene layer=16.87 terrain=0.99 plan=1.00 apply=15.83 upload=0.00/0 load=0.00 | cmds surface=2.94 vector=0.00 debug=0.00 mvp=0.41 diag=0.42 submit=0.55 | draw=110 surf=108 fps=29.1
06-11 21:25:10.017 I/MinimalGlobe(11823): Perf frame=722 total=22.58 advance=0.00 nativeRender=21.52 clear=0.00 swap=1.05 | engine begin=0.13 update=16.92 render=4.36 end=0.11 | scene layer=15.93 terrain=0.98 plan=0.90 apply=14.98 upload=0.00/0 load=0.00 | cmds surface=2.84 vector=0.00 debug=0.00 mvp=0.40 diag=0.41 submit=0.36 | draw=110 surf=108 fps=29.2
06-11 21:25:10.050 I/MinimalGlobe(11823): Perf frame=723 total=22.72 advance=0.00 nativeRender=21.55 clear=0.00 swap=1.17 | engine begin=0.10 update=16.91 render=4.42 end=0.11 | scene layer=15.92 terrain=0.98 plan=0.89 apply=14.99 upload=0.00/0 load=0.00 | cmds surface=2.85 vector=0.00 debug=0.00 mvp=0.40 diag=0.41 submit=0.35 | draw=110 surf=108 fps=29.3
06-11 21:25:10.084 I/MinimalGlobe(11823): Perf frame=724 total=23.15 advance=0.00 nativeRender=21.92 clear=0.00 swap=1.23 | engine begin=0.12 update=16.92 render=4.75 end=0.12 | scene layer=15.81 terrain=1.03 plan=0.89 apply=14.88 upload=0.00/0 load=0.00 | cmds surface=2.78 vector=0.00 debug=0.00 mvp=0.53 diag=0.46 submit=0.58 | draw=110 surf=108 fps=29.4
06-11 21:25:10.118 I/MinimalGlobe(11823): Perf frame=725 total=23.65 advance=0.00 nativeRender=22.13 clear=0.00 swap=1.51 | engine begin=0.13 update=17.30 render=4.56 end=0.13 | scene layer=16.34 terrain=0.95 plan=1.16 apply=15.14 upload=0.01/0 load=0.00 | cmds surface=2.73 vector=0.00 debug=0.00 mvp=0.39 diag=0.43 submit=0.63 | draw=110 surf=108 fps=29.4
06-11 21:25:10.151 I/MinimalGlobe(11823): Perf frame=726 total=23.69 advance=0.00 nativeRender=22.38 clear=0.00 swap=1.30 | engine begin=0.12 update=17.49 render=4.66 end=0.12 | scene layer=16.47 terrain=1.00 plan=1.28 apply=15.16 upload=0.00/0 load=0.00 | cmds surface=2.63 vector=0.00 debug=0.00 mvp=0.38 diag=0.43 submit=0.84 | draw=110 surf=108 fps=29.5
06-11 21:25:10.186 I/MinimalGlobe(11823): Perf frame=727 total=25.03 advance=0.00 nativeRender=23.61 clear=0.00 swap=1.40 | engine begin=0.19 update=18.80 render=4.52 end=0.11 | scene layer=17.76 terrain=1.01 plan=1.34 apply=16.37 upload=0.01/0 load=0.00 | cmds surface=2.90 vector=0.00 debug=0.00 mvp=0.41 diag=0.42 submit=0.45 | draw=110 surf=108 fps=29.5
06-11 21:25:10.217 I/MinimalGlobe(11823): Perf frame=728 total=22.63 advance=0.00 nativeRender=21.58 clear=0.00 swap=1.04 | engine begin=0.15 update=17.02 render=4.32 end=0.08 | scene layer=16.02 terrain=0.99 plan=0.92 apply=15.04 upload=0.00/0 load=0.00 | cmds surface=2.84 vector=0.00 debug=0.00 mvp=0.40 diag=0.41 submit=0.32 | draw=110 surf=108 fps=29.6
06-11 21:25:10.253 I/MinimalGlobe(11823): Perf frame=729 total=25.18 advance=0.00 nativeRender=23.81 clear=0.00 swap=1.36 | engine begin=0.09 update=18.78 render=4.81 end=0.14 | scene layer=17.75 terrain=1.01 plan=0.93 apply=16.78 upload=0.01/0 load=0.00 | cmds surface=2.82 vector=0.00 debug=0.00 mvp=0.41 diag=0.46 submit=0.72 | draw=110 surf=108 fps=29.6
06-11 21:25:10.286 I/MinimalGlobe(11823): Perf frame=730 total=25.10 advance=0.00 nativeRender=23.81 clear=0.00 swap=1.28 | engine begin=0.20 update=18.47 render=4.89 end=0.26 | scene layer=17.45 terrain=1.00 plan=1.36 apply=16.03 upload=0.01/0 load=0.00 | cmds surface=2.87 vector=0.00 debug=0.00 mvp=0.41 diag=0.52 submit=0.70 | draw=110 surf=108 fps=29.6
06-11 21:25:10.319 I/MinimalGlobe(11823): Perf frame=731 total=24.86 advance=0.00 nativeRender=23.89 clear=0.00 swap=0.96 | engine begin=0.17 update=18.80 render=4.81 end=0.10 | scene layer=17.72 terrain=1.06 plan=0.94 apply=16.74 upload=0.00/0 load=0.00 | cmds surface=2.88 vector=0.00 debug=0.00 mvp=0.42 diag=0.61 submit=0.49 | draw=110 surf=108 fps=29.7
06-11 21:25:10.353 I/MinimalGlobe(11823): Perf frame=732 total=25.44 advance=0.00 nativeRender=24.01 clear=0.00 swap=1.42 | engine begin=0.12 update=19.12 render=4.62 end=0.14 | scene layer=18.12 terrain=0.99 plan=0.93 apply=17.15 upload=0.00/0 load=0.00 | cmds surface=2.86 vector=0.00 debug=0.00 mvp=0.41 diag=0.42 submit=0.57 | draw=110 surf=108 fps=29.7
06-11 21:25:10.384 I/MinimalGlobe(11823): Perf frame=733 total=22.50 advance=0.00 nativeRender=21.48 clear=0.00 swap=1.01 | engine begin=0.12 update=16.91 render=4.35 end=0.10 | scene layer=15.92 terrain=0.97 plan=0.89 apply=14.99 upload=0.00/0 load=0.00 | cmds surface=2.76 vector=0.00 debug=0.00 mvp=0.48 diag=0.41 submit=0.36 | draw=110 surf=108 fps=29.7
06-11 21:25:10.417 I/MinimalGlobe(11823): Perf frame=734 total=22.41 advance=0.00 nativeRender=21.39 clear=0.00 swap=1.02 | engine begin=0.09 update=16.85 render=4.35 end=0.08 | scene layer=15.87 terrain=0.97 plan=0.89 apply=14.95 upload=0.00/0 load=0.00 | cmds surface=2.86 vector=0.00 debug=0.00 mvp=0.40 diag=0.40 submit=0.34 | draw=110 surf=108 fps=29.8
06-11 21:25:10.450 I/MinimalGlobe(11823): Perf frame=735 total=22.67 advance=0.00 nativeRender=21.45 clear=0.00 swap=1.21 | engine begin=0.08 update=16.87 render=4.42 end=0.08 | scene layer=15.88 terrain=0.98 plan=0.89 apply=14.96 upload=0.01/0 load=0.00 | cmds surface=2.85 vector=0.00 debug=0.00 mvp=0.41 diag=0.41 submit=0.34 | draw=110 surf=108 fps=29.8
06-11 21:25:10.484 I/MinimalGlobe(11823): Perf frame=736 total=22.83 advance=0.00 nativeRender=21.59 clear=0.00 swap=1.23 | engine begin=0.18 update=16.93 render=4.36 end=0.12 | scene layer=15.92 terrain=0.99 plan=0.89 apply=15.00 upload=0.00/0 load=0.00 | cmds surface=2.83 vector=0.00 debug=0.00 mvp=0.41 diag=0.41 submit=0.36 | draw=110 surf=108 fps=29.8
06-11 21:25:10.519 I/MinimalGlobe(11823): Perf frame=737 total=24.85 advance=0.00 nativeRender=23.61 clear=0.00 swap=1.23 | engine begin=0.10 update=18.47 render=4.90 end=0.14 | scene layer=17.33 terrain=1.12 plan=0.88 apply=16.42 upload=0.01/0 load=0.00 | cmds surface=2.79 vector=0.00 debug=0.00 mvp=0.41 diag=0.46 submit=0.83 | draw=110 surf=108 fps=29.8
06-11 21:25:10.552 I/MinimalGlobe(11823): Perf frame=738 total=23.59 advance=0.00 nativeRender=22.44 clear=0.00 swap=1.15 | engine begin=0.15 update=17.52 render=4.66 end=0.12 | scene layer=16.50 terrain=1.00 plan=1.27 apply=15.18 upload=0.00/0 load=0.00 | cmds surface=2.65 vector=0.00 debug=0.00 mvp=0.39 diag=0.58 submit=0.67 | draw=110 surf=108 fps=29.8
06-11 21:25:10.584 I/MinimalGlobe(11823): Perf frame=739 total=23.32 advance=0.00 nativeRender=22.25 clear=0.00 swap=1.06 | engine begin=0.12 update=17.46 render=4.56 end=0.12 | scene layer=16.48 terrain=0.96 plan=1.18 apply=15.27 upload=0.01/0 load=0.00 | cmds surface=2.76 vector=0.00 debug=0.00 mvp=0.39 diag=0.44 submit=0.59 | draw=110 surf=108 fps=29.9
06-11 21:25:10.613 I/QMTerrain(11823): httpGet bridge: 0 bytes
06-11 21:25:10.613 I/QMTerrain(11823): requestTile: z=11 x=1630 y=1358 body=0 canceled=0
06-11 21:25:10.614 I/QMTerrain(11823): httpGet bridge: 0 bytes
06-11 21:25:10.614 I/QMTerrain(11823): requestTile: z=11 x=1629 y=1354 body=0 canceled=0
06-11 21:25:10.618 I/MinimalGlobe(11823): Perf frame=740 total=23.30 advance=0.00 nativeRender=22.26 clear=0.00 swap=1.02 | engine begin=0.12 update=17.44 render=4.54 end=0.16 | scene layer=16.43 terrain=0.99 plan=1.22 apply=15.17 upload=0.00/0 load=0.00 | cmds surface=2.90 vector=0.00 debug=0.00 mvp=0.41 diag=0.42 submit=0.46 | draw=110 surf=108 fps=29.9
06-11 21:25:10.650 I/MinimalGlobe(11823): Perf frame=741 total=22.58 advance=0.00 nativeRender=21.62 clear=0.00 swap=0.96 | engine begin=0.13 update=17.08 render=4.30 end=0.10 | scene layer=15.97 terrain=1.09 plan=0.92 apply=15.01 upload=0.01/0 load=0.00 | cmds surface=2.77 vector=0.00 debug=0.00 mvp=0.40 diag=0.41 submit=0.36 | draw=110 surf=108 fps=29.9
06-11 21:25:10.684 I/MinimalGlobe(11823): Perf frame=742 total=22.62 advance=0.00 nativeRender=21.50 clear=0.00 swap=1.11 | engine begin=0.10 update=17.05 render=4.27 end=0.08 | scene layer=16.06 terrain=0.98 plan=0.90 apply=15.11 upload=0.00/0 load=0.00 | cmds surface=2.80 vector=0.00 debug=0.00 mvp=0.40 diag=0.41 submit=0.31 | draw=110 surf=108 fps=29.9
06-11 21:25:10.719 I/MinimalGlobe(11823): Perf frame=743 total=24.42 advance=0.00 nativeRender=23.03 clear=0.00 swap=1.38 | engine begin=0.12 update=17.76 render=4.98 end=0.17 | scene layer=16.75 terrain=1.00 plan=0.90 apply=15.80 upload=0.01/0 load=0.00 | cmds surface=2.84 vector=0.00 debug=0.00 mvp=0.41 diag=0.45 submit=0.72 | draw=110 surf=108 fps=29.9
06-11 21:25:10.751 I/MinimalGlobe(11823): Perf frame=744 total=23.03 advance=0.00 nativeRender=21.75 clear=0.00 swap=1.27 | engine begin=0.13 update=16.95 render=4.51 end=0.16 | scene layer=15.93 terrain=0.99 plan=0.91 apply=14.98 upload=0.01/0 load=0.00 | cmds surface=2.66 vector=0.00 debug=0.00 mvp=0.39 diag=0.43 submit=0.65 | draw=110 surf=108 fps=29.9
06-11 21:25:10.785 I/MinimalGlobe(11823): Perf frame=745 total=24.03 advance=0.00 nativeRender=22.62 clear=0.00 swap=1.40 | engine begin=0.13 update=17.29 render=5.02 end=0.17 | scene layer=16.26 terrain=1.01 plan=0.87 apply=15.34 upload=0.00/0 load=0.00 | cmds surface=3.03 vector=0.00 debug=0.00 mvp=0.43 diag=0.48 submit=0.67 | draw=110 surf=108 fps=29.9
06-11 21:25:10.821 I/MinimalGlobe(11823): Perf frame=746 total=25.99 advance=0.00 nativeRender=24.92 clear=0.00 swap=1.06 | engine begin=0.16 update=19.85 render=4.74 end=0.17 | scene layer=18.83 terrain=1.01 plan=0.95 apply=17.83 upload=0.01/0 load=0.00 | cmds surface=2.90 vector=0.00 debug=0.00 mvp=0.41 diag=0.42 submit=0.63 | draw=110 surf=108 fps=29.9
06-11 21:25:10.851 I/MinimalGlobe(11823): Perf frame=747 total=23.54 advance=0.00 nativeRender=22.28 clear=0.00 swap=1.25 | engine begin=0.13 update=17.38 render=4.57 end=0.20 | scene layer=16.26 terrain=1.10 plan=0.92 apply=15.28 upload=0.01/0 load=0.00 | cmds surface=2.82 vector=0.00 debug=0.00 mvp=0.41 diag=0.46 submit=0.51 | draw=110 surf=108 fps=29.9
06-11 21:25:10.885 I/MinimalGlobe(11823): Perf frame=748 total=23.06 advance=0.00 nativeRender=22.00 clear=0.00 swap=1.04 | engine begin=0.17 update=17.11 render=4.53 end=0.19 | scene layer=16.08 terrain=1.01 plan=0.97 apply=15.06 upload=0.01/0 load=0.00 | cmds surface=2.86 vector=0.00 debug=0.00 mvp=0.41 diag=0.42 submit=0.48 | draw=110 surf=108 fps=29.9
06-11 21:25:10.918 I/MinimalGlobe(11823): Perf frame=749 total=23.70 advance=0.00 nativeRender=21.88 clear=0.00 swap=1.81 | engine begin=0.12 update=17.12 render=4.48 end=0.16 | scene layer=16.09 terrain=1.02 plan=0.90 apply=15.15 upload=0.01/0 load=0.00 | cmds surface=2.88 vector=0.00 debug=0.00 mvp=0.41 diag=0.42 submit=0.41 | draw=110 surf=108 fps=30.0
06-11 21:25:10.953 I/MinimalGlobe(11823): Perf frame=750 total=24.80 advance=0.00 nativeRender=23.64 clear=0.00 swap=1.16 | engine begin=0.15 update=18.46 render=4.91 end=0.11 | scene layer=17.41 terrain=1.04 plan=1.25 apply=16.11 upload=0.01/0 load=0.00 | cmds surface=2.92 vector=0.00 debug=0.00 mvp=0.41 diag=0.51 submit=0.66 | draw=110 surf=108 fps=29.9
06-11 21:25:10.987 I/MinimalGlobe(11823): Perf frame=751 total=25.39 advance=0.00 nativeRender=24.41 clear=0.00 swap=0.98 | engine begin=0.13 update=19.11 render=5.07 end=0.10 | scene layer=18.04 terrain=1.05 plan=1.26 apply=16.74 upload=0.01/0 load=0.00 | cmds surface=3.04 vector=0.00 debug=0.00 mvp=0.42 diag=0.54 submit=0.65 | draw=110 surf=108 fps=29.9
06-11 21:25:11.017 I/MinimalGlobe(11823): Perf frame=752 total=22.50 advance=0.00 nativeRender=21.24 clear=0.00 swap=1.25 | engine begin=0.11 update=17.14 render=3.89 end=0.09 | scene layer=16.28 terrain=0.85 plan=1.20 apply=15.04 upload=0.00/0 load=0.00 | cmds surface=2.46 vector=0.00 debug=0.00 mvp=0.35 diag=0.36 submit=0.42 | draw=110 surf=108 fps=30.0
06-11 21:25:11.051 I/MinimalGlobe(11823): Perf frame=753 total=22.84 advance=0.00 nativeRender=21.61 clear=0.00 swap=1.22 | engine begin=0.12 update=17.09 render=4.31 end=0.09 | scene layer=16.02 terrain=1.06 plan=0.93 apply=15.05 upload=0.00/0 load=0.00 | cmds surface=2.77 vector=0.00 debug=0.00 mvp=0.40 diag=0.45 submit=0.34 | draw=110 surf=108 fps=30.0
06-11 21:25:11.084 I/MinimalGlobe(11823): Perf frame=754 total=22.65 advance=0.00 nativeRender=21.65 clear=0.00 swap=0.99 | engine begin=0.15 update=17.06 render=4.35 end=0.08 | scene layer=16.07 terrain=0.98 plan=0.90 apply=15.13 upload=0.00/0 load=0.00 | cmds surface=2.82 vector=0.00 debug=0.00 mvp=0.43 diag=0.41 submit=0.34 | draw=110 surf=108 fps=29.9
06-11 21:25:11.117 I/MinimalGlobe(11823): Perf frame=755 total=22.62 advance=0.00 nativeRender=21.35 clear=0.00 swap=1.27 | engine begin=0.10 update=16.90 render=4.27 end=0.08 | scene layer=15.92 terrain=0.97 plan=0.89 apply=14.99 upload=0.00/0 load=0.00 | cmds surface=2.80 vector=0.00 debug=0.00 mvp=0.42 diag=0.41 submit=0.30 | draw=110 surf=108 fps=30.0
06-11 21:25:11.151 I/MinimalGlobe(11823): Perf frame=756 total=22.78 advance=0.00 nativeRender=21.53 clear=0.00 swap=1.24 | engine begin=0.09 update=16.93 render=4.39 end=0.11 | scene layer=15.95 terrain=0.97 plan=0.88 apply=15.04 upload=0.00/0 load=0.00 | cmds surface=2.82 vector=0.00 debug=0.00 mvp=0.40 diag=0.41 submit=0.35 | draw=110 surf=108 fps=30.0
06-11 21:25:11.185 I/MinimalGlobe(11823): Perf frame=757 total=23.59 advance=0.00 nativeRender=22.27 clear=0.00 swap=1.31 | engine begin=0.16 update=17.01 render=4.99 end=0.10 | scene layer=16.01 terrain=0.99 plan=0.91 apply=15.06 upload=0.01/0 load=0.00 | cmds surface=3.00 vector=0.00 debug=0.00 mvp=0.42 diag=0.46 submit=0.72 | draw=110 surf=108 fps=30.0
06-11 21:25:11.218 I/MinimalGlobe(11823): Perf frame=758 total=23.49 advance=0.00 nativeRender=22.38 clear=0.00 swap=1.11 | engine begin=0.16 update=17.60 render=4.51 end=0.11 | scene layer=16.63 terrain=0.95 plan=0.92 apply=15.67 upload=0.01/0 load=0.00 | cmds surface=2.75 vector=0.00 debug=0.00 mvp=0.39 diag=0.44 submit=0.52 | draw=110 surf=108 fps=30.0
06-11 21:25:11.251 I/MinimalGlobe(11823): Perf frame=759 total=22.87 advance=0.00 nativeRender=21.59 clear=0.00 swap=1.27 | engine begin=0.09 update=16.93 render=4.45 end=0.13 | scene layer=15.90 terrain=1.02 plan=0.91 apply=14.95 upload=0.00/0 load=0.00 | cmds surface=2.64 vector=0.00 debug=0.00 mvp=0.39 diag=0.43 submit=0.61 | draw=110 surf=108 fps=30.0
06-11 21:25:11.288 I/MinimalGlobe(11823): Perf frame=760 total=26.26 advance=0.00 nativeRender=25.09 clear=0.00 swap=1.16 | engine begin=0.16 update=20.14 render=4.67 end=0.12 | scene layer=19.11 terrain=1.01 plan=2.01 apply=17.06 upload=0.01/0 load=0.00 | cmds surface=2.95 vector=0.00 debug=0.00 mvp=0.41 diag=0.42 submit=0.52 | draw=110 surf=108 fps=29.9
06-11 21:25:11.318 I/MinimalGlobe(11823): Perf frame=761 total=22.98 advance=0.00 nativeRender=21.51 clear=0.00 swap=1.47 | engine begin=0.13 update=16.92 render=4.35 end=0.11 | scene layer=15.93 terrain=0.98 plan=0.89 apply=15.01 upload=0.00/0 load=0.00 | cmds surface=2.81 vector=0.00 debug=0.00 mvp=0.40 diag=0.41 submit=0.36 | draw=110 surf=108 fps=30.0
06-11 21:25:11.351 I/MinimalGlobe(11823): Perf frame=762 total=22.83 advance=0.00 nativeRender=21.65 clear=0.00 swap=1.17 | engine begin=0.09 update=16.97 render=4.45 end=0.14 | scene layer=15.92 terrain=1.04 plan=0.92 apply=14.97 upload=0.00/0 load=0.00 | cmds surface=2.79 vector=0.00 debug=0.00 mvp=0.41 diag=0.41 submit=0.48 | draw=110 surf=108 fps=30.0
06-11 21:25:11.384 I/MinimalGlobe(11823): Perf frame=763 total=22.42 advance=0.00 nativeRender=21.48 clear=0.00 swap=0.93 | engine begin=0.09 update=16.92 render=4.36 end=0.11 | scene layer=15.92 terrain=0.99 plan=0.88 apply=15.00 upload=0.00/0 load=0.00 | cmds surface=2.87 vector=0.00 debug=0.00 mvp=0.41 diag=0.41 submit=0.31 | draw=110 surf=108 fps=30.0
06-11 21:25:11.419 I/MinimalGlobe(11823): Perf frame=764 total=23.98 advance=0.00 nativeRender=22.77 clear=0.00 swap=1.20 | engine begin=0.09 update=17.54 render=5.00 end=0.14 | scene layer=16.51 terrain=1.02 plan=0.88 apply=15.60 upload=0.01/0 load=0.00 | cmds surface=2.95 vector=0.00 debug=0.00 mvp=0.43 diag=0.46 submit=0.75 | draw=110 surf=108 fps=30.0
06-11 21:25:11.453 I/MinimalGlobe(11823): Perf frame=765 total=24.92 advance=0.00 nativeRender=23.43 clear=0.00 swap=1.48 | engine begin=0.13 update=18.24 render=4.92 end=0.13 | scene layer=17.21 terrain=1.01 plan=1.28 apply=15.89 upload=0.01/0 load=0.00 | cmds surface=2.90 vector=0.00 debug=0.00 mvp=0.42 diag=0.49 submit=0.71 | draw=110 surf=108 fps=30.0
06-11 21:25:11.487 I/MinimalGlobe(11823): Perf frame=766 total=24.81 advance=0.00 nativeRender=23.83 clear=0.00 swap=0.98 | engine begin=0.14 update=18.70 render=4.90 end=0.09 | scene layer=17.65 terrain=1.03 plan=0.94 apply=16.67 upload=0.00/0 load=0.00 | cmds surface=2.93 vector=0.00 debug=0.00 mvp=0.42 diag=0.56 submit=0.57 | draw=110 surf=108 fps=30.0
06-11 21:25:11.519 I/MinimalGlobe(11823): Perf frame=767 total=23.72 advance=0.00 nativeRender=22.51 clear=0.00 swap=1.21 | engine begin=0.14 update=17.70 render=4.56 end=0.11 | scene layer=16.70 terrain=0.98 plan=0.94 apply=15.72 upload=0.00/0 load=0.00 | cmds surface=2.81 vector=0.00 debug=0.00 mvp=0.40 diag=0.41 submit=0.48 | draw=110 surf=108 fps=30.0
06-11 21:25:11.552 I/MinimalGlobe(11823): Perf frame=768 total=23.18 advance=0.00 nativeRender=21.87 clear=0.00 swap=1.30 | engine begin=0.13 update=17.13 render=4.48 end=0.13 | scene layer=16.09 terrain=1.01 plan=0.95 apply=15.10 upload=0.00/0 load=0.00 | cmds surface=2.78 vector=0.00 debug=0.00 mvp=0.41 diag=0.51 submit=0.44 | draw=110 surf=108 fps=30.0
06-11 21:25:11.584 I/MinimalGlobe(11823): Perf frame=769 total=22.71 advance=0.00 nativeRender=21.67 clear=0.00 swap=1.03 | engine begin=0.16 update=16.95 render=4.44 end=0.12 | scene layer=15.96 terrain=0.98 plan=0.89 apply=15.03 upload=0.00/0 load=0.00 | cmds surface=2.85 vector=0.00 debug=0.00 mvp=0.41 diag=0.41 submit=0.41 | draw=110 surf=108 fps=30.0
06-11 21:25:11.618 I/MinimalGlobe(11823): Perf frame=770 total=23.23 advance=0.00 nativeRender=21.87 clear=0.00 swap=1.36 | engine begin=0.10 update=16.90 render=4.74 end=0.13 | scene layer=15.92 terrain=0.97 plan=0.89 apply=15.00 upload=0.00/0 load=0.00 | cmds surface=2.94 vector=0.00 debug=0.00 mvp=0.41 diag=0.45 submit=0.55 | draw=110 surf=108 fps=30.0
06-11 21:25:11.653 I/MinimalGlobe(11823): Perf frame=771 total=24.41 advance=0.00 nativeRender=23.18 clear=0.00 swap=1.23 | engine begin=0.16 update=18.15 render=4.70 end=0.17 | scene layer=17.13 terrain=1.00 plan=0.99 apply=16.09 upload=0.01/0 load=0.00 | cmds surface=2.82 vector=0.00 debug=0.00 mvp=0.41 diag=0.46 submit=0.61 | draw=110 surf=108 fps=30.0
06-11 21:25:11.687 I/MinimalGlobe(11823): Perf frame=772 total=25.50 advance=0.00 nativeRender=24.36 clear=0.00 swap=1.14 | engine begin=0.11 update=19.00 render=5.16 end=0.09 | scene layer=17.94 terrain=1.04 plan=1.20 apply=16.70 upload=0.00/0 load=0.00 | cmds surface=3.01 vector=0.00 debug=0.00 mvp=0.43 diag=0.48 submit=0.82 | draw=110 surf=108 fps=30.0
06-11 21:25:11.719 I/MinimalGlobe(11823): Perf frame=773 total=24.18 advance=0.00 nativeRender=23.05 clear=0.00 swap=1.11 | engine begin=0.12 update=18.29 render=4.54 end=0.10 | scene layer=17.25 terrain=1.02 plan=1.20 apply=16.01 upload=0.01/0 load=0.00 | cmds surface=2.77 vector=0.00 debug=0.00 mvp=0.41 diag=0.48 submit=0.53 | draw=110 surf=108 fps=30.0
06-11 21:25:11.752 I/MinimalGlobe(11823): Perf frame=774 total=23.36 advance=0.00 nativeRender=21.72 clear=0.00 swap=1.64 | engine begin=0.12 update=16.93 render=4.51 end=0.16 | scene layer=15.90 terrain=1.01 plan=0.91 apply=14.96 upload=0.00/0 load=0.00 | cmds surface=2.80 vector=0.00 debug=0.00 mvp=0.42 diag=0.46 submit=0.46 | draw=110 surf=108 fps=30.0
06-11 21:25:11.784 I/MinimalGlobe(11823): Perf frame=775 total=22.67 advance=0.00 nativeRender=21.74 clear=0.00 swap=0.92 | engine begin=0.12 update=17.11 render=4.42 end=0.09 | scene layer=16.09 terrain=1.01 plan=0.90 apply=15.15 upload=0.01/0 load=0.00 | cmds surface=2.95 vector=0.00 debug=0.00 mvp=0.41 diag=0.41 submit=0.30 | draw=110 surf=108 fps=30.0
06-11 21:25:11.818 I/MinimalGlobe(11823): Perf frame=776 total=22.64 advance=0.00 nativeRender=21.49 clear=0.00 swap=1.15 | engine begin=0.09 update=16.94 render=4.37 end=0.09 | scene layer=15.93 terrain=1.00 plan=0.88 apply=15.02 upload=0.00/0 load=0.00 | cmds surface=2.86 vector=0.00 debug=0.00 mvp=0.40 diag=0.41 submit=0.34 | draw=110 surf=108 fps=30.0
06-11 21:25:11.851 I/MinimalGlobe(11823): Perf frame=777 total=22.63 advance=0.00 nativeRender=21.47 clear=0.00 swap=1.16 | engine begin=0.08 update=17.03 render=4.27 end=0.08 | scene layer=15.97 terrain=1.05 plan=0.93 apply=15.01 upload=0.00/0 load=0.00 | cmds surface=2.76 vector=0.00 debug=0.00 mvp=0.40 diag=0.43 submit=0.32 | draw=110 surf=108 fps=30.0
06-11 21:25:11.887 I/MinimalGlobe(11823): Perf frame=778 total=24.80 advance=0.00 nativeRender=23.74 clear=0.00 swap=1.05 | engine begin=0.17 update=18.60 render=4.85 end=0.12 | scene layer=17.53 terrain=1.05 plan=1.36 apply=16.12 upload=0.01/0 load=0.00 | cmds surface=2.77 vector=0.00 debug=0.00 mvp=0.40 diag=0.54 submit=0.73 | draw=110 surf=108 fps=29.9
06-11 21:25:11.920 I/MinimalGlobe(11823): Perf frame=779 total=24.86 advance=0.00 nativeRender=23.69 clear=0.00 swap=1.16 | engine begin=0.14 update=18.71 render=4.74 end=0.10 | scene layer=17.64 terrain=1.05 plan=0.94 apply=16.66 upload=0.00/0 load=0.00 | cmds surface=2.88 vector=0.00 debug=0.00 mvp=0.50 diag=0.51 submit=0.44 | draw=110 surf=108 fps=30.0
06-11 21:25:11.953 I/MinimalGlobe(11823): Perf frame=780 total=24.97 advance=0.00 nativeRender=23.42 clear=0.00 swap=1.54 | engine begin=0.11 update=18.65 render=4.56 end=0.10 | scene layer=17.64 terrain=0.99 plan=0.98 apply=16.62 upload=0.01/0 load=0.00 | cmds surface=2.83 vector=0.00 debug=0.00 mvp=0.41 diag=0.42 submit=0.54 | draw=110 surf=108 fps=30.0
06-11 21:25:11.984 I/MinimalGlobe(11823): Perf frame=781 total=22.63 advance=0.00 nativeRender=21.60 clear=0.00 swap=1.02 | engine begin=0.17 update=16.99 render=4.35 end=0.09 | scene layer=15.99 terrain=0.98 plan=0.90 apply=15.05 upload=0.00/0 load=0.00 | cmds surface=2.83 vector=0.00 debug=0.00 mvp=0.40 diag=0.41 submit=0.35 | draw=110 surf=108 fps=30.0
06-11 21:25:12.018 I/MinimalGlobe(11823): Perf frame=782 total=22.52 advance=0.00 nativeRender=21.38 clear=0.00 swap=1.13 | engine begin=0.10 update=16.85 render=4.35 end=0.08 | scene layer=15.87 terrain=0.97 plan=0.89 apply=14.95 upload=0.00/0 load=0.00 | cmds surface=2.85 vector=0.00 debug=0.00 mvp=0.41 diag=0.41 submit=0.33 | draw=110 surf=108 fps=30.0
06-11 21:25:12.051 I/MinimalGlobe(11823): Perf frame=783 total=22.58 advance=0.00 nativeRender=21.46 clear=0.00 swap=1.12 | engine begin=0.08 update=16.97 render=4.31 end=0.09 | scene layer=15.92 terrain=1.04 plan=0.98 apply=14.91 upload=0.00/0 load=0.00 | cmds surface=2.77 vector=0.00 debug=0.00 mvp=0.40 diag=0.45 submit=0.33 | draw=110 surf=108 fps=30.0
06-11 21:25:12.085 I/MinimalGlobe(11823): Perf frame=784 total=22.70 advance=0.00 nativeRender=21.47 clear=0.00 swap=1.23 | engine begin=0.11 update=16.95 render=4.32 end=0.09 | scene layer=15.97 terrain=0.97 plan=0.89 apply=15.05 upload=0.00/0 load=0.00 | cmds surface=2.83 vector=0.00 debug=0.00 mvp=0.41 diag=0.41 submit=0.31 | draw=110 surf=108 fps=30.0
06-11 21:25:12.119 I/MinimalGlobe(11823): Perf frame=785 total=24.20 advance=0.00 nativeRender=23.19 clear=0.00 swap=1.00 | engine begin=0.11 update=18.17 render=4.79 end=0.12 | scene layer=17.10 terrain=1.05 plan=1.12 apply=15.95 upload=0.01/0 load=0.00 | cmds surface=2.80 vector=0.00 debug=0.00 mvp=0.41 diag=0.56 submit=0.63 | draw=110 surf=108 fps=30.0
06-11 21:25:12.154 I/MinimalGlobe(11823): Perf frame=786 total=25.59 advance=0.00 nativeRender=24.71 clear=0.00 swap=0.86 | engine begin=0.13 update=19.25 render=5.15 end=0.17 | scene layer=18.17 terrain=1.06 plan=1.30 apply=16.84 upload=0.01/0 load=0.00 | cmds surface=3.05 vector=0.00 debug=0.00 mvp=0.43 diag=0.57 submit=0.68 | draw=110 surf=108 fps=30.0
06-11 21:25:12.185 I/MinimalGlobe(11823): Perf frame=787 total=22.96 advance=0.00 nativeRender=21.54 clear=0.00 swap=1.41 | engine begin=0.14 update=17.49 render=3.83 end=0.08 | scene layer=16.61 terrain=0.87 plan=1.29 apply=15.28 upload=0.00/0 load=0.00 | cmds surface=2.45 vector=0.00 debug=0.00 mvp=0.35 diag=0.36 submit=0.36 | draw=110 surf=108 fps=30.0
06-11 21:25:12.219 I/MinimalGlobe(11823): Perf frame=788 total=23.25 advance=0.00 nativeRender=21.98 clear=0.00 swap=1.26 | engine begin=0.15 update=17.15 render=4.53 end=0.15 | scene layer=16.12 terrain=1.02 plan=0.91 apply=15.16 upload=0.01/0 load=0.00 | cmds surface=2.93 vector=0.00 debug=0.00 mvp=0.41 diag=0.41 submit=0.38 | draw=110 surf=108 fps=30.0
06-11 21:25:12.251 I/MinimalGlobe(11823): Perf frame=789 total=22.89 advance=0.00 nativeRender=21.76 clear=0.00 swap=1.12 | engine begin=0.12 update=17.12 render=4.41 end=0.12 | scene layer=16.04 terrain=1.07 plan=0.97 apply=15.03 upload=0.01/0 load=0.00 | cmds surface=2.80 vector=0.00 debug=0.00 mvp=0.45 diag=0.41 submit=0.38 | draw=110 surf=108 fps=30.0
06-11 21:25:12.287 I/MinimalGlobe(11823): Perf frame=790 total=24.72 advance=0.00 nativeRender=23.12 clear=0.00 swap=1.59 | engine begin=0.18 update=17.70 render=5.06 end=0.18 | scene layer=16.65 terrain=1.02 plan=0.93 apply=15.66 upload=0.01/0 load=0.00 | cmds surface=2.82 vector=0.00 debug=0.00 mvp=0.40 diag=0.47 submit=0.85 | draw=110 surf=108 fps=30.0
06-11 21:25:12.319 I/MinimalGlobe(11823): Perf frame=791 total=23.97 advance=0.00 nativeRender=22.84 clear=0.00 swap=1.12 | engine begin=0.16 update=17.89 render=4.67 end=0.12 | scene layer=16.87 terrain=1.01 plan=0.91 apply=15.92 upload=0.01/0 load=0.00 | cmds surface=2.75 vector=0.00 debug=0.00 mvp=0.40 diag=0.52 submit=0.60 | draw=110 surf=108 fps=30.0
06-11 21:25:12.354 I/MinimalGlobe(11823): Perf frame=792 total=25.26 advance=0.00 nativeRender=23.85 clear=0.00 swap=1.40 | engine begin=0.16 update=18.69 render=4.86 end=0.14 | scene layer=17.65 terrain=1.03 plan=0.97 apply=16.63 upload=0.00/0 load=0.00 | cmds surface=2.99 vector=0.00 debug=0.00 mvp=0.43 diag=0.48 submit=0.55 | draw=110 surf=108 fps=30.0
06-11 21:25:12.386 I/MinimalGlobe(11823): Perf frame=793 total=23.88 advance=0.00 nativeRender=22.49 clear=0.00 swap=1.38 | engine begin=0.13 update=17.68 render=4.55 end=0.13 | scene layer=16.68 terrain=0.98 plan=0.93 apply=15.71 upload=0.00/0 load=0.00 | cmds surface=2.86 vector=0.00 debug=0.00 mvp=0.40 diag=0.41 submit=0.52 | draw=110 surf=108 fps=30.0
06-11 21:25:12.421 I/MinimalGlobe(11823): Perf frame=794 total=25.28 advance=0.00 nativeRender=24.04 clear=0.00 swap=1.23 | engine begin=0.18 update=18.86 render=4.86 end=0.14 | scene layer=17.79 terrain=1.05 plan=0.91 apply=16.83 upload=0.01/0 load=0.00 | cmds surface=2.94 vector=0.00 debug=0.00 mvp=0.43 diag=0.47 submit=0.61 | draw=110 surf=108 fps=30.0
06-11 21:25:12.518 I/MinimalGlobe(11823): Perf frame=797 total=22.90 advance=0.00 nativeRender=21.88 clear=0.00 swap=1.01 | engine begin=0.13 update=17.06 render=4.55 end=0.14 | scene layer=16.04 terrain=1.00 plan=0.90 apply=15.10 upload=0.01/0 load=0.00 | cmds surface=2.86 vector=0.00 debug=0.00 mvp=0.41 diag=0.42 submit=0.42 | draw=110 surf=108 fps=30.0
06-11 21:25:12.551 I/MinimalGlobe(11823): Perf frame=798 total=22.75 advance=0.00 nativeRender=21.59 clear=0.00 swap=1.15 | engine begin=0.11 update=17.01 render=4.37 end=0.10 | scene layer=15.97 terrain=1.04 plan=0.94 apply=14.99 upload=0.01/0 load=0.00 | cmds surface=2.78 vector=0.00 debug=0.00 mvp=0.46 diag=0.44 submit=0.34 | draw=110 surf=108 fps=30.0
06-11 21:25:12.584 I/MinimalGlobe(11823): Perf frame=799 total=22.46 advance=0.00 nativeRender=21.51 clear=0.00 swap=0.94 | engine begin=0.10 update=16.98 render=4.33 end=0.09 | scene layer=15.98 terrain=0.99 plan=0.89 apply=15.06 upload=0.01/0 load=0.00 | cmds surface=2.85 vector=0.00 debug=0.00 mvp=0.41 diag=0.41 submit=0.31 | draw=110 surf=108 fps=30.0
06-11 21:25:12.618 I/MinimalGlobe(11823): Perf frame=800 total=22.62 advance=0.00 nativeRender=21.72 clear=0.00 swap=0.89 | engine begin=0.10 update=17.00 render=4.47 end=0.15 | scene layer=15.96 terrain=1.03 plan=0.89 apply=15.04 upload=0.01/0 load=0.00 | cmds surface=2.92 vector=0.00 debug=0.00 mvp=0.40 diag=0.41 submit=0.37 | draw=110 surf=108 fps=30.0
06-11 21:25:12.651 I/MinimalGlobe(11823): Perf frame=801 total=22.89 advance=0.00 nativeRender=21.82 clear=0.00 swap=1.07 | engine begin=0.14 update=17.17 render=4.39 end=0.11 | scene layer=16.10 terrain=1.06 plan=0.98 apply=15.06 upload=0.01/0 load=0.00 | cmds surface=2.80 vector=0.00 debug=0.00 mvp=0.45 diag=0.41 submit=0.37 | draw=110 surf=108 fps=30.0
06-11 21:25:12.685 I/MinimalGlobe(11823): Perf frame=802 total=22.94 advance=0.00 nativeRender=21.79 clear=0.00 swap=1.14 | engine begin=0.10 update=17.14 render=4.45 end=0.10 | scene layer=16.14 terrain=1.00 plan=0.89 apply=15.21 upload=0.01/0 load=0.00 | cmds surface=2.89 vector=0.00 debug=0.00 mvp=0.40 diag=0.41 submit=0.38 | draw=110 surf=108 fps=30.0
06-11 21:25:12.721 I/MinimalGlobe(11823): Perf frame=803 total=25.35 advance=0.00 nativeRender=23.64 clear=0.00 swap=1.70 | engine begin=0.14 update=18.23 render=5.08 end=0.19 | scene layer=17.11 terrain=1.10 plan=0.91 apply=16.14 upload=0.01/0 load=0.00 | cmds surface=2.84 vector=0.00 debug=0.00 mvp=0.54 diag=0.47 submit=0.80 | draw=110 surf=108 fps=30.0
06-11 21:25:12.756 I/MinimalGlobe(11823): Perf frame=804 total=26.30 advance=0.00 nativeRender=24.88 clear=0.00 swap=1.41 | engine begin=0.26 update=19.19 render=5.28 end=0.15 | scene layer=18.11 terrain=1.05 plan=1.01 apply=17.04 upload=0.01/0 load=0.00 | cmds surface=3.06 vector=0.00 debug=0.00 mvp=0.45 diag=0.56 submit=0.79 | draw=110 surf=108 fps=29.9
06-11 21:25:12.788 I/MinimalGlobe(11823): Perf frame=805 total=25.59 advance=0.00 nativeRender=24.36 clear=0.00 swap=1.22 | engine begin=0.17 update=19.12 render=4.94 end=0.13 | scene layer=17.99 terrain=1.12 plan=0.96 apply=16.97 upload=0.01/0 load=0.00 | cmds surface=2.90 vector=0.00 debug=0.00 mvp=0.43 diag=0.55 submit=0.66 | draw=110 surf=108 fps=30.0
06-11 21:25:12.821 I/MinimalGlobe(11823): Perf frame=806 total=25.75 advance=0.00 nativeRender=24.39 clear=0.00 swap=1.35 | engine begin=0.13 update=19.03 render=5.04 end=0.19 | scene layer=17.94 terrain=1.07 plan=1.03 apply=16.87 upload=0.01/0 load=0.00 | cmds surface=2.94 vector=0.00 debug=0.00 mvp=0.43 diag=0.48 submit=0.77 | draw=110 surf=108 fps=30.0
06-11 21:25:12.855 I/MinimalGlobe(11823): Perf frame=807 total=26.12 advance=0.00 nativeRender=24.86 clear=0.00 swap=1.25 | engine begin=0.19 update=19.40 render=5.09 end=0.17 | scene layer=18.33 terrain=1.05 plan=1.52 apply=16.76 upload=0.01/0 load=0.00 | cmds surface=2.97 vector=0.00 debug=0.00 mvp=0.43 diag=0.48 submit=0.76 | draw=110 surf=108 fps=30.0
06-11 21:25:12.888 I/MinimalGlobe(11823): Perf frame=808 total=25.97 advance=0.00 nativeRender=24.54 clear=0.00 swap=1.41 | engine begin=0.15 update=19.13 render=5.09 end=0.16 | scene layer=18.04 terrain=1.08 plan=1.27 apply=16.71 upload=0.00/0 load=0.00 | cmds surface=2.94 vector=0.00 debug=0.00 mvp=0.43 diag=0.52 submit=0.79 | draw=110 surf=108 fps=30.0
06-11 21:25:12.921 I/MinimalGlobe(11823): Perf frame=809 total=25.70 advance=0.00 nativeRender=24.38 clear=0.00 swap=1.31 | engine begin=0.14 update=19.14 render=4.96 end=0.14 | scene layer=18.09 terrain=1.04 plan=1.26 apply=16.79 upload=0.00/0 load=0.00 | cmds surface=2.93 vector=0.00 debug=0.00 mvp=0.43 diag=0.48 submit=0.71 | draw=110 surf=108 fps=30.0
06-11 21:25:12.954 I/MinimalGlobe(11823): Perf frame=810 total=25.74 advance=0.00 nativeRender=24.33 clear=0.00 swap=1.39 | engine begin=0.11 update=19.06 render=4.99 end=0.17 | scene layer=18.01 terrain=1.03 plan=1.24 apply=16.73 upload=0.01/0 load=0.00 | cmds surface=2.96 vector=0.00 debug=0.00 mvp=0.43 diag=0.51 submit=0.68 | draw=110 surf=108 fps=30.0
06-11 21:25:12.987 I/MinimalGlobe(11823): Perf frame=811 total=25.42 advance=0.00 nativeRender=24.40 clear=0.00 swap=1.01 | engine begin=0.12 update=19.31 render=4.87 end=0.10 | scene layer=18.18 terrain=1.11 plan=1.33 apply=16.81 upload=0.01/0 load=0.00 | cmds surface=2.90 vector=0.00 debug=0.00 mvp=0.43 diag=0.55 submit=0.58 | draw=110 surf=108 fps=30.0
06-11 21:25:13.021 I/MinimalGlobe(11823): Perf frame=812 total=25.18 advance=0.00 nativeRender=24.15 clear=0.00 swap=1.03 | engine begin=0.10 update=19.04 render=4.90 end=0.09 | scene layer=18.00 terrain=1.04 plan=1.17 apply=16.78 upload=0.01/0 load=0.00 | cmds surface=3.02 vector=0.00 debug=0.00 mvp=0.42 diag=0.53 submit=0.52 | draw=110 surf=108 fps=30.0
06-11 21:25:13.054 I/MinimalGlobe(11823): Perf frame=813 total=25.29 advance=0.00 nativeRender=24.05 clear=0.00 swap=1.23 | engine begin=0.10 update=18.99 render=4.85 end=0.11 | scene layer=17.93 terrain=1.05 plan=1.21 apply=16.68 upload=0.00/0 load=0.00 | cmds surface=2.99 vector=0.00 debug=0.00 mvp=0.42 diag=0.49 submit=0.54 | draw=110 surf=108 fps=30.0
06-11 21:25:13.090 I/MinimalGlobe(11823): Perf frame=814 total=27.88 advance=0.00 nativeRender=26.22 clear=0.00 swap=1.64 | engine begin=0.18 update=20.41 render=5.43 end=0.19 | scene layer=19.29 terrain=1.10 plan=1.37 apply=17.85 upload=0.01/0 load=0.00 | cmds surface=3.18 vector=0.00 debug=0.00 mvp=0.44 diag=0.53 submit=0.85 | draw=110 surf=108 fps=30.0
06-11 21:25:13.121 I/MinimalGlobe(11823): Perf frame=815 total=25.11 advance=0.00 nativeRender=24.03 clear=0.00 swap=1.07 | engine begin=0.18 update=19.16 render=4.57 end=0.12 | scene layer=18.15 terrain=0.99 plan=1.55 apply=16.53 upload=0.01/0 load=0.00 | cmds surface=2.86 vector=0.00 debug=0.00 mvp=0.41 diag=0.48 submit=0.47 | draw=110 surf=108 fps=30.0
06-11 21:25:13.152 I/MinimalGlobe(11823): Perf frame=816 total=22.90 advance=0.00 nativeRender=21.71 clear=0.00 swap=1.19 | engine begin=0.15 update=17.01 render=4.43 end=0.11 | scene layer=15.95 terrain=1.04 plan=0.90 apply=14.97 upload=0.00/0 load=0.00 | cmds surface=2.77 vector=0.00 debug=0.00 mvp=0.50 diag=0.41 submit=0.39 | draw=110 surf=108 fps=30.0
06-11 21:25:13.185 I/MinimalGlobe(11823): Perf frame=817 total=23.17 advance=0.00 nativeRender=21.86 clear=0.00 swap=1.30 | engine begin=0.17 update=17.14 render=4.43 end=0.12 | scene layer=16.12 terrain=1.00 plan=0.94 apply=15.12 upload=0.01/0 load=0.00 | cmds surface=2.88 vector=0.00 debug=0.00 mvp=0.40 diag=0.41 submit=0.37 | draw=110 surf=108 fps=30.0
06-11 21:25:13.218 I/MinimalGlobe(11823): Perf frame=818 total=22.85 advance=0.00 nativeRender=21.74 clear=0.00 swap=1.10 | engine begin=0.13 update=17.09 render=4.42 end=0.10 | scene layer=16.08 terrain=0.99 plan=0.92 apply=15.10 upload=0.01/0 load=0.00 | cmds surface=2.85 vector=0.00 debug=0.00 mvp=0.41 diag=0.41 submit=0.36 | draw=110 surf=108 fps=30.0
06-11 21:25:13.251 I/MinimalGlobe(11823): Perf frame=819 total=22.58 advance=0.00 nativeRender=21.57 clear=0.00 swap=1.00 | engine begin=0.14 update=17.02 render=4.32 end=0.09 | scene layer=15.97 terrain=1.04 plan=0.98 apply=14.95 upload=0.00/0 load=0.00 | cmds surface=2.77 vector=0.00 debug=0.00 mvp=0.44 diag=0.41 submit=0.33 | draw=110 surf=108 fps=30.0
06-11 21:25:13.285 I/MinimalGlobe(11823): Perf frame=820 total=22.52 advance=0.00 nativeRender=21.43 clear=0.00 swap=1.09 | engine begin=0.12 update=16.86 render=4.35 end=0.10 | scene layer=15.87 terrain=0.98 plan=0.89 apply=14.94 upload=0.00/0 load=0.00 | cmds surface=2.82 vector=0.00 debug=0.00 mvp=0.41 diag=0.41 submit=0.35 | draw=110 surf=108 fps=30.0
06-11 21:25:13.318 I/MinimalGlobe(11823): Perf frame=821 total=23.05 advance=0.00 nativeRender=21.84 clear=0.00 swap=1.20 | engine begin=0.11 update=17.02 render=4.55 end=0.15 | scene layer=16.06 terrain=0.95 plan=0.88 apply=15.14 upload=0.01/0 load=0.00 | cmds surface=2.75 vector=0.00 debug=0.00 mvp=0.38 diag=0.43 submit=0.58 | draw=110 surf=108 fps=30.0
06-11 21:25:13.354 I/MinimalGlobe(11823): Perf frame=822 total=24.73 advance=0.00 nativeRender=22.85 clear=0.00 swap=1.87 | engine begin=0.18 update=17.44 render=5.01 end=0.22 | scene layer=16.43 terrain=0.99 plan=1.22 apply=15.17 upload=0.01/0 load=0.00 | cmds surface=2.85 vector=0.00 debug=0.00 mvp=0.42 diag=0.44 submit=0.90 | draw=110 surf=108 fps=30.0
06-11 21:25:13.388 I/MinimalGlobe(11823): Perf frame=823 total=25.95 advance=0.00 nativeRender=25.04 clear=0.00 swap=0.89 | engine begin=0.18 update=19.53 render=5.19 end=0.14 | scene layer=18.39 terrain=1.12 plan=1.35 apply=16.99 upload=0.01/0 load=0.00 | cmds surface=2.95 vector=0.00 debug=0.00 mvp=0.50 diag=0.57 submit=0.74 | draw=110 surf=108 fps=30.0
06-11 21:25:13.421 I/MinimalGlobe(11823): Perf frame=824 total=25.20 advance=0.00 nativeRender=23.88 clear=0.00 swap=1.31 | engine begin=0.13 update=19.14 render=4.47 end=0.13 | scene layer=18.14 terrain=0.99 plan=1.22 apply=16.88 upload=0.00/0 load=0.00 | cmds surface=2.86 vector=0.00 debug=0.00 mvp=0.41 diag=0.42 submit=0.42 | draw=110 surf=108 fps=30.0
06-11 21:25:13.451 I/MinimalGlobe(11823): Perf frame=825 total=22.61 advance=0.00 nativeRender=21.58 clear=0.00 swap=1.02 | engine begin=0.15 update=16.95 render=4.37 end=0.11 | scene layer=15.91 terrain=1.03 plan=0.90 apply=14.97 upload=0.01/0 load=0.00 | cmds surface=2.79 vector=0.00 debug=0.00 mvp=0.46 diag=0.43 submit=0.33 | draw=110 surf=108 fps=30.0
06-11 21:25:13.482 I/MinimalGlobe(11823): Perf frame=826 total=20.14 advance=0.00 nativeRender=18.88 clear=0.00 swap=1.26 | engine begin=0.13 update=14.78 render=3.79 end=0.18 | scene layer=13.86 terrain=0.90 plan=0.85 apply=12.96 upload=0.00/0 load=0.00 | cmds surface=2.42 vector=0.00 debug=0.00 mvp=0.35 diag=0.36 submit=0.34 | draw=110 surf=108 fps=30.0
06-11 21:25:13.516 I/MinimalGlobe(11823): Perf frame=827 total=20.97 advance=0.00 nativeRender=19.19 clear=0.00 swap=1.77 | engine begin=0.10 update=14.96 render=3.97 end=0.16 | scene layer=14.06 terrain=0.89 plan=1.09 apply=12.93 upload=0.00/0 load=0.00 | cmds surface=2.40 vector=0.00 debug=0.00 mvp=0.38 diag=0.36 submit=0.51 | draw=110 surf=108 fps=30.0
06-11 21:25:13.549 I/MinimalGlobe(11823): Perf frame=828 total=20.03 advance=0.00 nativeRender=18.81 clear=0.00 swap=1.21 | engine begin=0.15 update=14.69 render=3.86 end=0.11 | scene layer=13.81 terrain=0.86 plan=0.80 apply=12.88 upload=0.00/0 load=0.00 | cmds surface=2.52 vector=0.00 debug=0.00 mvp=0.35 diag=0.36 submit=0.32 | draw=110 surf=108 fps=30.0
06-11 21:25:13.717 I/MinimalGlobe(11823): Perf frame=833 total=20.99 advance=0.00 nativeRender=19.97 clear=0.00 swap=1.01 | engine begin=0.11 update=15.32 render=4.43 end=0.11 | scene layer=14.29 terrain=1.01 plan=0.80 apply=13.44 upload=0.00/0 load=0.00 | cmds surface=2.85 vector=0.00 debug=0.00 mvp=0.41 diag=0.41 submit=0.39 | draw=110 surf=108 fps=30.0
06-11 21:25:13.754 I/MinimalGlobe(11823): Perf frame=834 total=25.09 advance=0.00 nativeRender=23.46 clear=0.00 swap=1.61 | engine begin=0.19 update=18.50 render=4.59 end=0.18 | scene layer=17.46 terrain=1.02 plan=1.49 apply=15.90 upload=0.01/0 load=0.00 | cmds surface=2.89 vector=0.00 debug=0.00 mvp=0.41 diag=0.42 submit=0.49 | draw=110 surf=108 fps=30.0
06-11 21:25:13.785 I/MinimalGlobe(11823): Perf frame=835 total=23.35 advance=0.00 nativeRender=21.74 clear=0.00 swap=1.60 | engine begin=0.11 update=17.02 render=4.44 end=0.16 | scene layer=16.01 terrain=1.00 plan=0.90 apply=15.06 upload=0.01/0 load=0.00 | cmds surface=2.84 vector=0.00 debug=0.00 mvp=0.41 diag=0.42 submit=0.41 | draw=110 surf=108 fps=30.0
06-11 21:25:13.820 I/MinimalGlobe(11823): Perf frame=836 total=24.62 advance=0.00 nativeRender=23.30 clear=0.00 swap=1.30 | engine begin=0.12 update=17.08 render=5.88 end=0.22 | scene layer=16.03 terrain=1.03 plan=0.90 apply=15.09 upload=0.01/0 load=0.00 | cmds surface=3.49 vector=0.00 debug=0.00 mvp=0.48 diag=0.60 submit=0.89 | draw=110 surf=108 fps=30.0
06-11 21:25:13.854 I/MinimalGlobe(11823): Perf frame=837 total=25.45 advance=0.00 nativeRender=23.88 clear=0.00 swap=1.56 | engine begin=0.24 update=18.50 render=4.96 end=0.18 | scene layer=17.47 terrain=1.01 plan=1.41 apply=16.00 upload=0.01/0 load=0.00 | cmds surface=2.88 vector=0.00 debug=0.00 mvp=0.42 diag=0.48 submit=0.78 | draw=110 surf=108 fps=30.0
06-11 21:25:13.888 I/MinimalGlobe(11823): Perf frame=838 total=25.22 advance=0.00 nativeRender=23.86 clear=0.00 swap=1.35 | engine begin=0.19 update=18.81 render=4.71 end=0.16 | scene layer=17.68 terrain=1.11 plan=0.95 apply=16.68 upload=0.01/0 load=0.00 | cmds surface=2.80 vector=0.00 debug=0.00 mvp=0.41 diag=0.52 submit=0.62 | draw=110 surf=108 fps=30.0
06-11 21:25:13.918 I/MinimalGlobe(11823): Perf frame=839 total=22.91 advance=0.00 nativeRender=21.78 clear=0.00 swap=1.12 | engine begin=0.13 update=17.00 render=4.53 end=0.11 | scene layer=15.98 terrain=1.00 plan=0.90 apply=15.05 upload=0.00/0 load=0.00 | cmds surface=2.87 vector=0.00 debug=0.00 mvp=0.41 diag=0.41 submit=0.39 | draw=110 surf=108 fps=30.0
06-11 21:25:13.953 I/MinimalGlobe(11823): Perf frame=840 total=24.12 advance=0.00 nativeRender=22.66 clear=0.00 swap=1.45 | engine begin=0.11 update=17.50 render=4.91 end=0.14 | scene layer=16.47 terrain=1.02 plan=0.98 apply=15.45 upload=0.01/0 load=0.00 | cmds surface=2.87 vector=0.00 debug=0.00 mvp=0.41 diag=0.45 submit=0.78 | draw=110 surf=108 fps=30.0
06-11 21:25:13.987 I/MinimalGlobe(11823): Perf frame=841 total=25.17 advance=0.00 nativeRender=24.08 clear=0.00 swap=1.08 | engine begin=0.16 update=18.89 render=4.91 end=0.11 | scene layer=17.73 terrain=1.14 plan=0.93 apply=16.76 upload=0.00/0 load=0.00 | cmds surface=2.89 vector=0.00 debug=0.00 mvp=0.43 diag=0.57 submit=0.61 | draw=110 surf=108 fps=30.0
06-11 21:25:14.021 I/MinimalGlobe(11823): Perf frame=842 total=25.00 advance=0.00 nativeRender=23.99 clear=0.00 swap=1.00 | engine begin=0.13 update=19.07 render=4.69 end=0.10 | scene layer=18.03 terrain=1.02 plan=0.94 apply=17.05 upload=0.00/0 load=0.00 | cmds surface=2.93 vector=0.00 debug=0.00 mvp=0.43 diag=0.50 submit=0.44 | draw=110 surf=108 fps=30.0
06-11 21:25:14.060 I/MinimalGlobe(11823): Perf frame=843 total=31.33 advance=0.00 nativeRender=30.11 clear=0.00 swap=1.21 | engine begin=0.12 update=25.25 render=4.61 end=0.12 | scene layer=24.23 terrain=1.01 plan=1.97 apply=22.22 upload=0.01/0 load=0.00 | cmds surface=2.86 vector=0.00 debug=0.00 mvp=0.44 diag=0.42 submit=0.53 | draw=110 surf=108 fps=30.0
06-11 21:25:14.084 I/MinimalGlobe(11823): Perf frame=844 total=22.41 advance=0.00 nativeRender=21.40 clear=0.00 swap=1.00 | engine begin=0.12 update=16.88 render=4.32 end=0.09 | scene layer=15.89 terrain=0.97 plan=0.89 apply=14.97 upload=0.00/0 load=0.00 | cmds surface=2.81 vector=0.00 debug=0.00 mvp=0.41 diag=0.41 submit=0.34 | draw=110 surf=108 fps=30.0
06-11 21:25:14.118 I/MinimalGlobe(11823): Perf frame=845 total=22.72 advance=0.00 nativeRender=21.51 clear=0.00 swap=1.20 | engine begin=0.11 update=16.88 render=4.36 end=0.16 | scene layer=15.88 terrain=0.99 plan=0.89 apply=14.96 upload=0.00/0 load=0.00 | cmds surface=2.83 vector=0.00 debug=0.00 mvp=0.41 diag=0.41 submit=0.36 | draw=110 surf=108 fps=30.0
06-11 21:25:14.152 I/MinimalGlobe(11823): Perf frame=846 total=22.86 advance=0.00 nativeRender=21.60 clear=0.00 swap=1.25 | engine begin=0.13 update=16.96 render=4.37 end=0.14 | scene layer=15.94 terrain=1.01 plan=0.93 apply=14.97 upload=0.00/0 load=0.00 | cmds surface=2.77 vector=0.00 debug=0.00 mvp=0.45 diag=0.41 submit=0.37 | draw=110 surf=108 fps=30.0
06-11 21:25:14.185 I/MinimalGlobe(11823): Perf frame=847 total=22.82 advance=0.00 nativeRender=21.46 clear=0.00 swap=1.36 | engine begin=0.12 update=16.90 render=4.32 end=0.12 | scene layer=15.91 terrain=0.98 plan=0.89 apply=14.99 upload=0.01/0 load=0.00 | cmds surface=2.80 vector=0.00 debug=0.00 mvp=0.41 diag=0.41 submit=0.35 | draw=110 surf=108 fps=30.0
06-11 21:25:14.220 I/MinimalGlobe(11823): Perf frame=848 total=24.93 advance=0.00 nativeRender=23.55 clear=0.00 swap=1.38 | engine begin=0.10 update=18.46 render=4.85 end=0.14 | scene layer=17.26 terrain=1.18 plan=0.90 apply=16.32 upload=0.01/0 load=0.00 | cmds surface=2.69 vector=0.00 debug=0.00 mvp=0.54 diag=0.45 submit=0.78 | draw=110 surf=108 fps=30.0
06-11 21:25:14.252 I/MinimalGlobe(11823): Perf frame=849 total=23.37 advance=0.00 nativeRender=22.26 clear=0.00 swap=1.10 | engine begin=0.13 update=17.54 render=4.50 end=0.10 | scene layer=16.58 terrain=0.95 plan=1.26 apply=15.28 upload=0.00/0 load=0.00 | cmds surface=2.73 vector=0.00 debug=0.00 mvp=0.39 diag=0.43 submit=0.56 | draw=110 surf=108 fps=30.0
06-11 21:25:14.289 I/MinimalGlobe(11823): Perf frame=850 total=26.53 advance=0.00 nativeRender=24.90 clear=0.00 swap=1.61 | engine begin=0.12 update=19.35 render=5.24 end=0.19 | scene layer=18.15 terrain=1.18 plan=1.26 apply=16.85 upload=0.01/0 load=0.00 | cmds surface=2.97 vector=0.00 debug=0.00 mvp=0.53 diag=0.50 submit=0.80 | draw=110 surf=108 fps=30.0
06-11 21:25:14.320 I/MinimalGlobe(11823): Perf frame=851 total=24.86 advance=0.00 nativeRender=23.77 clear=0.00 swap=1.07 | engine begin=0.18 update=18.92 render=4.51 end=0.16 | scene layer=17.91 terrain=0.99 plan=1.49 apply=16.37 upload=0.00/0 load=0.00 | cmds surface=2.86 vector=0.00 debug=0.00 mvp=0.41 diag=0.42 submit=0.47 | draw=110 surf=108 fps=30.0
06-11 21:25:14.352 I/MinimalGlobe(11823): Perf frame=852 total=23.10 advance=0.00 nativeRender=21.90 clear=0.00 swap=1.19 | engine begin=0.18 update=17.12 render=4.45 end=0.15 | scene layer=16.06 terrain=1.04 plan=0.99 apply=15.02 upload=0.01/0 load=0.00 | cmds surface=2.80 vector=0.00 debug=0.00 mvp=0.49 diag=0.41 submit=0.38 | draw=110 surf=108 fps=30.0
06-11 21:25:14.385 I/MinimalGlobe(11823): Perf frame=853 total=22.77 advance=0.00 nativeRender=21.58 clear=0.00 swap=1.19 | engine begin=0.16 update=17.02 render=4.31 end=0.10 | scene layer=16.03 terrain=0.97 plan=0.92 apply=15.06 upload=0.01/0 load=0.00 | cmds surface=2.81 vector=0.00 debug=0.00 mvp=0.40 diag=0.41 submit=0.34 | draw=110 surf=108 fps=30.0
06-11 21:25:14.418 I/MinimalGlobe(11823): Perf frame=854 total=22.82 advance=0.00 nativeRender=21.51 clear=0.00 swap=1.30 | engine begin=0.14 update=16.91 render=4.35 end=0.12 | scene layer=15.92 terrain=0.97 plan=0.89 apply=14.99 upload=0.01/0 load=0.00 | cmds surface=2.86 vector=0.00 debug=0.00 mvp=0.41 diag=0.41 submit=0.32 | draw=110 surf=108 fps=30.0
06-11 21:25:14.452 I/MinimalGlobe(11823): Perf frame=855 total=23.34 advance=0.00 nativeRender=22.09 clear=0.00 swap=1.24 | engine begin=0.12 update=17.46 render=4.41 end=0.09 | scene layer=16.50 terrain=0.94 plan=1.20 apply=15.25 upload=0.01/0 load=0.00 | cmds surface=2.67 vector=0.00 debug=0.00 mvp=0.39 diag=0.43 submit=0.56 | draw=110 surf=108 fps=30.0
06-11 21:25:14.486 I/MinimalGlobe(11823): Perf frame=856 total=23.34 advance=0.00 nativeRender=22.08 clear=0.00 swap=1.25 | engine begin=0.14 update=17.33 render=4.49 end=0.11 | scene layer=16.38 terrain=0.94 plan=1.21 apply=15.13 upload=0.00/0 load=0.00 | cmds surface=2.69 vector=0.00 debug=0.00 mvp=0.38 diag=0.43 submit=0.63 | draw=110 surf=108 fps=30.0
06-11 21:25:14.521 I/MinimalGlobe(11823): Perf frame=857 total=25.58 advance=0.00 nativeRender=24.12 clear=0.00 swap=1.45 | engine begin=0.15 update=19.16 render=4.65 end=0.16 | scene layer=18.14 terrain=1.00 plan=1.24 apply=16.86 upload=0.01/0 load=0.00 | cmds surface=2.85 vector=0.00 debug=0.00 mvp=0.41 diag=0.42 submit=0.61 | draw=110 surf=108 fps=30.0
06-11 21:25:14.552 I/MinimalGlobe(11823): Perf frame=858 total=23.01 advance=0.00 nativeRender=21.80 clear=0.00 swap=1.20 | engine begin=0.20 update=17.02 render=4.45 end=0.13 | scene layer=16.02 terrain=0.99 plan=0.92 apply=15.05 upload=0.00/0 load=0.00 | cmds surface=2.78 vector=0.00 debug=0.00 mvp=0.49 diag=0.42 submit=0.42 | draw=110 surf=108 fps=30.0
06-11 21:25:14.585 I/MinimalGlobe(11823): Perf frame=859 total=23.01 advance=0.00 nativeRender=21.62 clear=0.00 swap=1.38 | engine begin=0.12 update=16.97 render=4.37 end=0.16 | scene layer=15.96 terrain=1.00 plan=0.89 apply=15.04 upload=0.01/0 load=0.00 | cmds surface=2.81 vector=0.00 debug=0.00 mvp=0.41 diag=0.41 submit=0.39 | draw=110 surf=108 fps=30.0
06-11 21:25:14.618 I/MinimalGlobe(11823): Perf frame=860 total=22.91 advance=0.00 nativeRender=21.85 clear=0.00 swap=1.05 | engine begin=0.11 update=17.02 render=4.54 end=0.18 | scene layer=16.00 terrain=1.01 plan=0.90 apply=15.06 upload=0.01/0 load=0.00 | cmds surface=2.88 vector=0.00 debug=0.00 mvp=0.40 diag=0.41 submit=0.40 | draw=110 surf=108 fps=30.0
06-11 21:25:14.651 I/MinimalGlobe(11823): Perf frame=861 total=22.69 advance=0.00 nativeRender=21.70 clear=0.00 swap=0.98 | engine begin=0.09 update=17.16 render=4.35 end=0.09 | scene layer=16.13 terrain=1.02 plan=0.90 apply=15.20 upload=0.01/0 load=0.00 | cmds surface=2.79 vector=0.00 debug=0.00 mvp=0.47 diag=0.42 submit=0.32 | draw=110 surf=108 fps=30.0
06-11 21:25:14.684 I/MinimalGlobe(11823): Perf frame=862 total=22.38 advance=0.00 nativeRender=21.39 clear=0.00 swap=0.98 | engine begin=0.08 update=16.90 render=4.33 end=0.09 | scene layer=15.91 terrain=0.98 plan=0.88 apply=15.00 upload=0.00/0 load=0.00 | cmds surface=2.86 vector=0.00 debug=0.00 mvp=0.40 diag=0.41 submit=0.30 | draw=110 surf=108 fps=30.0
06-11 21:25:14.719 I/MinimalGlobe(11823): Perf frame=863 total=23.45 advance=0.00 nativeRender=22.31 clear=0.00 swap=1.13 | engine begin=0.10 update=17.39 render=4.71 end=0.11 | scene layer=16.40 terrain=0.98 plan=0.91 apply=15.44 upload=0.01/0 load=0.00 | cmds surface=2.75 vector=0.00 debug=0.00 mvp=0.39 diag=0.43 submit=0.76 | draw=110 surf=108 fps=30.0
06-11 21:25:14.752 I/MinimalGlobe(11823): Perf frame=864 total=23.43 advance=0.00 nativeRender=21.99 clear=0.00 swap=1.42 | engine begin=0.10 update=17.24 render=4.48 end=0.17 | scene layer=16.21 terrain=1.01 plan=0.92 apply=15.26 upload=0.00/0 load=0.00 | cmds surface=2.67 vector=0.00 debug=0.00 mvp=0.45 diag=0.44 submit=0.53 | draw=110 surf=108 fps=30.0
06-11 21:25:14.787 I/MinimalGlobe(11823): Perf frame=865 total=24.87 advance=0.00 nativeRender=23.85 clear=0.00 swap=1.01 | engine begin=0.16 update=18.84 render=4.74 end=0.11 | scene layer=17.72 terrain=1.11 plan=0.96 apply=16.72 upload=0.00/0 load=0.00 | cmds surface=2.90 vector=0.00 debug=0.00 mvp=0.42 diag=0.59 submit=0.42 | draw=110 surf=108 fps=30.0
06-11 21:25:14.820 I/MinimalGlobe(11823): Perf frame=866 total=24.90 advance=0.00 nativeRender=23.96 clear=0.00 swap=0.93 | engine begin=0.12 update=18.83 render=4.86 end=0.15 | scene layer=17.76 terrain=1.06 plan=0.93 apply=16.79 upload=0.01/0 load=0.00 | cmds surface=3.04 vector=0.00 debug=0.00 mvp=0.43 diag=0.48 submit=0.49 | draw=110 surf=108 fps=30.0
06-11 21:25:14.855 I/MinimalGlobe(11823): Perf frame=867 total=26.47 advance=0.00 nativeRender=25.16 clear=0.00 swap=1.29 | engine begin=0.33 update=19.19 render=5.43 end=0.22 | scene layer=18.05 terrain=1.09 plan=1.03 apply=16.93 upload=0.01/0 load=0.00 | cmds surface=3.11 vector=0.00 debug=0.00 mvp=0.43 diag=0.49 submit=0.96 | draw=110 surf=108 fps=30.0
06-11 21:25:14.888 I/MinimalGlobe(11823): Perf frame=868 total=26.16 advance=0.00 nativeRender=24.98 clear=0.00 swap=1.16 | engine begin=0.21 update=19.42 render=5.15 end=0.20 | scene layer=18.26 terrain=1.12 plan=1.36 apply=16.84 upload=0.01/0 load=0.00 | cmds surface=2.93 vector=0.00 debug=0.00 mvp=0.45 diag=0.49 submit=0.86 | draw=110 surf=108 fps=30.0
06-11 21:25:14.922 I/MinimalGlobe(11823): Perf frame=869 total=26.79 advance=0.00 nativeRender=24.88 clear=0.00 swap=1.90 | engine begin=0.14 update=19.27 render=5.25 end=0.22 | scene layer=18.15 terrain=1.10 plan=1.27 apply=16.83 upload=0.01/0 load=0.00 | cmds surface=3.02 vector=0.00 debug=0.00 mvp=0.43 diag=0.49 submit=0.89 | draw=110 surf=108 fps=30.0
06-11 21:25:14.955 I/MinimalGlobe(11823): Perf frame=870 total=26.64 advance=0.00 nativeRender=25.39 clear=0.00 swap=1.23 | engine begin=0.16 update=19.79 render=5.26 end=0.18 | scene layer=18.63 terrain=1.10 plan=1.35 apply=17.23 upload=0.01/0 load=0.00 | cmds surface=3.03 vector=0.00 debug=0.00 mvp=0.43 diag=0.48 submit=0.89 | draw=110 surf=108 fps=30.0
06-11 21:25:14.989 I/MinimalGlobe(11823): Perf frame=871 total=26.40 advance=0.00 nativeRender=25.15 clear=0.00 swap=1.23 | engine begin=0.18 update=19.56 render=5.24 end=0.18 | scene layer=18.26 terrain=1.27 plan=1.08 apply=17.11 upload=0.01/0 load=0.00 | cmds surface=3.05 vector=0.00 debug=0.00 mvp=0.51 diag=0.49 submit=0.75 | draw=110 surf=108 fps=30.0
06-11 21:25:15.021 I/MinimalGlobe(11823): Perf frame=872 total=25.37 advance=0.00 nativeRender=24.22 clear=0.00 swap=1.15 | engine begin=0.15 update=19.25 render=4.69 end=0.13 | scene layer=18.20 terrain=1.03 plan=0.95 apply=17.20 upload=0.01/0 load=0.00 | cmds surface=2.96 vector=0.00 debug=0.00 mvp=0.41 diag=0.48 submit=0.49 | draw=110 surf=108 fps=30.0
06-11 21:25:15.051 I/MinimalGlobe(11823): Perf frame=873 total=22.71 advance=0.00 nativeRender=21.54 clear=0.00 swap=1.16 | engine begin=0.12 update=16.92 render=4.38 end=0.11 | scene layer=15.89 terrain=1.01 plan=0.92 apply=14.93 upload=0.00/0 load=0.00 | cmds surface=2.78 vector=0.00 debug=0.00 mvp=0.44 diag=0.41 submit=0.40 | draw=110 surf=108 fps=30.0
06-11 21:25:15.084 I/MinimalGlobe(11823): Perf frame=874 total=22.42 advance=0.00 nativeRender=21.61 clear=0.00 swap=0.81 | engine begin=0.12 update=16.97 render=4.41 end=0.10 | scene layer=15.97 terrain=0.99 plan=0.90 apply=15.02 upload=0.00/0 load=0.00 | cmds surface=2.86 vector=0.00 debug=0.00 mvp=0.42 diag=0.41 submit=0.36 | draw=110 surf=108 fps=30.0
06-11 21:25:15.118 I/MinimalGlobe(11823): Perf frame=875 total=22.56 advance=0.00 nativeRender=21.47 clear=0.00 swap=1.09 | engine begin=0.09 update=16.92 render=4.36 end=0.10 | scene layer=15.91 terrain=0.99 plan=0.89 apply=14.99 upload=0.01/0 load=0.00 | cmds surface=2.88 vector=0.00 debug=0.00 mvp=0.40 diag=0.41 submit=0.31 | draw=110 surf=108 fps=30.0
06-11 21:25:15.151 I/MinimalGlobe(11823): Perf frame=876 total=22.73 advance=0.00 nativeRender=21.71 clear=0.00 swap=1.01 | engine begin=0.09 update=17.13 render=4.39 end=0.10 | scene layer=16.04 terrain=1.08 plan=0.96 apply=15.05 upload=0.01/0 load=0.00 | cmds surface=2.78 vector=0.00 debug=0.00 mvp=0.53 diag=0.41 submit=0.33 | draw=110 surf=108 fps=30.0
06-11 21:25:15.185 I/MinimalGlobe(11823): Perf frame=877 total=22.43 advance=0.00 nativeRender=21.49 clear=0.00 swap=0.94 | engine begin=0.13 update=16.96 render=4.31 end=0.09 | scene layer=15.96 terrain=0.98 plan=0.91 apply=15.01 upload=0.00/0 load=0.00 | cmds surface=2.83 vector=0.00 debug=0.00 mvp=0.41 diag=0.41 submit=0.31 | draw=110 surf=108 fps=30.0
06-11 21:25:15.220 I/MinimalGlobe(11823): Perf frame=878 total=24.61 advance=0.00 nativeRender=23.30 clear=0.00 swap=1.31 | engine begin=0.11 update=18.26 render=4.78 end=0.14 | scene layer=17.13 terrain=1.12 plan=1.06 apply=16.02 upload=0.01/0 load=0.00 | cmds surface=2.79 vector=0.00 debug=0.00 mvp=0.44 diag=0.46 submit=0.69 | draw=110 surf=108 fps=30.0
06-11 21:25:15.254 I/MinimalGlobe(11823): Perf frame=879 total=25.23 advance=0.00 nativeRender=23.63 clear=0.00 swap=1.58 | engine begin=0.30 update=18.19 render=4.94 end=0.19 | scene layer=17.18 terrain=0.99 plan=1.91 apply=15.20 upload=0.01/0 load=0.00 | cmds surface=2.82 vector=0.00 debug=0.00 mvp=0.39 diag=0.45 submit=0.89 | draw=110 surf=108 fps=30.0
06-11 21:25:15.286 I/MinimalGlobe(11823): Perf frame=880 total=24.10 advance=0.00 nativeRender=22.85 clear=0.00 swap=1.24 | engine begin=0.16 update=17.75 render=4.73 end=0.19 | scene layer=16.78 terrain=0.96 plan=1.24 apply=15.50 upload=0.01/0 load=0.00 | cmds surface=2.71 vector=0.00 debug=0.00 mvp=0.39 diag=0.44 submit=0.83 | draw=110 surf=108 fps=30.0
06-11 21:25:15.321 I/MinimalGlobe(11823): Perf frame=881 total=25.91 advance=0.00 nativeRender=24.60 clear=0.00 swap=1.29 | engine begin=0.14 update=19.13 render=5.16 end=0.18 | scene layer=18.05 terrain=1.06 plan=1.27 apply=16.74 upload=0.00/0 load=0.00 | cmds surface=3.00 vector=0.00 debug=0.00 mvp=0.43 diag=0.49 submit=0.83 | draw=110 surf=108 fps=30.0
06-11 21:25:15.355 I/MinimalGlobe(11823): Perf frame=882 total=25.81 advance=0.00 nativeRender=24.58 clear=0.00 swap=1.21 | engine begin=0.14 update=19.10 render=5.17 end=0.16 | scene layer=18.04 terrain=1.05 plan=1.29 apply=16.70 upload=0.00/0 load=0.00 | cmds surface=2.96 vector=0.00 debug=0.00 mvp=0.43 diag=0.49 submit=0.80 | draw=110 surf=108 fps=30.0
06-11 21:25:15.388 I/MinimalGlobe(11823): Perf frame=883 total=25.32 advance=0.00 nativeRender=24.19 clear=0.00 swap=1.13 | engine begin=0.13 update=19.01 render=4.92 end=0.12 | scene layer=17.92 terrain=1.07 plan=1.25 apply=16.63 upload=0.00/0 load=0.00 | cmds surface=2.92 vector=0.00 debug=0.00 mvp=0.43 diag=0.56 submit=0.61 | draw=110 surf=108 fps=30.0
06-11 21:25:15.421 I/MinimalGlobe(11823): Perf frame=884 total=25.88 advance=0.00 nativeRender=24.40 clear=0.00 swap=1.47 | engine begin=0.12 update=19.00 render=5.11 end=0.17 | scene layer=17.95 terrain=1.04 plan=1.25 apply=16.66 upload=0.00/0 load=0.00 | cmds surface=3.02 vector=0.00 debug=0.00 mvp=0.43 diag=0.54 submit=0.69 | draw=110 surf=108 fps=30.0
06-11 21:25:15.454 I/MinimalGlobe(11823): Perf frame=885 total=25.70 advance=0.00 nativeRender=24.59 clear=0.00 swap=1.10 | engine begin=0.15 update=19.24 render=5.10 end=0.09 | scene layer=18.17 terrain=1.05 plan=1.34 apply=16.73 upload=0.01/0 load=0.00 | cmds surface=3.03 vector=0.00 debug=0.00 mvp=0.42 diag=0.56 submit=0.60 | draw=110 surf=108 fps=30.0
06-11 21:25:15.489 I/MinimalGlobe(11823): Perf frame=886 total=26.35 advance=0.00 nativeRender=25.07 clear=0.00 swap=1.26 | engine begin=0.11 update=19.48 render=5.27 end=0.21 | scene layer=18.26 terrain=1.20 plan=1.31 apply=16.91 upload=0.01/0 load=0.00 | cmds surface=2.98 vector=0.00 debug=0.00 mvp=0.58 diag=0.49 submit=0.79 | draw=110 surf=108 fps=30.0
06-11 21:25:15.523 I/MinimalGlobe(11823): Perf frame=887 total=27.09 advance=0.00 nativeRender=25.08 clear=0.00 swap=2.00 | engine begin=0.18 update=19.56 render=5.14 end=0.20 | scene layer=18.45 terrain=1.09 plan=1.45 apply=16.94 upload=0.01/0 load=0.00 | cmds surface=3.03 vector=0.00 debug=0.00 mvp=0.43 diag=0.48 submit=0.76 | draw=110 surf=108 fps=30.0
