06-09 04:29:21.135 I/DisplayDeviceRepository( 3189): Display device changed render timings: "内置屏幕", renderFrameRate=120.00001, presentationDeadlineNanos=13333332, appVsyncOffsetNanos=1000000, frameRateOverrides=[]
06-09 04:29:22.069 V/WindowManagerShell( 4329):  appCompatTaskInfo=AppCompatTaskInfo { topActivityInSizeCompat=false topActivityInOplusCompatMode=false eligibleForLetterboxEducation= false isLetterboxEducationEnabled= false isLetterboxDoubleTapEnabled= false eligibleForUserAspectRatioButton= false topActivityBoundsLetterboxed= false isFromLetterboxDoubleTap= false topActivityLetterboxVerticalPosition= -1 topActivityLetterboxHorizontalPosition= -1 topActivityLetterboxWidth=-1 topActivityLetterboxHeight=-1 topActivityAppBounds=Rect(0, 0 - 1240, 2772) isUserFullscreenOverrideEnabled=false isSystemFullscreenOverrideEnabled=false hasMinAspectRatioOverride=false topActivityLetterboxBounds=null cameraCompatTaskInfo=CameraCompatTaskInfo { freeformCameraCompatMode=inactive}} topActivityMainWindowFrame=null topActivityLetterboxInsets=Rect(0, 0 - 0, 0)
06-09 04:29:22.103 V/WindowManager( 3189):  appCompatTaskInfo=AppCompatTaskInfo { topActivityInSizeCompat=false topActivityInOplusCompatMode=false eligibleForLetterboxEducation= false isLetterboxEducationEnabled= false isLetterboxDoubleTapEnabled= false eligibleForUserAspectRatioButton= false topActivityBoundsLetterboxed= false isFromLetterboxDoubleTap= false topActivityLetterboxVerticalPosition= -1 topActivityLetterboxHorizontalPosition= -1 topActivityLetterboxWidth=-1 topActivityLetterboxHeight=-1 topActivityAppBounds=Rect(0, 0 - 1240, 2772) isUserFullscreenOverrideEnabled=false isSystemFullscreenOverrideEnabled=false hasMinAspectRatioOverride=false topActivityLetterboxBounds=null cameraCompatTaskInfo=CameraCompatTaskInfo { freeformCameraCompatMode=inactive}} topActivityMainWindowFrame=null topActivityLetterboxInsets=Rect(0, 0 - 0, 0)
06-09 04:29:22.103 V/WindowManager( 3189):  mOplusExtraBundle = Bundle[{androidx.flexible.taskFrame=Rect(0, 0 - 0, 0), androidx.flexible.Alpha=1.0, androidx.activity.task.attach.blur=0, androidx.activity.LaunchInsensible=0, androidx.activity.LaunchCornerRadius=0, key_flexible_task_state=0, topActivitySupportAppInnerSplit=false, key_flexible_task_animating_type=-1, key_flexible_task_root_activity_processname=com.earthengine.minimalglobe, androidx.activity.LaunchScenario=0, is_oplus_clone_task=false, flexible_super_mini_state=false, topRunningActivityHash=179629165, androidx.activity.LaunchScale=1.0, androidx.activity.LaunchShadowRadius=0, is_transient_hide_for_task_info=false, key_flexible_task_root_activity_pid=0, key_flexible_task_root_activity_uid=10599}]}, pipChange = null, remoteTransition = null, displayChange = null, flags = 0, debugId = 255 }
06-09 04:29:22.143 D/WindowManager( 3189): setFrameRateStart invalid typeId return!
06-09 04:29:22.144 D/WindowManager( 3189): setFrameRateStart invalid typeId return!
06-09 04:29:22.280 D/WindowManager( 3189): setFrameRateStart invalid typeId return!
06-09 04:29:22.280 D/WindowManager( 3189): setFrameRateStart invalid typeId return!
06-09 04:29:22.284 D/VRI[MainActivity](25345): relayoutWindow result, sizeChanged:true, surfaceControlChanged:true, transformHintChanged:false, mSurfaceSize:Point(1240, 2772), mLastSurfaceSize:Point(0, 0), mWidth:-1, mHeight:-1, requestedWidth:1240, requestedHeight:2772, transformHint:0, installOrientation:0, displayRotation:0, isSurfaceValid:true, attr.flag:-2122252032, tmpFrames:ClientWindowFrames{frame=[0,0][1240,2772] display=[0,0][1240,2772] parentFrame=[0,0][0,0]}, relayoutAsync:false, mSyncSeqId:0
06-09 04:29:22.319 D/WindowManager( 3189): setFrameRateStart invalid typeId return!
06-09 04:29:22.324 W/VRI[MainActivity](25345): handleResized, msg:, frameChanged:false, configChanged:false, displayChanged:false, attachedFrameChanged:false, compatScaleChanged:false, pendingDragResizing=false
06-09 04:29:22.403 D/WindowManager( 3189): setFrameRateStart invalid typeId return!
06-09 04:29:22.682 D/WindowManager( 3189): setFrameRateStart invalid typeId return!
06-09 04:29:22.957 I/DisplayDeviceRepository( 3189): Display device changed render timings: "内置屏幕", renderFrameRate=60.000004, presentationDeadlineNanos=16666666, appVsyncOffsetNanos=1000000, frameRateOverrides=[]
06-09 04:29:57.766 I/MinimalGlobe(25345): Debug zoom scale=1.18 | tiles vis=84 cached=160 renderSurface=49 exact=49 parent=0 missing=0 unsupported=32 lod=512 eq=0 qRender=84 qWalk=59 qFrustum=118 grp=52/16/16 alt=1.00 radius=6378138.00 FPS=54.9 draw=49
06-09 04:29:58.005 E/MSP-LOG-APP-CloudCtrlDataManager(20522): Parameter specified as non-null is null: method androidx.sqlite.db.framework.FrameworkSQLiteDatabase.query, parameter bindArgs
06-09 04:29:58.005 E/MSP-LOG-APP-CloudCtrlDataManager(20522): java.lang.NullPointerException: Parameter specified as non-null is null: method androidx.sqlite.db.framework.FrameworkSQLiteDatabase.query, parameter bindArgs
06-09 04:29:58.005 E/MSP-LOG-APP-CloudCtrlDataManager(20522): 	at androidx.sqlite.db.framework.FrameworkSQLiteDatabase.query(Unknown Source:7)
06-09 04:29:58.005 E/MSP-LOG-APP-CloudCtrlDataManager(20522): 	at androidx.sqlite.db.framework.FrameworkSQLiteOpenHelper$OpenHelper.onUpgrade(FrameworkSQLiteOpenHelper.kt:16)
06-09 04:29:58.005 E/MSP-LOG-APP-CloudCtrlDataManager(20522): 	at androidx.sqlite.db.framework.FrameworkSQLiteOpenHelper$OpenHelper.getWritableOrReadableDatabase(FrameworkSQLiteOpenHelper.kt:6)
06-09 04:29:58.005 E/MSP-LOG-APP-CloudCtrlDataManager(20522): 	at androidx.sqlite.db.framework.FrameworkSQLiteOpenHelper$OpenHelper.innerGetDatabase(FrameworkSQLiteOpenHelper.kt:67)
06-09 04:29:58.005 E/MSP-LOG-APP-CloudCtrlDataManager(20522): 	at androidx.sqlite.db.framework.FrameworkSQLiteOpenHelper$OpenHelper.getSupportDatabase(FrameworkSQLiteOpenHelper.kt:22)
06-09 04:29:58.005 E/MSP-LOG-APP-CloudCtrlDataManager(20522): 	at androidx.sqlite.db.framework.FrameworkSQLiteOpenHelper.getWritableDatabase(FrameworkSQLiteOpenHelper.kt:6)
06-09 04:29:58.005 E/MSP-LOG-APP-CloudCtrlDataManager(20522): Parameter specified as non-null is null: method androidx.sqlite.db.framework.FrameworkSQLiteDatabase.query, parameter bindArgs
06-09 04:29:58.005 E/MSP-LOG-APP-CloudCtrlDataManager(20522): java.lang.NullPointerException: Parameter specified as non-null is null: method androidx.sqlite.db.framework.FrameworkSQLiteDatabase.query, parameter bindArgs
06-09 04:29:58.005 E/MSP-LOG-APP-CloudCtrlDataManager(20522): 	at androidx.sqlite.db.framework.FrameworkSQLiteDatabase.query(Unknown Source:7)
06-09 04:29:58.005 E/MSP-LOG-APP-CloudCtrlDataManager(20522): 	at androidx.sqlite.db.framework.FrameworkSQLiteOpenHelper$OpenHelper.onUpgrade(FrameworkSQLiteOpenHelper.kt:16)
06-09 04:29:58.005 E/MSP-LOG-APP-CloudCtrlDataManager(20522): 	at androidx.sqlite.db.framework.FrameworkSQLiteOpenHelper$OpenHelper.getWritableOrReadableDatabase(FrameworkSQLiteOpenHelper.kt:6)
06-09 04:29:58.005 E/MSP-LOG-APP-CloudCtrlDataManager(20522): 	at androidx.sqlite.db.framework.FrameworkSQLiteOpenHelper$OpenHelper.innerGetDatabase(FrameworkSQLiteOpenHelper.kt:67)
06-09 04:29:58.005 E/MSP-LOG-APP-CloudCtrlDataManager(20522): 	at androidx.sqlite.db.framework.FrameworkSQLiteOpenHelper$OpenHelper.getSupportDatabase(FrameworkSQLiteOpenHelper.kt:22)
06-09 04:29:58.005 E/MSP-LOG-APP-CloudCtrlDataManager(20522): 	at androidx.sqlite.db.framework.FrameworkSQLiteOpenHelper.getWritableDatabase(FrameworkSQLiteOpenHelper.kt:6)
06-09 04:29:58.007 E/MSP-LOG-APP-ConfigUpdateController(20522): Parameter specified as non-null is null: method androidx.sqlite.db.framework.FrameworkSQLiteDatabase.query, parameter bindArgs
06-09 04:29:58.007 E/MSP-LOG-APP-ConfigUpdateController(20522): Parameter specified as non-null is null: method androidx.sqlite.db.framework.FrameworkSQLiteDatabase.query, parameter bindArgs
06-09 04:29:58.007 E/MSP-LOG-APP-ConfigUpdateController(20522): Caused by: java.lang.NullPointerException: Parameter specified as non-null is null: method androidx.sqlite.db.framework.FrameworkSQLiteDatabase.query, parameter bindArgs
06-09 04:29:58.007 E/MSP-LOG-APP-ConfigUpdateController(20522): 	at androidx.sqlite.db.framework.FrameworkSQLiteDatabase.query(Unknown Source:7)
06-09 04:29:58.007 E/MSP-LOG-APP-ConfigUpdateController(20522): 	at androidx.sqlite.db.framework.FrameworkSQLiteOpenHelper$OpenHelper.onUpgrade(FrameworkSQLiteOpenHelper.kt:16)
06-09 04:29:58.007 E/MSP-LOG-APP-ConfigUpdateController(20522): 	at androidx.sqlite.db.framework.FrameworkSQLiteOpenHelper$OpenHelper.getWritableOrReadableDatabase(FrameworkSQLiteOpenHelper.kt:6)
06-09 04:29:58.007 E/MSP-LOG-APP-ConfigUpdateController(20522): 	at androidx.sqlite.db.framework.FrameworkSQLiteOpenHelper$OpenHelper.innerGetDatabase(FrameworkSQLiteOpenHelper.kt:67)
06-09 04:29:58.007 E/MSP-LOG-APP-ConfigUpdateController(20522): 	at androidx.sqlite.db.framework.FrameworkSQLiteOpenHelper$OpenHelper.getSupportDatabase(FrameworkSQLiteOpenHelper.kt:22)
06-09 04:29:58.007 E/MSP-LOG-APP-ConfigUpdateController(20522): 	at androidx.sqlite.db.framework.FrameworkSQLiteOpenHelper.getWritableDatabase(FrameworkSQLiteOpenHelper.kt:6)
06-09 04:29:58.014 E/MSP-LOG-APP-CloudCtrlDataManager(20522): Parameter specified as non-null is null: method androidx.sqlite.db.framework.FrameworkSQLiteDatabase.query, parameter bindArgs
06-09 04:29:58.014 E/MSP-LOG-APP-CloudCtrlDataManager(20522): java.lang.NullPointerException: Parameter specified as non-null is null: method androidx.sqlite.db.framework.FrameworkSQLiteDatabase.query, parameter bindArgs
06-09 04:29:58.014 E/MSP-LOG-APP-CloudCtrlDataManager(20522): 	at androidx.sqlite.db.framework.FrameworkSQLiteDatabase.query(Unknown Source:7)
06-09 04:29:58.014 E/MSP-LOG-APP-CloudCtrlDataManager(20522): 	at androidx.sqlite.db.framework.FrameworkSQLiteOpenHelper$OpenHelper.onUpgrade(FrameworkSQLiteOpenHelper.kt:16)
06-09 04:29:58.014 E/MSP-LOG-APP-CloudCtrlDataManager(20522): 	at androidx.sqlite.db.framework.FrameworkSQLiteOpenHelper$OpenHelper.getWritableOrReadableDatabase(FrameworkSQLiteOpenHelper.kt:6)
06-09 04:29:58.014 E/MSP-LOG-APP-CloudCtrlDataManager(20522): 	at androidx.sqlite.db.framework.FrameworkSQLiteOpenHelper$OpenHelper.innerGetDatabase(FrameworkSQLiteOpenHelper.kt:54)
06-09 04:29:58.014 E/MSP-LOG-APP-CloudCtrlDataManager(20522): 	at androidx.sqlite.db.framework.FrameworkSQLiteOpenHelper$OpenHelper.getSupportDatabase(FrameworkSQLiteOpenHelper.kt:22)
06-09 04:29:58.014 E/MSP-LOG-APP-CloudCtrlDataManager(20522): 	at androidx.sqlite.db.framework.FrameworkSQLiteOpenHelper.getWritableDatabase(FrameworkSQLiteOpenHelper.kt:6)
06-09 04:29:58.014 E/MSP-LOG-APP-CloudCtrlDataManager(20522): Parameter specified as non-null is null: method androidx.sqlite.db.framework.FrameworkSQLiteDatabase.query, parameter bindArgs
06-09 04:29:58.014 E/MSP-LOG-APP-CloudCtrlDataManager(20522): java.lang.NullPointerException: Parameter specified as non-null is null: method androidx.sqlite.db.framework.FrameworkSQLiteDatabase.query, parameter bindArgs
06-09 04:29:58.014 E/MSP-LOG-APP-CloudCtrlDataManager(20522): 	at androidx.sqlite.db.framework.FrameworkSQLiteDatabase.query(Unknown Source:7)
06-09 04:29:58.014 E/MSP-LOG-APP-CloudCtrlDataManager(20522): 	at androidx.sqlite.db.framework.FrameworkSQLiteOpenHelper$OpenHelper.onUpgrade(FrameworkSQLiteOpenHelper.kt:16)
06-09 04:29:58.014 E/MSP-LOG-APP-CloudCtrlDataManager(20522): 	at androidx.sqlite.db.framework.FrameworkSQLiteOpenHelper$OpenHelper.getWritableOrReadableDatabase(FrameworkSQLiteOpenHelper.kt:6)
06-09 04:29:58.014 E/MSP-LOG-APP-CloudCtrlDataManager(20522): 	at androidx.sqlite.db.framework.FrameworkSQLiteOpenHelper$OpenHelper.innerGetDatabase(FrameworkSQLiteOpenHelper.kt:54)
06-09 04:29:58.014 E/MSP-LOG-APP-CloudCtrlDataManager(20522): 	at androidx.sqlite.db.framework.FrameworkSQLiteOpenHelper$OpenHelper.getSupportDatabase(FrameworkSQLiteOpenHelper.kt:22)
06-09 04:29:58.014 E/MSP-LOG-APP-CloudCtrlDataManager(20522): 	at androidx.sqlite.db.framework.FrameworkSQLiteOpenHelper.getWritableDatabase(FrameworkSQLiteOpenHelper.kt:6)
06-09 04:29:58.084 I/MinimalGlobe(25345): Debug zoom scale=1.18 | tiles vis=84 cached=160 renderSurface=49 exact=49 parent=0 missing=0 unsupported=32 lod=512 eq=0 qRender=84 qWalk=59 qFrustum=118 grp=52/16/16 alt=1.00 radius=6378138.00 FPS=59.4 draw=49
06-09 04:29:58.372 I/MinimalGlobe(25345): Debug zoom scale=1.18 | tiles vis=84 cached=160 renderSurface=49 exact=49 parent=0 missing=0 unsupported=32 lod=512 eq=0 qRender=84 qWalk=59 qFrustum=118 grp=52/16/16 alt=1.00 radius=6378138.00 FPS=47.5 draw=49
06-09 04:29:58.522 E/MSP-LOG-APP-CloudCtrlDataManager(20522): Parameter specified as non-null is null: method androidx.sqlite.db.framework.FrameworkSQLiteDatabase.query, parameter bindArgs
06-09 04:29:58.522 E/MSP-LOG-APP-CloudCtrlDataManager(20522): java.lang.NullPointerException: Parameter specified as non-null is null: method androidx.sqlite.db.framework.FrameworkSQLiteDatabase.query, parameter bindArgs
06-09 04:29:58.522 E/MSP-LOG-APP-CloudCtrlDataManager(20522): 	at androidx.sqlite.db.framework.FrameworkSQLiteDatabase.query(Unknown Source:7)
06-09 04:29:58.522 E/MSP-LOG-APP-CloudCtrlDataManager(20522): 	at androidx.sqlite.db.framework.FrameworkSQLiteOpenHelper$OpenHelper.onUpgrade(FrameworkSQLiteOpenHelper.kt:16)
06-09 04:29:58.522 E/MSP-LOG-APP-CloudCtrlDataManager(20522): 	at androidx.sqlite.db.framework.FrameworkSQLiteOpenHelper$OpenHelper.getWritableOrReadableDatabase(FrameworkSQLiteOpenHelper.kt:6)
06-09 04:29:58.522 E/MSP-LOG-APP-CloudCtrlDataManager(20522): 	at androidx.sqlite.db.framework.FrameworkSQLiteOpenHelper$OpenHelper.innerGetDatabase(FrameworkSQLiteOpenHelper.kt:67)
06-09 04:29:58.522 E/MSP-LOG-APP-CloudCtrlDataManager(20522): 	at androidx.sqlite.db.framework.FrameworkSQLiteOpenHelper$OpenHelper.getSupportDatabase(FrameworkSQLiteOpenHelper.kt:22)
06-09 04:29:58.522 E/MSP-LOG-APP-CloudCtrlDataManager(20522): 	at androidx.sqlite.db.framework.FrameworkSQLiteOpenHelper.getWritableDatabase(FrameworkSQLiteOpenHelper.kt:6)
06-09 04:29:58.522 E/MSP-LOG-APP-CloudCtrlDataManager(20522): Parameter specified as non-null is null: method androidx.sqlite.db.framework.FrameworkSQLiteDatabase.query, parameter bindArgs
06-09 04:29:58.522 E/MSP-LOG-APP-CloudCtrlDataManager(20522): java.lang.NullPointerException: Parameter specified as non-null is null: method androidx.sqlite.db.framework.FrameworkSQLiteDatabase.query, parameter bindArgs
06-09 04:29:58.522 E/MSP-LOG-APP-CloudCtrlDataManager(20522): 	at androidx.sqlite.db.framework.FrameworkSQLiteDatabase.query(Unknown Source:7)
06-09 04:29:58.522 E/MSP-LOG-APP-CloudCtrlDataManager(20522): 	at androidx.sqlite.db.framework.FrameworkSQLiteOpenHelper$OpenHelper.onUpgrade(FrameworkSQLiteOpenHelper.kt:16)
06-09 04:29:58.522 E/MSP-LOG-APP-CloudCtrlDataManager(20522): 	at androidx.sqlite.db.framework.FrameworkSQLiteOpenHelper$OpenHelper.getWritableOrReadableDatabase(FrameworkSQLiteOpenHelper.kt:6)
06-09 04:29:58.522 E/MSP-LOG-APP-CloudCtrlDataManager(20522): 	at androidx.sqlite.db.framework.FrameworkSQLiteOpenHelper$OpenHelper.innerGetDatabase(FrameworkSQLiteOpenHelper.kt:67)
06-09 04:29:58.522 E/MSP-LOG-APP-CloudCtrlDataManager(20522): 	at androidx.sqlite.db.framework.FrameworkSQLiteOpenHelper$OpenHelper.getSupportDatabase(FrameworkSQLiteOpenHelper.kt:22)
06-09 04:29:58.522 E/MSP-LOG-APP-CloudCtrlDataManager(20522): 	at androidx.sqlite.db.framework.FrameworkSQLiteOpenHelper.getWritableDatabase(FrameworkSQLiteOpenHelper.kt:6)
06-09 04:29:58.523 E/MSP-LOG-APP-ConfigUpdateController(20522): Parameter specified as non-null is null: method androidx.sqlite.db.framework.FrameworkSQLiteDatabase.query, parameter bindArgs
06-09 04:29:58.523 E/MSP-LOG-APP-ConfigUpdateController(20522): Parameter specified as non-null is null: method androidx.sqlite.db.framework.FrameworkSQLiteDatabase.query, parameter bindArgs
06-09 04:29:58.523 E/MSP-LOG-APP-ConfigUpdateController(20522): Caused by: java.lang.NullPointerException: Parameter specified as non-null is null: method androidx.sqlite.db.framework.FrameworkSQLiteDatabase.query, parameter bindArgs
06-09 04:29:58.523 E/MSP-LOG-APP-ConfigUpdateController(20522): 	at androidx.sqlite.db.framework.FrameworkSQLiteDatabase.query(Unknown Source:7)
06-09 04:29:58.523 E/MSP-LOG-APP-ConfigUpdateController(20522): 	at androidx.sqlite.db.framework.FrameworkSQLiteOpenHelper$OpenHelper.onUpgrade(FrameworkSQLiteOpenHelper.kt:16)
06-09 04:29:58.523 E/MSP-LOG-APP-ConfigUpdateController(20522): 	at androidx.sqlite.db.framework.FrameworkSQLiteOpenHelper$OpenHelper.getWritableOrReadableDatabase(FrameworkSQLiteOpenHelper.kt:6)
06-09 04:29:58.523 E/MSP-LOG-APP-ConfigUpdateController(20522): 	at androidx.sqlite.db.framework.FrameworkSQLiteOpenHelper$OpenHelper.innerGetDatabase(FrameworkSQLiteOpenHelper.kt:67)
06-09 04:29:58.523 E/MSP-LOG-APP-ConfigUpdateController(20522): 	at androidx.sqlite.db.framework.FrameworkSQLiteOpenHelper$OpenHelper.getSupportDatabase(FrameworkSQLiteOpenHelper.kt:22)
06-09 04:29:58.523 E/MSP-LOG-APP-ConfigUpdateController(20522): 	at androidx.sqlite.db.framework.FrameworkSQLiteOpenHelper.getWritableDatabase(FrameworkSQLiteOpenHelper.kt:6)
06-09 04:29:58.529 E/MSP-LOG-APP-CloudCtrlDataManager(20522): Parameter specified as non-null is null: method androidx.sqlite.db.framework.FrameworkSQLiteDatabase.query, parameter bindArgs
06-09 04:29:58.529 E/MSP-LOG-APP-CloudCtrlDataManager(20522): java.lang.NullPointerException: Parameter specified as non-null is null: method androidx.sqlite.db.framework.FrameworkSQLiteDatabase.query, parameter bindArgs
06-09 04:29:58.529 E/MSP-LOG-APP-CloudCtrlDataManager(20522): 	at androidx.sqlite.db.framework.FrameworkSQLiteDatabase.query(Unknown Source:7)
06-09 04:29:58.529 E/MSP-LOG-APP-CloudCtrlDataManager(20522): 	at androidx.sqlite.db.framework.FrameworkSQLiteOpenHelper$OpenHelper.onUpgrade(FrameworkSQLiteOpenHelper.kt:16)
06-09 04:29:58.529 E/MSP-LOG-APP-CloudCtrlDataManager(20522): 	at androidx.sqlite.db.framework.FrameworkSQLiteOpenHelper$OpenHelper.getWritableOrReadableDatabase(FrameworkSQLiteOpenHelper.kt:6)
06-09 04:29:58.529 E/MSP-LOG-APP-CloudCtrlDataManager(20522): 	at androidx.sqlite.db.framework.FrameworkSQLiteOpenHelper$OpenHelper.innerGetDatabase(FrameworkSQLiteOpenHelper.kt:54)
06-09 04:29:58.529 E/MSP-LOG-APP-CloudCtrlDataManager(20522): 	at androidx.sqlite.db.framework.FrameworkSQLiteOpenHelper$OpenHelper.getSupportDatabase(FrameworkSQLiteOpenHelper.kt:22)
06-09 04:29:58.529 E/MSP-LOG-APP-CloudCtrlDataManager(20522): 	at androidx.sqlite.db.framework.FrameworkSQLiteOpenHelper.getWritableDatabase(FrameworkSQLiteOpenHelper.kt:6)
06-09 04:29:58.529 E/MSP-LOG-APP-CloudCtrlDataManager(20522): Parameter specified as non-null is null: method androidx.sqlite.db.framework.FrameworkSQLiteDatabase.query, parameter bindArgs
06-09 04:29:58.529 E/MSP-LOG-APP-CloudCtrlDataManager(20522): java.lang.NullPointerException: Parameter specified as non-null is null: method androidx.sqlite.db.framework.FrameworkSQLiteDatabase.query, parameter bindArgs
06-09 04:29:58.529 E/MSP-LOG-APP-CloudCtrlDataManager(20522): 	at androidx.sqlite.db.framework.FrameworkSQLiteDatabase.query(Unknown Source:7)
06-09 04:29:58.529 E/MSP-LOG-APP-CloudCtrlDataManager(20522): 	at androidx.sqlite.db.framework.FrameworkSQLiteOpenHelper$OpenHelper.onUpgrade(FrameworkSQLiteOpenHelper.kt:16)
06-09 04:29:58.529 E/MSP-LOG-APP-CloudCtrlDataManager(20522): 	at androidx.sqlite.db.framework.FrameworkSQLiteOpenHelper$OpenHelper.getWritableOrReadableDatabase(FrameworkSQLiteOpenHelper.kt:6)
06-09 04:29:58.529 E/MSP-LOG-APP-CloudCtrlDataManager(20522): 	at androidx.sqlite.db.framework.FrameworkSQLiteOpenHelper$OpenHelper.innerGetDatabase(FrameworkSQLiteOpenHelper.kt:54)
06-09 04:29:58.529 E/MSP-LOG-APP-CloudCtrlDataManager(20522): 	at androidx.sqlite.db.framework.FrameworkSQLiteOpenHelper$OpenHelper.getSupportDatabase(FrameworkSQLiteOpenHelper.kt:22)
06-09 04:29:58.529 E/MSP-LOG-APP-CloudCtrlDataManager(20522): 	at androidx.sqlite.db.framework.FrameworkSQLiteOpenHelper.getWritableDatabase(FrameworkSQLiteOpenHelper.kt:6)
06-09 04:29:58.707 I/MinimalGlobe(25345): Debug zoom scale=1.18 | tiles vis=84 cached=160 renderSurface=49 exact=49 parent=0 missing=0 unsupported=32 lod=512 eq=0 qRender=84 qWalk=59 qFrustum=118 grp=52/16/16 alt=1.00 radius=6378138.00 FPS=36.1 draw=49
06-09 04:29:59.007 I/MinimalGlobe(25345): Debug zoom scale=1.18 | tiles vis=84 cached=160 renderSurface=49 exact=49 parent=0 missing=0 unsupported=32 lod=512 eq=0 qRender=84 qWalk=59 qFrustum=118 grp=52/16/16 alt=1.00 radius=6378138.00 FPS=32.4 draw=49
06-09 04:29:59.044 E/MSP-LOG-APP-CloudCtrlDataManager(20522): Parameter specified as non-null is null: method androidx.sqlite.db.framework.FrameworkSQLiteDatabase.query, parameter bindArgs
06-09 04:29:59.044 E/MSP-LOG-APP-CloudCtrlDataManager(20522): java.lang.NullPointerException: Parameter specified as non-null is null: method androidx.sqlite.db.framework.FrameworkSQLiteDatabase.query, parameter bindArgs
06-09 04:29:59.044 E/MSP-LOG-APP-CloudCtrlDataManager(20522): 	at androidx.sqlite.db.framework.FrameworkSQLiteDatabase.query(Unknown Source:7)
06-09 04:29:59.044 E/MSP-LOG-APP-CloudCtrlDataManager(20522): 	at androidx.sqlite.db.framework.FrameworkSQLiteOpenHelper$OpenHelper.onUpgrade(FrameworkSQLiteOpenHelper.kt:16)
06-09 04:29:59.044 E/MSP-LOG-APP-CloudCtrlDataManager(20522): 	at androidx.sqlite.db.framework.FrameworkSQLiteOpenHelper$OpenHelper.getWritableOrReadableDatabase(FrameworkSQLiteOpenHelper.kt:6)
06-09 04:29:59.044 E/MSP-LOG-APP-CloudCtrlDataManager(20522): 	at androidx.sqlite.db.framework.FrameworkSQLiteOpenHelper$OpenHelper.innerGetDatabase(FrameworkSQLiteOpenHelper.kt:67)
06-09 04:29:59.044 E/MSP-LOG-APP-CloudCtrlDataManager(20522): 	at androidx.sqlite.db.framework.FrameworkSQLiteOpenHelper$OpenHelper.getSupportDatabase(FrameworkSQLiteOpenHelper.kt:22)
06-09 04:29:59.044 E/MSP-LOG-APP-CloudCtrlDataManager(20522): 	at androidx.sqlite.db.framework.FrameworkSQLiteOpenHelper.getWritableDatabase(FrameworkSQLiteOpenHelper.kt:6)
06-09 04:29:59.045 E/MSP-LOG-APP-CloudCtrlDataManager(20522): Parameter specified as non-null is null: method androidx.sqlite.db.framework.FrameworkSQLiteDatabase.query, parameter bindArgs
06-09 04:29:59.045 E/MSP-LOG-APP-CloudCtrlDataManager(20522): java.lang.NullPointerException: Parameter specified as non-null is null: method androidx.sqlite.db.framework.FrameworkSQLiteDatabase.query, parameter bindArgs
06-09 04:29:59.045 E/MSP-LOG-APP-CloudCtrlDataManager(20522): 	at androidx.sqlite.db.framework.FrameworkSQLiteDatabase.query(Unknown Source:7)
06-09 04:29:59.045 E/MSP-LOG-APP-CloudCtrlDataManager(20522): 	at androidx.sqlite.db.framework.FrameworkSQLiteOpenHelper$OpenHelper.onUpgrade(FrameworkSQLiteOpenHelper.kt:16)
06-09 04:29:59.045 E/MSP-LOG-APP-CloudCtrlDataManager(20522): 	at androidx.sqlite.db.framework.FrameworkSQLiteOpenHelper$OpenHelper.getWritableOrReadableDatabase(FrameworkSQLiteOpenHelper.kt:6)
06-09 04:29:59.045 E/MSP-LOG-APP-CloudCtrlDataManager(20522): 	at androidx.sqlite.db.framework.FrameworkSQLiteOpenHelper$OpenHelper.innerGetDatabase(FrameworkSQLiteOpenHelper.kt:67)
06-09 04:29:59.045 E/MSP-LOG-APP-CloudCtrlDataManager(20522): 	at androidx.sqlite.db.framework.FrameworkSQLiteOpenHelper$OpenHelper.getSupportDatabase(FrameworkSQLiteOpenHelper.kt:22)
06-09 04:29:59.045 E/MSP-LOG-APP-CloudCtrlDataManager(20522): 	at androidx.sqlite.db.framework.FrameworkSQLiteOpenHelper.getWritableDatabase(FrameworkSQLiteOpenHelper.kt:6)
06-09 04:29:59.048 E/MSP-LOG-APP-ConfigUpdateController(20522): Parameter specified as non-null is null: method androidx.sqlite.db.framework.FrameworkSQLiteDatabase.query, parameter bindArgs
06-09 04:29:59.048 E/MSP-LOG-APP-ConfigUpdateController(20522): Parameter specified as non-null is null: method androidx.sqlite.db.framework.FrameworkSQLiteDatabase.query, parameter bindArgs
06-09 04:29:59.048 E/MSP-LOG-APP-ConfigUpdateController(20522): Caused by: java.lang.NullPointerException: Parameter specified as non-null is null: method androidx.sqlite.db.framework.FrameworkSQLiteDatabase.query, parameter bindArgs
06-09 04:29:59.048 E/MSP-LOG-APP-ConfigUpdateController(20522): 	at androidx.sqlite.db.framework.FrameworkSQLiteDatabase.query(Unknown Source:7)
06-09 04:29:59.048 E/MSP-LOG-APP-ConfigUpdateController(20522): 	at androidx.sqlite.db.framework.FrameworkSQLiteOpenHelper$OpenHelper.onUpgrade(FrameworkSQLiteOpenHelper.kt:16)
06-09 04:29:59.048 E/MSP-LOG-APP-ConfigUpdateController(20522): 	at androidx.sqlite.db.framework.FrameworkSQLiteOpenHelper$OpenHelper.getWritableOrReadableDatabase(FrameworkSQLiteOpenHelper.kt:6)
06-09 04:29:59.048 E/MSP-LOG-APP-ConfigUpdateController(20522): 	at androidx.sqlite.db.framework.FrameworkSQLiteOpenHelper$OpenHelper.innerGetDatabase(FrameworkSQLiteOpenHelper.kt:67)
06-09 04:29:59.048 E/MSP-LOG-APP-ConfigUpdateController(20522): 	at androidx.sqlite.db.framework.FrameworkSQLiteOpenHelper$OpenHelper.getSupportDatabase(FrameworkSQLiteOpenHelper.kt:22)
06-09 04:29:59.048 E/MSP-LOG-APP-ConfigUpdateController(20522): 	at androidx.sqlite.db.framework.FrameworkSQLiteOpenHelper.getWritableDatabase(FrameworkSQLiteOpenHelper.kt:6)
06-09 04:29:59.055 E/MSP-LOG-APP-CloudCtrlDataManager(20522): Parameter specified as non-null is null: method androidx.sqlite.db.framework.FrameworkSQLiteDatabase.query, parameter bindArgs
06-09 04:29:59.055 E/MSP-LOG-APP-CloudCtrlDataManager(20522): java.lang.NullPointerException: Parameter specified as non-null is null: method androidx.sqlite.db.framework.FrameworkSQLiteDatabase.query, parameter bindArgs
06-09 04:29:59.055 E/MSP-LOG-APP-CloudCtrlDataManager(20522): 	at androidx.sqlite.db.framework.FrameworkSQLiteDatabase.query(Unknown Source:7)
06-09 04:29:59.055 E/MSP-LOG-APP-CloudCtrlDataManager(20522): 	at androidx.sqlite.db.framework.FrameworkSQLiteOpenHelper$OpenHelper.onUpgrade(FrameworkSQLiteOpenHelper.kt:16)
06-09 04:29:59.055 E/MSP-LOG-APP-CloudCtrlDataManager(20522): 	at androidx.sqlite.db.framework.FrameworkSQLiteOpenHelper$OpenHelper.getWritableOrReadableDatabase(FrameworkSQLiteOpenHelper.kt:6)
06-09 04:29:59.055 E/MSP-LOG-APP-CloudCtrlDataManager(20522): 	at androidx.sqlite.db.framework.FrameworkSQLiteOpenHelper$OpenHelper.innerGetDatabase(FrameworkSQLiteOpenHelper.kt:54)
06-09 04:29:59.055 E/MSP-LOG-APP-CloudCtrlDataManager(20522): 	at androidx.sqlite.db.framework.FrameworkSQLiteOpenHelper$OpenHelper.getSupportDatabase(FrameworkSQLiteOpenHelper.kt:22)
06-09 04:29:59.055 E/MSP-LOG-APP-CloudCtrlDataManager(20522): 	at androidx.sqlite.db.framework.FrameworkSQLiteOpenHelper.getWritableDatabase(FrameworkSQLiteOpenHelper.kt:6)
06-09 04:29:59.056 E/MSP-LOG-APP-CloudCtrlDataManager(20522): Parameter specified as non-null is null: method androidx.sqlite.db.framework.FrameworkSQLiteDatabase.query, parameter bindArgs
06-09 04:29:59.056 E/MSP-LOG-APP-CloudCtrlDataManager(20522): java.lang.NullPointerException: Parameter specified as non-null is null: method androidx.sqlite.db.framework.FrameworkSQLiteDatabase.query, parameter bindArgs
06-09 04:29:59.056 E/MSP-LOG-APP-CloudCtrlDataManager(20522): 	at androidx.sqlite.db.framework.FrameworkSQLiteDatabase.query(Unknown Source:7)
06-09 04:29:59.056 E/MSP-LOG-APP-CloudCtrlDataManager(20522): 	at androidx.sqlite.db.framework.FrameworkSQLiteOpenHelper$OpenHelper.onUpgrade(FrameworkSQLiteOpenHelper.kt:16)
06-09 04:29:59.056 E/MSP-LOG-APP-CloudCtrlDataManager(20522): 	at androidx.sqlite.db.framework.FrameworkSQLiteOpenHelper$OpenHelper.getWritableOrReadableDatabase(FrameworkSQLiteOpenHelper.kt:6)
06-09 04:29:59.056 E/MSP-LOG-APP-CloudCtrlDataManager(20522): 	at androidx.sqlite.db.framework.FrameworkSQLiteOpenHelper$OpenHelper.innerGetDatabase(FrameworkSQLiteOpenHelper.kt:54)
06-09 04:29:59.056 E/MSP-LOG-APP-CloudCtrlDataManager(20522): 	at androidx.sqlite.db.framework.FrameworkSQLiteOpenHelper$OpenHelper.getSupportDatabase(FrameworkSQLiteOpenHelper.kt:22)
06-09 04:29:59.056 E/MSP-LOG-APP-CloudCtrlDataManager(20522): 	at androidx.sqlite.db.framework.FrameworkSQLiteOpenHelper.getWritableDatabase(FrameworkSQLiteOpenHelper.kt:6)
06-09 04:29:59.369 I/MinimalGlobe(25345): Debug zoom scale=1.18 | tiles vis=84 cached=160 renderSurface=49 exact=49 parent=0 missing=0 unsupported=32 lod=512 eq=0 qRender=84 qWalk=59 qFrustum=118 grp=52/16/16 alt=1.00 radius=6378138.00 FPS=30.8 draw=49
06-09 04:29:59.565 E/MSP-LOG-APP-CloudCtrlDataManager(20522): Parameter specified as non-null is null: method androidx.sqlite.db.framework.FrameworkSQLiteDatabase.query, parameter bindArgs
06-09 04:29:59.565 E/MSP-LOG-APP-CloudCtrlDataManager(20522): java.lang.NullPointerException: Parameter specified as non-null is null: method androidx.sqlite.db.framework.FrameworkSQLiteDatabase.query, parameter bindArgs
06-09 04:29:59.565 E/MSP-LOG-APP-CloudCtrlDataManager(20522): 	at androidx.sqlite.db.framework.FrameworkSQLiteDatabase.query(Unknown Source:7)
06-09 04:29:59.565 E/MSP-LOG-APP-CloudCtrlDataManager(20522): 	at androidx.sqlite.db.framework.FrameworkSQLiteOpenHelper$OpenHelper.onUpgrade(FrameworkSQLiteOpenHelper.kt:16)
06-09 04:29:59.565 E/MSP-LOG-APP-CloudCtrlDataManager(20522): 	at androidx.sqlite.db.framework.FrameworkSQLiteOpenHelper$OpenHelper.getWritableOrReadableDatabase(FrameworkSQLiteOpenHelper.kt:6)
06-09 04:29:59.565 E/MSP-LOG-APP-CloudCtrlDataManager(20522): 	at androidx.sqlite.db.framework.FrameworkSQLiteOpenHelper$OpenHelper.innerGetDatabase(FrameworkSQLiteOpenHelper.kt:67)
06-09 04:29:59.565 E/MSP-LOG-APP-CloudCtrlDataManager(20522): 	at androidx.sqlite.db.framework.FrameworkSQLiteOpenHelper$OpenHelper.getSupportDatabase(FrameworkSQLiteOpenHelper.kt:22)
06-09 04:29:59.565 E/MSP-LOG-APP-CloudCtrlDataManager(20522): 	at androidx.sqlite.db.framework.FrameworkSQLiteOpenHelper.getWritableDatabase(FrameworkSQLiteOpenHelper.kt:6)
06-09 04:29:59.565 E/MSP-LOG-APP-CloudCtrlDataManager(20522): Parameter specified as non-null is null: method androidx.sqlite.db.framework.FrameworkSQLiteDatabase.query, parameter bindArgs
06-09 04:29:59.565 E/MSP-LOG-APP-CloudCtrlDataManager(20522): java.lang.NullPointerException: Parameter specified as non-null is null: method androidx.sqlite.db.framework.FrameworkSQLiteDatabase.query, parameter bindArgs
06-09 04:29:59.565 E/MSP-LOG-APP-CloudCtrlDataManager(20522): 	at androidx.sqlite.db.framework.FrameworkSQLiteDatabase.query(Unknown Source:7)
06-09 04:29:59.565 E/MSP-LOG-APP-CloudCtrlDataManager(20522): 	at androidx.sqlite.db.framework.FrameworkSQLiteOpenHelper$OpenHelper.onUpgrade(FrameworkSQLiteOpenHelper.kt:16)
06-09 04:29:59.565 E/MSP-LOG-APP-CloudCtrlDataManager(20522): 	at androidx.sqlite.db.framework.FrameworkSQLiteOpenHelper$OpenHelper.getWritableOrReadableDatabase(FrameworkSQLiteOpenHelper.kt:6)
06-09 04:29:59.565 E/MSP-LOG-APP-CloudCtrlDataManager(20522): 	at androidx.sqlite.db.framework.FrameworkSQLiteOpenHelper$OpenHelper.innerGetDatabase(FrameworkSQLiteOpenHelper.kt:67)
06-09 04:29:59.565 E/MSP-LOG-APP-CloudCtrlDataManager(20522): 	at androidx.sqlite.db.framework.FrameworkSQLiteOpenHelper$OpenHelper.getSupportDatabase(FrameworkSQLiteOpenHelper.kt:22)
06-09 04:29:59.565 E/MSP-LOG-APP-CloudCtrlDataManager(20522): 	at androidx.sqlite.db.framework.FrameworkSQLiteOpenHelper.getWritableDatabase(FrameworkSQLiteOpenHelper.kt:6)
06-09 04:29:59.567 E/MSP-LOG-APP-ConfigUpdateController(20522): Parameter specified as non-null is null: method androidx.sqlite.db.framework.FrameworkSQLiteDatabase.query, parameter bindArgs
06-09 04:29:59.567 E/MSP-LOG-APP-ConfigUpdateController(20522): Parameter specified as non-null is null: method androidx.sqlite.db.framework.FrameworkSQLiteDatabase.query, parameter bindArgs
06-09 04:29:59.567 E/MSP-LOG-APP-ConfigUpdateController(20522): Caused by: java.lang.NullPointerException: Parameter specified as non-null is null: method androidx.sqlite.db.framework.FrameworkSQLiteDatabase.query, parameter bindArgs
06-09 04:29:59.567 E/MSP-LOG-APP-ConfigUpdateController(20522): 	at androidx.sqlite.db.framework.FrameworkSQLiteDatabase.query(Unknown Source:7)
06-09 04:29:59.567 E/MSP-LOG-APP-ConfigUpdateController(20522): 	at androidx.sqlite.db.framework.FrameworkSQLiteOpenHelper$OpenHelper.onUpgrade(FrameworkSQLiteOpenHelper.kt:16)
06-09 04:29:59.567 E/MSP-LOG-APP-ConfigUpdateController(20522): 	at androidx.sqlite.db.framework.FrameworkSQLiteOpenHelper$OpenHelper.getWritableOrReadableDatabase(FrameworkSQLiteOpenHelper.kt:6)
06-09 04:29:59.567 E/MSP-LOG-APP-ConfigUpdateController(20522): 	at androidx.sqlite.db.framework.FrameworkSQLiteOpenHelper$OpenHelper.innerGetDatabase(FrameworkSQLiteOpenHelper.kt:67)
06-09 04:29:59.567 E/MSP-LOG-APP-ConfigUpdateController(20522): 	at androidx.sqlite.db.framework.FrameworkSQLiteOpenHelper$OpenHelper.getSupportDatabase(FrameworkSQLiteOpenHelper.kt:22)
06-09 04:29:59.567 E/MSP-LOG-APP-ConfigUpdateController(20522): 	at androidx.sqlite.db.framework.FrameworkSQLiteOpenHelper.getWritableDatabase(FrameworkSQLiteOpenHelper.kt:6)
06-09 04:29:59.576 E/MSP-LOG-APP-CloudCtrlDataManager(20522): Parameter specified as non-null is null: method androidx.sqlite.db.framework.FrameworkSQLiteDatabase.query, parameter bindArgs
06-09 04:29:59.576 E/MSP-LOG-APP-CloudCtrlDataManager(20522): java.lang.NullPointerException: Parameter specified as non-null is null: method androidx.sqlite.db.framework.FrameworkSQLiteDatabase.query, parameter bindArgs
06-09 04:29:59.576 E/MSP-LOG-APP-CloudCtrlDataManager(20522): 	at androidx.sqlite.db.framework.FrameworkSQLiteDatabase.query(Unknown Source:7)
06-09 04:29:59.576 E/MSP-LOG-APP-CloudCtrlDataManager(20522): 	at androidx.sqlite.db.framework.FrameworkSQLiteOpenHelper$OpenHelper.onUpgrade(FrameworkSQLiteOpenHelper.kt:16)
06-09 04:29:59.576 E/MSP-LOG-APP-CloudCtrlDataManager(20522): 	at androidx.sqlite.db.framework.FrameworkSQLiteOpenHelper$OpenHelper.getWritableOrReadableDatabase(FrameworkSQLiteOpenHelper.kt:6)
06-09 04:29:59.576 E/MSP-LOG-APP-CloudCtrlDataManager(20522): 	at androidx.sqlite.db.framework.FrameworkSQLiteOpenHelper$OpenHelper.innerGetDatabase(FrameworkSQLiteOpenHelper.kt:54)
06-09 04:29:59.576 E/MSP-LOG-APP-CloudCtrlDataManager(20522): 	at androidx.sqlite.db.framework.FrameworkSQLiteOpenHelper$OpenHelper.getSupportDatabase(FrameworkSQLiteOpenHelper.kt:22)
06-09 04:29:59.576 E/MSP-LOG-APP-CloudCtrlDataManager(20522): 	at androidx.sqlite.db.framework.FrameworkSQLiteOpenHelper.getWritableDatabase(FrameworkSQLiteOpenHelper.kt:6)
06-09 04:29:59.576 E/MSP-LOG-APP-CloudCtrlDataManager(20522): Parameter specified as non-null is null: method androidx.sqlite.db.framework.FrameworkSQLiteDatabase.query, parameter bindArgs
06-09 04:29:59.576 E/MSP-LOG-APP-CloudCtrlDataManager(20522): java.lang.NullPointerException: Parameter specified as non-null is null: method androidx.sqlite.db.framework.FrameworkSQLiteDatabase.query, parameter bindArgs
06-09 04:29:59.576 E/MSP-LOG-APP-CloudCtrlDataManager(20522): 	at androidx.sqlite.db.framework.FrameworkSQLiteDatabase.query(Unknown Source:7)
06-09 04:29:59.576 E/MSP-LOG-APP-CloudCtrlDataManager(20522): 	at androidx.sqlite.db.framework.FrameworkSQLiteOpenHelper$OpenHelper.onUpgrade(FrameworkSQLiteOpenHelper.kt:16)
06-09 04:29:59.576 E/MSP-LOG-APP-CloudCtrlDataManager(20522): 	at androidx.sqlite.db.framework.FrameworkSQLiteOpenHelper$OpenHelper.getWritableOrReadableDatabase(FrameworkSQLiteOpenHelper.kt:6)
06-09 04:29:59.576 E/MSP-LOG-APP-CloudCtrlDataManager(20522): 	at androidx.sqlite.db.framework.FrameworkSQLiteOpenHelper$OpenHelper.innerGetDatabase(FrameworkSQLiteOpenHelper.kt:54)
06-09 04:29:59.576 E/MSP-LOG-APP-CloudCtrlDataManager(20522): 	at androidx.sqlite.db.framework.FrameworkSQLiteOpenHelper$OpenHelper.getSupportDatabase(FrameworkSQLiteOpenHelper.kt:22)
06-09 04:29:59.576 E/MSP-LOG-APP-CloudCtrlDataManager(20522): 	at androidx.sqlite.db.framework.FrameworkSQLiteOpenHelper.getWritableDatabase(FrameworkSQLiteOpenHelper.kt:6)
06-09 04:29:59.735 I/MinimalGlobe(25345): Debug zoom scale=1.18 | tiles vis=84 cached=160 renderSurface=49 exact=49 parent=0 missing=0 unsupported=32 lod=512 eq=0 qRender=84 qWalk=59 qFrustum=118 grp=52/16/16 alt=1.00 radius=6378138.00 FPS=30.3 draw=49
06-09 04:30:00.020 I/MinimalGlobe(25345): Debug zoom scale=1.18 | tiles vis=84 cached=160 renderSurface=49 exact=49 parent=0 missing=0 unsupported=32 lod=512 eq=0 qRender=84 qWalk=59 qFrustum=118 grp=52/16/16 alt=1.00 radius=6378138.00 FPS=32.2 draw=49
06-09 04:30:00.082 E/MSP-LOG-APP-CloudCtrlDataManager(20522): Parameter specified as non-null is null: method androidx.sqlite.db.framework.FrameworkSQLiteDatabase.query, parameter bindArgs
06-09 04:30:00.082 E/MSP-LOG-APP-CloudCtrlDataManager(20522): java.lang.NullPointerException: Parameter specified as non-null is null: method androidx.sqlite.db.framework.FrameworkSQLiteDatabase.query, parameter bindArgs
06-09 04:30:00.082 E/MSP-LOG-APP-CloudCtrlDataManager(20522): 	at androidx.sqlite.db.framework.FrameworkSQLiteDatabase.query(Unknown Source:7)
06-09 04:30:00.082 E/MSP-LOG-APP-CloudCtrlDataManager(20522): 	at androidx.sqlite.db.framework.FrameworkSQLiteOpenHelper$OpenHelper.onUpgrade(FrameworkSQLiteOpenHelper.kt:16)
06-09 04:30:00.082 E/MSP-LOG-APP-CloudCtrlDataManager(20522): 	at androidx.sqlite.db.framework.FrameworkSQLiteOpenHelper$OpenHelper.getWritableOrReadableDatabase(FrameworkSQLiteOpenHelper.kt:6)
06-09 04:30:00.082 E/MSP-LOG-APP-CloudCtrlDataManager(20522): 	at androidx.sqlite.db.framework.FrameworkSQLiteOpenHelper$OpenHelper.innerGetDatabase(FrameworkSQLiteOpenHelper.kt:67)
06-09 04:30:00.082 E/MSP-LOG-APP-CloudCtrlDataManager(20522): 	at androidx.sqlite.db.framework.FrameworkSQLiteOpenHelper$OpenHelper.getSupportDatabase(FrameworkSQLiteOpenHelper.kt:22)
06-09 04:30:00.082 E/MSP-LOG-APP-CloudCtrlDataManager(20522): 	at androidx.sqlite.db.framework.FrameworkSQLiteOpenHelper.getWritableDatabase(FrameworkSQLiteOpenHelper.kt:6)
06-09 04:30:00.083 E/MSP-LOG-APP-CloudCtrlDataManager(20522): Parameter specified as non-null is null: method androidx.sqlite.db.framework.FrameworkSQLiteDatabase.query, parameter bindArgs
06-09 04:30:00.083 E/MSP-LOG-APP-CloudCtrlDataManager(20522): java.lang.NullPointerException: Parameter specified as non-null is null: method androidx.sqlite.db.framework.FrameworkSQLiteDatabase.query, parameter bindArgs
06-09 04:30:00.083 E/MSP-LOG-APP-CloudCtrlDataManager(20522): 	at androidx.sqlite.db.framework.FrameworkSQLiteDatabase.query(Unknown Source:7)
06-09 04:30:00.083 E/MSP-LOG-APP-CloudCtrlDataManager(20522): 	at androidx.sqlite.db.framework.FrameworkSQLiteOpenHelper$OpenHelper.onUpgrade(FrameworkSQLiteOpenHelper.kt:16)
06-09 04:30:00.083 E/MSP-LOG-APP-CloudCtrlDataManager(20522): 	at androidx.sqlite.db.framework.FrameworkSQLiteOpenHelper$OpenHelper.getWritableOrReadableDatabase(FrameworkSQLiteOpenHelper.kt:6)
06-09 04:30:00.083 E/MSP-LOG-APP-CloudCtrlDataManager(20522): 	at androidx.sqlite.db.framework.FrameworkSQLiteOpenHelper$OpenHelper.innerGetDatabase(FrameworkSQLiteOpenHelper.kt:67)
06-09 04:30:00.083 E/MSP-LOG-APP-CloudCtrlDataManager(20522): 	at androidx.sqlite.db.framework.FrameworkSQLiteOpenHelper$OpenHelper.getSupportDatabase(FrameworkSQLiteOpenHelper.kt:22)
06-09 04:30:00.083 E/MSP-LOG-APP-CloudCtrlDataManager(20522): 	at androidx.sqlite.db.framework.FrameworkSQLiteOpenHelper.getWritableDatabase(FrameworkSQLiteOpenHelper.kt:6)
06-09 04:30:00.089 E/MSP-LOG-APP-CloudCtrlDataManager(20522): Parameter specified as non-null is null: method androidx.sqlite.db.framework.FrameworkSQLiteDatabase.query, parameter bindArgs
06-09 04:30:00.089 E/MSP-LOG-APP-CloudCtrlDataManager(20522): java.lang.NullPointerException: Parameter specified as non-null is null: method androidx.sqlite.db.framework.FrameworkSQLiteDatabase.query, parameter bindArgs
06-09 04:30:00.089 E/MSP-LOG-APP-CloudCtrlDataManager(20522): 	at androidx.sqlite.db.framework.FrameworkSQLiteDatabase.query(Unknown Source:7)
06-09 04:30:00.089 E/MSP-LOG-APP-CloudCtrlDataManager(20522): 	at androidx.sqlite.db.framework.FrameworkSQLiteOpenHelper$OpenHelper.onUpgrade(FrameworkSQLiteOpenHelper.kt:16)
06-09 04:30:00.089 E/MSP-LOG-APP-CloudCtrlDataManager(20522): 	at androidx.sqlite.db.framework.FrameworkSQLiteOpenHelper$OpenHelper.getWritableOrReadableDatabase(FrameworkSQLiteOpenHelper.kt:6)
06-09 04:30:00.089 E/MSP-LOG-APP-CloudCtrlDataManager(20522): 	at androidx.sqlite.db.framework.FrameworkSQLiteOpenHelper$OpenHelper.innerGetDatabase(FrameworkSQLiteOpenHelper.kt:54)
06-09 04:30:00.089 E/MSP-LOG-APP-CloudCtrlDataManager(20522): 	at androidx.sqlite.db.framework.FrameworkSQLiteOpenHelper$OpenHelper.getSupportDatabase(FrameworkSQLiteOpenHelper.kt:22)
06-09 04:30:00.089 E/MSP-LOG-APP-CloudCtrlDataManager(20522): 	at androidx.sqlite.db.framework.FrameworkSQLiteOpenHelper.getWritableDatabase(FrameworkSQLiteOpenHelper.kt:6)
06-09 04:30:00.090 E/MSP-LOG-APP-CloudCtrlDataManager(20522): Parameter specified as non-null is null: method androidx.sqlite.db.framework.FrameworkSQLiteDatabase.query, parameter bindArgs
06-09 04:30:00.090 E/MSP-LOG-APP-CloudCtrlDataManager(20522): java.lang.NullPointerException: Parameter specified as non-null is null: method androidx.sqlite.db.framework.FrameworkSQLiteDatabase.query, parameter bindArgs
06-09 04:30:00.090 E/MSP-LOG-APP-CloudCtrlDataManager(20522): 	at androidx.sqlite.db.framework.FrameworkSQLiteDatabase.query(Unknown Source:7)
06-09 04:30:00.090 E/MSP-LOG-APP-CloudCtrlDataManager(20522): 	at androidx.sqlite.db.framework.FrameworkSQLiteOpenHelper$OpenHelper.onUpgrade(FrameworkSQLiteOpenHelper.kt:16)
06-09 04:30:00.090 E/MSP-LOG-APP-CloudCtrlDataManager(20522): 	at androidx.sqlite.db.framework.FrameworkSQLiteOpenHelper$OpenHelper.getWritableOrReadableDatabase(FrameworkSQLiteOpenHelper.kt:6)
06-09 04:30:00.090 E/MSP-LOG-APP-CloudCtrlDataManager(20522): 	at androidx.sqlite.db.framework.FrameworkSQLiteOpenHelper$OpenHelper.innerGetDatabase(FrameworkSQLiteOpenHelper.kt:54)
06-09 04:30:00.090 E/MSP-LOG-APP-CloudCtrlDataManager(20522): 	at androidx.sqlite.db.framework.FrameworkSQLiteOpenHelper$OpenHelper.getSupportDatabase(FrameworkSQLiteOpenHelper.kt:22)
06-09 04:30:00.090 E/MSP-LOG-APP-CloudCtrlDataManager(20522): 	at androidx.sqlite.db.framework.FrameworkSQLiteOpenHelper.getWritableDatabase(FrameworkSQLiteOpenHelper.kt:6)
06-09 04:30:00.322 I/MinimalGlobe(25345): Debug zoom scale=1.18 | tiles vis=84 cached=160 renderSurface=49 exact=49 parent=0 missing=0 unsupported=32 lod=512 eq=0 qRender=84 qWalk=59 qFrustum=118 grp=52/16/16 alt=1.00 radius=6378138.00 FPS=30.9 draw=49
06-09 04:30:00.595 E/MSP-LOG-APP-CloudCtrlDataManager(20522): Parameter specified as non-null is null: method androidx.sqlite.db.framework.FrameworkSQLiteDatabase.query, parameter bindArgs
06-09 04:30:00.595 E/MSP-LOG-APP-CloudCtrlDataManager(20522): java.lang.NullPointerException: Parameter specified as non-null is null: method androidx.sqlite.db.framework.FrameworkSQLiteDatabase.query, parameter bindArgs
06-09 04:30:00.595 E/MSP-LOG-APP-CloudCtrlDataManager(20522): 	at androidx.sqlite.db.framework.FrameworkSQLiteDatabase.query(Unknown Source:7)
06-09 04:30:00.595 E/MSP-LOG-APP-CloudCtrlDataManager(20522): 	at androidx.sqlite.db.framework.FrameworkSQLiteOpenHelper$OpenHelper.onUpgrade(FrameworkSQLiteOpenHelper.kt:16)
06-09 04:30:00.595 E/MSP-LOG-APP-CloudCtrlDataManager(20522): 	at androidx.sqlite.db.framework.FrameworkSQLiteOpenHelper$OpenHelper.getWritableOrReadableDatabase(FrameworkSQLiteOpenHelper.kt:6)
06-09 04:30:00.595 E/MSP-LOG-APP-CloudCtrlDataManager(20522): 	at androidx.sqlite.db.framework.FrameworkSQLiteOpenHelper$OpenHelper.innerGetDatabase(FrameworkSQLiteOpenHelper.kt:67)
06-09 04:30:00.595 E/MSP-LOG-APP-CloudCtrlDataManager(20522): 	at androidx.sqlite.db.framework.FrameworkSQLiteOpenHelper$OpenHelper.getSupportDatabase(FrameworkSQLiteOpenHelper.kt:22)
06-09 04:30:00.595 E/MSP-LOG-APP-CloudCtrlDataManager(20522): 	at androidx.sqlite.db.framework.FrameworkSQLiteOpenHelper.getWritableDatabase(FrameworkSQLiteOpenHelper.kt:6)
06-09 04:30:00.595 E/MSP-LOG-APP-CloudCtrlDataManager(20522): Parameter specified as non-null is null: method androidx.sqlite.db.framework.FrameworkSQLiteDatabase.query, parameter bindArgs
06-09 04:30:00.595 E/MSP-LOG-APP-CloudCtrlDataManager(20522): java.lang.NullPointerException: Parameter specified as non-null is null: method androidx.sqlite.db.framework.FrameworkSQLiteDatabase.query, parameter bindArgs
06-09 04:30:00.595 E/MSP-LOG-APP-CloudCtrlDataManager(20522): 	at androidx.sqlite.db.framework.FrameworkSQLiteDatabase.query(Unknown Source:7)
06-09 04:30:00.595 E/MSP-LOG-APP-CloudCtrlDataManager(20522): 	at androidx.sqlite.db.framework.FrameworkSQLiteOpenHelper$OpenHelper.onUpgrade(FrameworkSQLiteOpenHelper.kt:16)
06-09 04:30:00.595 E/MSP-LOG-APP-CloudCtrlDataManager(20522): 	at androidx.sqlite.db.framework.FrameworkSQLiteOpenHelper$OpenHelper.getWritableOrReadableDatabase(FrameworkSQLiteOpenHelper.kt:6)
06-09 04:30:00.595 E/MSP-LOG-APP-CloudCtrlDataManager(20522): 	at androidx.sqlite.db.framework.FrameworkSQLiteOpenHelper$OpenHelper.innerGetDatabase(FrameworkSQLiteOpenHelper.kt:67)
06-09 04:30:00.595 E/MSP-LOG-APP-CloudCtrlDataManager(20522): 	at androidx.sqlite.db.framework.FrameworkSQLiteOpenHelper$OpenHelper.getSupportDatabase(FrameworkSQLiteOpenHelper.kt:22)
06-09 04:30:00.595 E/MSP-LOG-APP-CloudCtrlDataManager(20522): 	at androidx.sqlite.db.framework.FrameworkSQLiteOpenHelper.getWritableDatabase(FrameworkSQLiteOpenHelper.kt:6)
06-09 04:30:00.596 E/MSP-LOG-APP-ConfigUpdateController(20522): Parameter specified as non-null is null: method androidx.sqlite.db.framework.FrameworkSQLiteDatabase.query, parameter bindArgs
06-09 04:30:00.596 E/MSP-LOG-APP-ConfigUpdateController(20522): Parameter specified as non-null is null: method androidx.sqlite.db.framework.FrameworkSQLiteDatabase.query, parameter bindArgs
06-09 04:30:00.596 E/MSP-LOG-APP-ConfigUpdateController(20522): Parameter specified as non-null is null: method androidx.sqlite.db.framework.FrameworkSQLiteDatabase.query, parameter bindArgs
06-09 04:30:00.596 E/MSP-LOG-APP-ConfigUpdateController(20522): Caused by: java.lang.NullPointerException: Parameter specified as non-null is null: method androidx.sqlite.db.framework.FrameworkSQLiteDatabase.query, parameter bindArgs
06-09 04:30:00.596 E/MSP-LOG-APP-ConfigUpdateController(20522): 	at androidx.sqlite.db.framework.FrameworkSQLiteDatabase.query(Unknown Source:7)
06-09 04:30:00.596 E/MSP-LOG-APP-ConfigUpdateController(20522): 	at androidx.sqlite.db.framework.FrameworkSQLiteOpenHelper$OpenHelper.onUpgrade(FrameworkSQLiteOpenHelper.kt:16)
06-09 04:30:00.596 E/MSP-LOG-APP-ConfigUpdateController(20522): 	at androidx.sqlite.db.framework.FrameworkSQLiteOpenHelper$OpenHelper.getWritableOrReadableDatabase(FrameworkSQLiteOpenHelper.kt:6)
06-09 04:30:00.596 E/MSP-LOG-APP-ConfigUpdateController(20522): 	at androidx.sqlite.db.framework.FrameworkSQLiteOpenHelper$OpenHelper.innerGetDatabase(FrameworkSQLiteOpenHelper.kt:67)
06-09 04:30:00.596 E/MSP-LOG-APP-ConfigUpdateController(20522): 	at androidx.sqlite.db.framework.FrameworkSQLiteOpenHelper$OpenHelper.getSupportDatabase(FrameworkSQLiteOpenHelper.kt:22)
06-09 04:30:00.596 E/MSP-LOG-APP-ConfigUpdateController(20522): 	at androidx.sqlite.db.framework.FrameworkSQLiteOpenHelper.getWritableDatabase(FrameworkSQLiteOpenHelper.kt:6)
06-09 04:30:00.599 E/MSP-LOG-APP-CloudCtrlDataManager(20522): Parameter specified as non-null is null: method androidx.sqlite.db.framework.FrameworkSQLiteDatabase.query, parameter bindArgs
06-09 04:30:00.599 E/MSP-LOG-APP-CloudCtrlDataManager(20522): java.lang.NullPointerException: Parameter specified as non-null is null: method androidx.sqlite.db.framework.FrameworkSQLiteDatabase.query, parameter bindArgs
06-09 04:30:00.599 E/MSP-LOG-APP-CloudCtrlDataManager(20522): 	at androidx.sqlite.db.framework.FrameworkSQLiteDatabase.query(Unknown Source:7)
06-09 04:30:00.599 E/MSP-LOG-APP-CloudCtrlDataManager(20522): 	at androidx.sqlite.db.framework.FrameworkSQLiteOpenHelper$OpenHelper.onUpgrade(FrameworkSQLiteOpenHelper.kt:16)
06-09 04:30:00.599 E/MSP-LOG-APP-CloudCtrlDataManager(20522): 	at androidx.sqlite.db.framework.FrameworkSQLiteOpenHelper$OpenHelper.getWritableOrReadableDatabase(FrameworkSQLiteOpenHelper.kt:6)
06-09 04:30:00.599 E/MSP-LOG-APP-CloudCtrlDataManager(20522): 	at androidx.sqlite.db.framework.FrameworkSQLiteOpenHelper$OpenHelper.innerGetDatabase(FrameworkSQLiteOpenHelper.kt:54)
06-09 04:30:00.599 E/MSP-LOG-APP-CloudCtrlDataManager(20522): 	at androidx.sqlite.db.framework.FrameworkSQLiteOpenHelper$OpenHelper.getSupportDatabase(FrameworkSQLiteOpenHelper.kt:22)
06-09 04:30:00.599 E/MSP-LOG-APP-CloudCtrlDataManager(20522): 	at androidx.sqlite.db.framework.FrameworkSQLiteOpenHelper.getWritableDatabase(FrameworkSQLiteOpenHelper.kt:6)
06-09 04:30:00.599 E/MSP-LOG-APP-CloudCtrlDataManager(20522): Parameter specified as non-null is null: method androidx.sqlite.db.framework.FrameworkSQLiteDatabase.query, parameter bindArgs
06-09 04:30:00.599 E/MSP-LOG-APP-CloudCtrlDataManager(20522): java.lang.NullPointerException: Parameter specified as non-null is null: method androidx.sqlite.db.framework.FrameworkSQLiteDatabase.query, parameter bindArgs
06-09 04:30:00.599 E/MSP-LOG-APP-CloudCtrlDataManager(20522): 	at androidx.sqlite.db.framework.FrameworkSQLiteDatabase.query(Unknown Source:7)
06-09 04:30:00.599 E/MSP-LOG-APP-CloudCtrlDataManager(20522): 	at androidx.sqlite.db.framework.FrameworkSQLiteOpenHelper$OpenHelper.onUpgrade(FrameworkSQLiteOpenHelper.kt:16)
06-09 04:30:00.599 E/MSP-LOG-APP-CloudCtrlDataManager(20522): 	at androidx.sqlite.db.framework.FrameworkSQLiteOpenHelper$OpenHelper.getWritableOrReadableDatabase(FrameworkSQLiteOpenHelper.kt:6)
06-09 04:30:00.599 E/MSP-LOG-APP-CloudCtrlDataManager(20522): 	at androidx.sqlite.db.framework.FrameworkSQLiteOpenHelper$OpenHelper.innerGetDatabase(FrameworkSQLiteOpenHelper.kt:54)
06-09 04:30:00.599 E/MSP-LOG-APP-CloudCtrlDataManager(20522): 	at androidx.sqlite.db.framework.FrameworkSQLiteOpenHelper$OpenHelper.getSupportDatabase(FrameworkSQLiteOpenHelper.kt:22)
06-09 04:30:00.599 E/MSP-LOG-APP-CloudCtrlDataManager(20522): 	at androidx.sqlite.db.framework.FrameworkSQLiteOpenHelper.getWritableDatabase(FrameworkSQLiteOpenHelper.kt:6)
06-09 04:30:00.619 I/MinimalGlobe(25345): Debug zoom scale=1.18 | tiles vis=84 cached=160 renderSurface=49 exact=49 parent=0 missing=0 unsupported=32 lod=512 eq=0 qRender=84 qWalk=59 qFrustum=118 grp=52/16/16 alt=1.00 radius=6378138.00 FPS=33.0 draw=49
06-09 04:30:00.935 I/MinimalGlobe(25345): Debug zoom scale=1.18 | tiles vis=84 cached=160 renderSurface=49 exact=49 parent=0 missing=0 unsupported=32 lod=512 eq=0 qRender=84 qWalk=59 qFrustum=118 grp=52/16/16 alt=1.00 radius=6378138.00 FPS=30.6 draw=49
06-09 04:30:01.103 E/MSP-LOG-APP-CloudCtrlDataManager(20522): Parameter specified as non-null is null: method androidx.sqlite.db.framework.FrameworkSQLiteDatabase.query, parameter bindArgs
06-09 04:30:01.103 E/MSP-LOG-APP-CloudCtrlDataManager(20522): java.lang.NullPointerException: Parameter specified as non-null is null: method androidx.sqlite.db.framework.FrameworkSQLiteDatabase.query, parameter bindArgs
06-09 04:30:01.103 E/MSP-LOG-APP-CloudCtrlDataManager(20522): 	at androidx.sqlite.db.framework.FrameworkSQLiteDatabase.query(Unknown Source:7)
06-09 04:30:01.103 E/MSP-LOG-APP-CloudCtrlDataManager(20522): 	at androidx.sqlite.db.framework.FrameworkSQLiteOpenHelper$OpenHelper.onUpgrade(FrameworkSQLiteOpenHelper.kt:16)
06-09 04:30:01.103 E/MSP-LOG-APP-CloudCtrlDataManager(20522): 	at androidx.sqlite.db.framework.FrameworkSQLiteOpenHelper$OpenHelper.getWritableOrReadableDatabase(FrameworkSQLiteOpenHelper.kt:6)
06-09 04:30:01.103 E/MSP-LOG-APP-CloudCtrlDataManager(20522): 	at androidx.sqlite.db.framework.FrameworkSQLiteOpenHelper$OpenHelper.innerGetDatabase(FrameworkSQLiteOpenHelper.kt:67)
06-09 04:30:01.103 E/MSP-LOG-APP-CloudCtrlDataManager(20522): 	at androidx.sqlite.db.framework.FrameworkSQLiteOpenHelper$OpenHelper.getSupportDatabase(FrameworkSQLiteOpenHelper.kt:22)
06-09 04:30:01.103 E/MSP-LOG-APP-CloudCtrlDataManager(20522): 	at androidx.sqlite.db.framework.FrameworkSQLiteOpenHelper.getWritableDatabase(FrameworkSQLiteOpenHelper.kt:6)
06-09 04:30:01.103 E/MSP-LOG-APP-CloudCtrlDataManager(20522): Parameter specified as non-null is null: method androidx.sqlite.db.framework.FrameworkSQLiteDatabase.query, parameter bindArgs
06-09 04:30:01.103 E/MSP-LOG-APP-CloudCtrlDataManager(20522): java.lang.NullPointerException: Parameter specified as non-null is null: method androidx.sqlite.db.framework.FrameworkSQLiteDatabase.query, parameter bindArgs
06-09 04:30:01.103 E/MSP-LOG-APP-CloudCtrlDataManager(20522): 	at androidx.sqlite.db.framework.FrameworkSQLiteDatabase.query(Unknown Source:7)
06-09 04:30:01.103 E/MSP-LOG-APP-CloudCtrlDataManager(20522): 	at androidx.sqlite.db.framework.FrameworkSQLiteOpenHelper$OpenHelper.onUpgrade(FrameworkSQLiteOpenHelper.kt:16)
06-09 04:30:01.103 E/MSP-LOG-APP-CloudCtrlDataManager(20522): 	at androidx.sqlite.db.framework.FrameworkSQLiteOpenHelper$OpenHelper.getWritableOrReadableDatabase(FrameworkSQLiteOpenHelper.kt:6)
06-09 04:30:01.103 E/MSP-LOG-APP-CloudCtrlDataManager(20522): 	at androidx.sqlite.db.framework.FrameworkSQLiteOpenHelper$OpenHelper.innerGetDatabase(FrameworkSQLiteOpenHelper.kt:67)
06-09 04:30:01.103 E/MSP-LOG-APP-CloudCtrlDataManager(20522): 	at androidx.sqlite.db.framework.FrameworkSQLiteOpenHelper$OpenHelper.getSupportDatabase(FrameworkSQLiteOpenHelper.kt:22)
06-09 04:30:01.103 E/MSP-LOG-APP-CloudCtrlDataManager(20522): 	at androidx.sqlite.db.framework.FrameworkSQLiteOpenHelper.getWritableDatabase(FrameworkSQLiteOpenHelper.kt:6)
06-09 04:30:01.104 E/MSP-LOG-APP-ConfigFilesManager(20522): Parameter specified as non-null is null: method androidx.sqlite.db.framework.FrameworkSQLiteDatabase.query, parameter bindArgs
06-09 04:30:01.104 E/MSP-LOG-APP-ConfigFilesManager(20522): Parameter specified as non-null is null: method androidx.sqlite.db.framework.FrameworkSQLiteDatabase.query, parameter bindArgs
06-09 04:30:01.104 E/MSP-LOG-APP-ConfigFilesManager(20522): Caused by: java.lang.NullPointerException: Parameter specified as non-null is null: method androidx.sqlite.db.framework.FrameworkSQLiteDatabase.query, parameter bindArgs
06-09 04:30:01.104 E/MSP-LOG-APP-ConfigFilesManager(20522): 	at androidx.sqlite.db.framework.FrameworkSQLiteDatabase.query(Unknown Source:7)
06-09 04:30:01.104 E/MSP-LOG-APP-ConfigFilesManager(20522): 	at androidx.sqlite.db.framework.FrameworkSQLiteOpenHelper$OpenHelper.onUpgrade(FrameworkSQLiteOpenHelper.kt:16)
06-09 04:30:01.104 E/MSP-LOG-APP-ConfigFilesManager(20522): 	at androidx.sqlite.db.framework.FrameworkSQLiteOpenHelper$OpenHelper.getWritableOrReadableDatabase(FrameworkSQLiteOpenHelper.kt:6)
06-09 04:30:01.104 E/MSP-LOG-APP-ConfigFilesManager(20522): 	at androidx.sqlite.db.framework.FrameworkSQLiteOpenHelper$OpenHelper.innerGetDatabase(FrameworkSQLiteOpenHelper.kt:67)
06-09 04:30:01.104 E/MSP-LOG-APP-ConfigFilesManager(20522): 	at androidx.sqlite.db.framework.FrameworkSQLiteOpenHelper$OpenHelper.getSupportDatabase(FrameworkSQLiteOpenHelper.kt:22)
06-09 04:30:01.104 E/MSP-LOG-APP-ConfigFilesManager(20522): 	at androidx.sqlite.db.framework.FrameworkSQLiteOpenHelper.getWritableDatabase(FrameworkSQLiteOpenHelper.kt:6)
06-09 04:30:01.267 I/MinimalGlobe(25345): Debug zoom scale=1.18 | tiles vis=84 cached=160 renderSurface=49 exact=49 parent=0 missing=0 unsupported=32 lod=512 eq=0 qRender=84 qWalk=59 qFrustum=118 grp=52/16/16 alt=1.00 radius=6378138.00 FPS=30.2 draw=49
06-09 04:30:01.588 I/MinimalGlobe(25345): Debug zoom scale=1.18 | tiles vis=84 cached=160 renderSurface=49 exact=49 parent=0 missing=0 unsupported=32 lod=512 eq=0 qRender=84 qWalk=59 qFrustum=118 grp=52/16/16 alt=1.00 radius=6378138.00 FPS=32.0 draw=49
06-09 04:30:01.926 I/MinimalGlobe(25345): Debug zoom scale=1.18 | tiles vis=82 cached=160 renderSurface=47 exact=47 parent=0 missing=0 unsupported=32 lod=512 eq=0 qRender=82 qWalk=60 qFrustum=117 grp=50/16/16 alt=1.00 radius=6378138.00 FPS=40.0 draw=47
06-09 04:30:02.301 I/MinimalGlobe(25345): Debug zoom scale=1.18 | tiles vis=82 cached=160 renderSurface=47 exact=47 parent=0 missing=0 unsupported=32 lod=512 eq=0 qRender=82 qWalk=61 qFrustum=118 grp=50/16/16 alt=1.00 radius=6378138.00 FPS=39.5 draw=47
06-09 04:30:02.633 I/MinimalGlobe(25345): Debug zoom scale=1.18 | tiles vis=82 cached=160 renderSurface=47 exact=47 parent=0 missing=0 unsupported=32 lod=512 eq=0 qRender=82 qWalk=61 qFrustum=118 grp=50/16/16 alt=1.00 radius=6378138.00 FPS=33.4 draw=47
06-09 04:30:02.711 E/midasd  ( 6109): getTotalFlipsFromSf mCurFrameCount: 1444318
06-09 04:30:02.718 E/midasd  ( 6109): getTotalFlipsFromSf mCurFrameCount: 1444319
06-09 04:30:02.718 E/midasd  ( 6109): getTotalFlipsFromSf mCurFrameCount: 1444319
06-09 04:30:02.721 E/midasd  ( 6109): getTotalFlipsFromSf mCurFrameCount: 1444319
06-09 04:30:02.914 I/MinimalGlobe(25345): Debug zoom scale=1.18 | tiles vis=82 cached=160 renderSurface=47 exact=47 parent=0 missing=0 unsupported=32 lod=512 eq=0 qRender=82 qWalk=61 qFrustum=118 grp=50/16/16 alt=1.00 radius=6378138.00 FPS=37.2 draw=47
06-09 04:30:03.221 I/MinimalGlobe(25345): Debug zoom scale=1.18 | tiles vis=82 cached=160 renderSurface=47 exact=47 parent=0 missing=0 unsupported=32 lod=512 eq=0 qRender=82 qWalk=61 qFrustum=118 grp=50/16/16 alt=1.00 radius=6378138.00 FPS=32.8 draw=47
06-09 04:30:03.553 I/MinimalGlobe(25345): Debug zoom scale=1.18 | tiles vis=82 cached=160 renderSurface=47 exact=47 parent=0 missing=0 unsupported=32 lod=512 eq=0 qRender=82 qWalk=61 qFrustum=118 grp=50/16/16 alt=1.00 radius=6378138.00 FPS=31.0 draw=47
06-09 04:30:03.881 I/MinimalGlobe(25345): Debug zoom scale=1.18 | tiles vis=82 cached=160 renderSurface=47 exact=47 parent=0 missing=0 unsupported=32 lod=512 eq=0 qRender=82 qWalk=61 qFrustum=118 grp=50/16/16 alt=1.00 radius=6378138.00 FPS=30.4 draw=47
06-09 04:30:04.179 I/MinimalGlobe(25345): Debug zoom scale=1.18 | tiles vis=82 cached=160 renderSurface=47 exact=47 parent=0 missing=0 unsupported=32 lod=512 eq=0 qRender=82 qWalk=61 qFrustum=118 grp=50/16/16 alt=1.00 radius=6378138.00 FPS=34.0 draw=47
06-09 04:30:04.519 I/MinimalGlobe(25345): Debug zoom scale=1.18 | tiles vis=82 cached=160 renderSurface=47 exact=47 parent=0 missing=0 unsupported=32 lod=512 eq=0 qRender=82 qWalk=61 qFrustum=118 grp=50/16/16 alt=1.00 radius=6378138.00 FPS=31.4 draw=47
06-09 04:30:04.823 I/MinimalGlobe(25345): Debug zoom scale=1.18 | tiles vis=82 cached=160 renderSurface=47 exact=47 parent=0 missing=0 unsupported=32 lod=512 eq=0 qRender=82 qWalk=61 qFrustum=118 grp=50/16/16 alt=1.00 radius=6378138.00 FPS=30.6 draw=47
06-09 04:30:05.179 I/MinimalGlobe(25345): Debug zoom scale=1.18 | tiles vis=82 cached=160 renderSurface=47 exact=47 parent=0 missing=0 unsupported=32 lod=512 eq=0 qRender=82 qWalk=61 qFrustum=118 grp=50/16/16 alt=1.00 radius=6378138.00 FPS=30.2 draw=47
06-09 04:30:05.334 D/WindowManager( 4329): Add to mViews: android.widget.FrameLayout{59f524 V.E...... ......ID 0,0-252,252 alpha=1.0 viewInfo = },pkg= null
06-09 04:30:05.373 D/BLASTBufferQueue( 4329): [VRI[FloatingRotationButton]#302](f:0,a:1) acquireNextBufferLocked size=252x252 mFrameNumber=1 applyTransaction=true mTimestamp=44658687508951(auto) mPendingTransactions.size=0 graphicBufferId=18592913426398 transform=0
06-09 04:30:05.373 D/VRI[FloatingRotationButton]( 4329): Received frameCommittedCallback lastAttemptedDrawFrameNum=1 didProduceBuffer=true syncBuffer=false
06-09 04:30:05.380 D/VRI[FloatingRotationButton]( 4329): Received frameCommittedCallback lastAttemptedDrawFrameNum=2 didProduceBuffer=true syncBuffer=false
06-09 04:30:05.479 I/MinimalGlobe(25345): Debug zoom scale=1.18 | tiles vis=82 cached=160 renderSurface=47 exact=47 parent=0 missing=0 unsupported=32 lod=512 eq=0 qRender=82 qWalk=61 qFrustum=118 grp=50/16/16 alt=1.00 radius=6378138.00 FPS=30.1 draw=47
06-09 04:30:05.815 I/MinimalGlobe(25345): Debug zoom scale=1.18 | tiles vis=82 cached=160 renderSurface=47 exact=47 parent=0 missing=0 unsupported=32 lod=512 eq=0 qRender=82 qWalk=61 qFrustum=118 grp=50/16/16 alt=1.00 radius=6378138.00 FPS=30.1 draw=47
06-09 04:30:06.156 I/MinimalGlobe(25345): Debug zoom scale=1.18 | tiles vis=82 cached=160 renderSurface=47 exact=47 parent=0 missing=0 unsupported=32 lod=512 eq=0 qRender=82 qWalk=61 qFrustum=118 grp=50/16/16 alt=1.00 radius=6378138.00 FPS=30.1 draw=47
06-09 04:30:06.178 I/MinimalGlobe(25345): Frame 1200 | tiles vis=82 cached=160 renderSurface=47 mesh=47 attach=47 exact=47 parent=0 normalMap=0 stale=0 missingGen=0 | missing=0 unsupported=32 lod=512 eq=0 qRender=82 qWalk=61 qFrustum=118 qFade=0 grp=50/16/16 gen=42 | sun=(-0.56,-0.73,0.39) | FPS=30.0 draw=47
06-09 04:30:06.512 I/MinimalGlobe(25345): Debug zoom scale=1.18 | tiles vis=82 cached=160 renderSurface=47 exact=47 parent=0 missing=0 unsupported=32 lod=512 eq=0 qRender=82 qWalk=61 qFrustum=118 grp=50/16/16 alt=1.00 radius=6378138.00 FPS=30.0 draw=47
06-09 04:30:06.844 I/MinimalGlobe(25345): Debug zoom scale=1.18 | tiles vis=82 cached=160 renderSurface=47 exact=47 parent=0 missing=0 unsupported=32 lod=512 eq=0 qRender=82 qWalk=61 qFrustum=118 grp=50/16/16 alt=1.00 radius=6378138.00 FPS=30.1 draw=47
06-09 04:30:07.121 I/MinimalGlobe(25345): Debug zoom scale=1.18 | tiles vis=82 cached=160 renderSurface=47 exact=47 parent=0 missing=0 unsupported=32 lod=512 eq=0 qRender=82 qWalk=61 qFrustum=118 grp=50/16/16 alt=1.00 radius=6378138.00 FPS=30.0 draw=47
06-09 04:30:07.455 I/MinimalGlobe(25345): Debug zoom scale=1.18 | tiles vis=82 cached=160 renderSurface=47 exact=47 parent=0 missing=0 unsupported=32 lod=512 eq=0 qRender=82 qWalk=61 qFrustum=118 grp=50/16/16 alt=1.00 radius=6378138.00 FPS=33.2 draw=47
06-09 04:30:07.765 I/MinimalGlobe(25345): Debug zoom scale=1.18 | tiles vis=82 cached=160 renderSurface=47 exact=47 parent=0 missing=0 unsupported=32 lod=512 eq=0 qRender=82 qWalk=61 qFrustum=118 grp=50/16/16 alt=1.00 radius=6378138.00 FPS=33.8 draw=47
06-09 04:30:08.095 I/MinimalGlobe(25345): Debug zoom scale=1.18 | tiles vis=82 cached=160 renderSurface=47 exact=47 parent=0 missing=0 unsupported=32 lod=512 eq=0 qRender=82 qWalk=61 qFrustum=118 grp=50/16/16 alt=1.00 radius=6378138.00 FPS=31.4 draw=47
06-09 04:30:08.375 I/MinimalGlobe(25345): Debug zoom scale=1.18 | tiles vis=82 cached=160 renderSurface=47 exact=47 parent=0 missing=0 unsupported=32 lod=512 eq=0 qRender=82 qWalk=61 qFrustum=118 grp=50/16/16 alt=1.00 radius=6378138.00 FPS=35.6 draw=47
06-09 04:30:08.710 I/MinimalGlobe(25345): Debug zoom scale=1.18 | tiles vis=82 cached=160 renderSurface=47 exact=47 parent=0 missing=0 unsupported=32 lod=512 eq=0 qRender=82 qWalk=61 qFrustum=118 grp=50/16/16 alt=1.00 radius=6378138.00 FPS=32.0 draw=47
06-09 04:30:09.044 I/MinimalGlobe(25345): Debug zoom scale=1.18 | tiles vis=82 cached=160 renderSurface=47 exact=47 parent=0 missing=0 unsupported=32 lod=512 eq=0 qRender=82 qWalk=61 qFrustum=118 grp=50/16/16 alt=1.00 radius=6378138.00 FPS=30.7 draw=47
06-09 04:30:09.375 I/MinimalGlobe(25345): Debug zoom scale=1.18 | tiles vis=82 cached=160 renderSurface=47 exact=47 parent=0 missing=0 unsupported=32 lod=512 eq=0 qRender=82 qWalk=61 qFrustum=118 grp=50/16/16 alt=1.00 radius=6378138.00 FPS=30.3 draw=47
06-09 04:30:09.709 I/MinimalGlobe(25345): Debug zoom scale=1.18 | tiles vis=82 cached=160 renderSurface=47 exact=47 parent=0 missing=0 unsupported=32 lod=512 eq=0 qRender=82 qWalk=61 qFrustum=118 grp=50/16/16 alt=1.00 radius=6378138.00 FPS=30.1 draw=47
06-09 04:30:10.016 I/MinimalGlobe(25345): Debug zoom scale=1.18 | tiles vis=82 cached=160 renderSurface=47 exact=47 parent=0 missing=0 unsupported=32 lod=512 eq=0 qRender=82 qWalk=61 qFrustum=118 grp=50/16/16 alt=1.00 radius=6378138.00 FPS=30.1 draw=47
06-09 04:30:10.343 I/MinimalGlobe(25345): Debug zoom scale=1.18 | tiles vis=82 cached=160 renderSurface=47 exact=47 parent=0 missing=0 unsupported=32 lod=512 eq=0 qRender=82 qWalk=61 qFrustum=118 grp=50/16/16 alt=1.00 radius=6378138.00 FPS=30.0 draw=47
06-09 04:30:10.672 I/MinimalGlobe(25345): Debug zoom scale=1.18 | tiles vis=82 cached=160 renderSurface=47 exact=47 parent=0 missing=0 unsupported=32 lod=512 eq=0 qRender=82 qWalk=61 qFrustum=118 grp=50/16/16 alt=1.00 radius=6378138.00 FPS=30.0 draw=47
06-09 04:30:11.016 I/MinimalGlobe(25345): Debug zoom scale=1.18 | tiles vis=82 cached=160 renderSurface=47 exact=47 parent=0 missing=0 unsupported=32 lod=512 eq=0 qRender=82 qWalk=61 qFrustum=118 grp=50/16/16 alt=1.00 radius=6378138.00 FPS=30.0 draw=47
06-09 04:30:11.381 I/MinimalGlobe(25345): Debug zoom scale=1.18 | tiles vis=82 cached=160 renderSurface=47 exact=47 parent=0 missing=0 unsupported=32 lod=512 eq=0 qRender=82 qWalk=61 qFrustum=118 grp=50/16/16 alt=1.00 radius=6378138.00 FPS=30.1 draw=47
06-09 04:30:11.737 I/MinimalGlobe(25345): Debug zoom scale=1.18 | tiles vis=82 cached=160 renderSurface=47 exact=47 parent=0 missing=0 unsupported=32 lod=512 eq=0 qRender=82 qWalk=61 qFrustum=118 grp=50/16/16 alt=1.00 radius=6378138.00 FPS=30.0 draw=47
06-09 04:30:12.041 I/MinimalGlobe(25345): Debug zoom scale=1.18 | tiles vis=82 cached=160 renderSurface=47 exact=47 parent=0 missing=0 unsupported=32 lod=512 eq=0 qRender=82 qWalk=61 qFrustum=118 grp=50/16/16 alt=1.00 radius=6378138.00 FPS=30.0 draw=47
06-09 04:30:12.339 I/MinimalGlobe(25345): Debug zoom scale=1.18 | tiles vis=82 cached=160 renderSurface=47 exact=47 parent=0 missing=0 unsupported=32 lod=512 eq=0 qRender=82 qWalk=61 qFrustum=118 grp=50/16/16 alt=1.00 radius=6378138.00 FPS=30.0 draw=47
06-09 04:30:12.648 I/MinimalGlobe(25345): Debug zoom scale=1.18 | tiles vis=82 cached=160 renderSurface=47 exact=47 parent=0 missing=0 unsupported=32 lod=512 eq=0 qRender=82 qWalk=61 qFrustum=118 grp=50/16/16 alt=1.00 radius=6378138.00 FPS=30.1 draw=47
06-09 04:30:12.986 I/MinimalGlobe(25345): Debug zoom scale=1.18 | tiles vis=82 cached=160 renderSurface=47 exact=47 parent=0 missing=0 unsupported=32 lod=512 eq=0 qRender=82 qWalk=61 qFrustum=118 grp=50/16/16 alt=1.00 radius=6378138.00 FPS=31.5 draw=47
06-09 04:30:13.286 I/MinimalGlobe(25345): Debug zoom scale=1.18 | tiles vis=82 cached=160 renderSurface=47 exact=47 parent=0 missing=0 unsupported=32 lod=512 eq=0 qRender=82 qWalk=61 qFrustum=118 grp=50/16/16 alt=1.00 radius=6378138.00 FPS=30.6 draw=47
06-09 04:30:13.580 I/MinimalGlobe(25345): Debug zoom scale=1.18 | tiles vis=82 cached=160 renderSurface=47 exact=47 parent=0 missing=0 unsupported=32 lod=512 eq=0 qRender=82 qWalk=61 qFrustum=118 grp=50/16/16 alt=1.00 radius=6378138.00 FPS=36.4 draw=47
06-09 04:30:13.938 I/MinimalGlobe(25345): Debug zoom scale=1.18 | tiles vis=82 cached=160 renderSurface=47 exact=47 parent=0 missing=0 unsupported=32 lod=512 eq=0 qRender=82 qWalk=61 qFrustum=118 grp=50/16/16 alt=1.00 radius=6378138.00 FPS=32.1 draw=47
06-09 04:30:14.270 I/MinimalGlobe(25345): Debug zoom scale=1.18 | tiles vis=82 cached=160 renderSurface=47 exact=47 parent=0 missing=0 unsupported=32 lod=512 eq=0 qRender=82 qWalk=61 qFrustum=118 grp=50/16/16 alt=1.00 radius=6378138.00 FPS=30.7 draw=47
06-09 04:30:14.551 I/MinimalGlobe(25345): Debug zoom scale=1.18 | tiles vis=82 cached=160 renderSurface=47 exact=47 parent=0 missing=0 unsupported=32 lod=512 eq=0 qRender=82 qWalk=61 qFrustum=118 grp=50/16/16 alt=1.00 radius=6378138.00 FPS=36.6 draw=47
06-09 04:30:14.885 I/MinimalGlobe(25345): Debug zoom scale=1.18 | tiles vis=82 cached=160 renderSurface=47 exact=47 parent=0 missing=0 unsupported=32 lod=512 eq=0 qRender=82 qWalk=61 qFrustum=118 grp=50/16/16 alt=1.00 radius=6378138.00 FPS=32.3 draw=47
06-09 04:30:15.216 I/MinimalGlobe(25345): Debug zoom scale=1.18 | tiles vis=82 cached=160 renderSurface=47 exact=47 parent=0 missing=0 unsupported=32 lod=512 eq=0 qRender=82 qWalk=61 qFrustum=118 grp=50/16/16 alt=1.00 radius=6378138.00 FPS=30.9 draw=47
06-09 04:30:15.550 I/MinimalGlobe(25345): Debug zoom scale=1.18 | tiles vis=82 cached=160 renderSurface=47 exact=47 parent=0 missing=0 unsupported=32 lod=512 eq=0 qRender=82 qWalk=61 qFrustum=118 grp=50/16/16 alt=1.00 radius=6378138.00 FPS=30.3 draw=47
06-09 04:30:15.861 I/MinimalGlobe(25345): Debug zoom scale=1.18 | tiles vis=82 cached=160 renderSurface=47 exact=47 parent=0 missing=0 unsupported=32 lod=512 eq=0 qRender=82 qWalk=61 qFrustum=118 grp=50/16/16 alt=1.00 radius=6378138.00 FPS=30.1 draw=47
06-09 04:30:15.947 I/MinimalGlobe(25345): Frame 1500 | tiles vis=82 cached=160 renderSurface=47 mesh=47 attach=47 exact=47 parent=0 normalMap=0 stale=0 missingGen=0 | missing=0 unsupported=32 lod=512 eq=0 qRender=82 qWalk=61 qFrustum=118 qFade=0 grp=50/16/16 gen=42 | sun=(-0.56,-0.73,0.39) | FPS=30.2 draw=47
06-09 04:30:16.217 I/MinimalGlobe(25345): Debug zoom scale=1.18 | tiles vis=82 cached=160 renderSurface=47 exact=47 parent=0 missing=0 unsupported=32 lod=512 eq=0 qRender=82 qWalk=61 qFrustum=118 grp=50/16/16 alt=1.00 radius=6378138.00 FPS=30.1 draw=47
06-09 04:30:16.514 I/MinimalGlobe(25345): Debug zoom scale=1.18 | tiles vis=82 cached=160 renderSurface=47 exact=47 parent=0 missing=0 unsupported=32 lod=512 eq=0 qRender=82 qWalk=61 qFrustum=118 grp=50/16/16 alt=1.00 radius=6378138.00 FPS=30.1 draw=47
06-09 04:30:16.820 I/MinimalGlobe(25345): Debug zoom scale=1.18 | tiles vis=82 cached=160 renderSurface=47 exact=47 parent=0 missing=0 unsupported=32 lod=512 eq=0 qRender=82 qWalk=61 qFrustum=118 grp=50/16/16 alt=1.00 radius=6378138.00 FPS=30.0 draw=47
06-09 04:30:17.146 I/MinimalGlobe(25345): Debug zoom scale=1.18 | tiles vis=82 cached=160 renderSurface=47 exact=47 parent=0 missing=0 unsupported=32 lod=512 eq=0 qRender=82 qWalk=61 qFrustum=118 grp=50/16/16 alt=1.00 radius=6378138.00 FPS=30.1 draw=47
06-09 04:30:17.495 I/MinimalGlobe(25345): Debug zoom scale=1.18 | tiles vis=82 cached=160 renderSurface=47 exact=47 parent=0 missing=0 unsupported=32 lod=512 eq=0 qRender=82 qWalk=61 qFrustum=118 grp=50/16/16 alt=1.00 radius=6378138.00 FPS=32.7 draw=47
06-09 04:30:17.807 I/MinimalGlobe(25345): Debug zoom scale=1.18 | tiles vis=82 cached=160 renderSurface=47 exact=47 parent=0 missing=0 unsupported=32 lod=512 eq=0 qRender=82 qWalk=61 qFrustum=118 grp=50/16/16 alt=1.00 radius=6378138.00 FPS=31.1 draw=47
06-09 04:30:18.162 I/MinimalGlobe(25345): Debug zoom scale=1.18 | tiles vis=82 cached=160 renderSurface=47 exact=47 parent=0 missing=0 unsupported=32 lod=512 eq=0 qRender=82 qWalk=61 qFrustum=118 grp=50/16/16 alt=1.00 radius=6378138.00 FPS=30.4 draw=47
06-09 04:30:18.495 I/MinimalGlobe(25345): Debug zoom scale=1.18 | tiles vis=82 cached=160 renderSurface=47 exact=47 parent=0 missing=0 unsupported=32 lod=512 eq=0 qRender=82 qWalk=61 qFrustum=118 grp=50/16/16 alt=1.00 radius=6378138.00 FPS=30.2 draw=47
06-09 04:30:18.828 I/MinimalGlobe(25345): Debug zoom scale=1.18 | tiles vis=82 cached=160 renderSurface=47 exact=47 parent=0 missing=0 unsupported=32 lod=512 eq=0 qRender=82 qWalk=61 qFrustum=118 grp=50/16/16 alt=1.00 radius=6378138.00 FPS=30.1 draw=47
06-09 04:30:19.161 I/MinimalGlobe(25345): Debug zoom scale=1.18 | tiles vis=82 cached=160 renderSurface=47 exact=47 parent=0 missing=0 unsupported=32 lod=512 eq=0 qRender=82 qWalk=61 qFrustum=118 grp=50/16/16 alt=1.00 radius=6378138.00 FPS=30.1 draw=47
06-09 04:30:19.441 I/MinimalGlobe(25345): Debug zoom scale=1.18 | tiles vis=82 cached=160 renderSurface=47 exact=47 parent=0 missing=0 unsupported=32 lod=512 eq=0 qRender=82 qWalk=61 qFrustum=118 grp=50/16/16 alt=1.00 radius=6378138.00 FPS=32.0 draw=47
06-09 04:30:19.744 I/MinimalGlobe(25345): Debug zoom scale=1.18 | tiles vis=82 cached=160 renderSurface=47 exact=47 parent=0 missing=0 unsupported=32 lod=512 eq=0 qRender=82 qWalk=61 qFrustum=118 grp=50/16/16 alt=1.00 radius=6378138.00 FPS=30.8 draw=47
06-09 04:30:20.017 I/MinimalGlobe(25345): Debug zoom scale=1.18 | tiles vis=82 cached=160 renderSurface=47 exact=47 parent=0 missing=0 unsupported=32 lod=512 eq=0 qRender=82 qWalk=61 qFrustum=118 grp=50/16/16 alt=1.00 radius=6378138.00 FPS=30.3 draw=47
06-09 04:30:20.344 I/MinimalGlobe(25345): Debug zoom scale=1.18 | tiles vis=82 cached=160 renderSurface=47 exact=47 parent=0 missing=0 unsupported=32 lod=512 eq=0 qRender=82 qWalk=61 qFrustum=118 grp=50/16/16 alt=1.00 radius=6378138.00 FPS=30.2 draw=47
06-09 04:30:20.677 I/MinimalGlobe(25345): Debug zoom scale=1.18 | tiles vis=82 cached=160 renderSurface=47 exact=47 parent=0 missing=0 unsupported=32 lod=512 eq=0 qRender=82 qWalk=61 qFrustum=118 grp=50/16/16 alt=1.00 radius=6378138.00 FPS=30.1 draw=47
06-09 04:30:20.943 I/MinimalGlobe(25345): Debug zoom scale=1.18 | tiles vis=82 cached=160 renderSurface=47 exact=47 parent=0 missing=0 unsupported=32 lod=512 eq=0 qRender=82 qWalk=61 qFrustum=118 grp=50/16/16 alt=1.00 radius=6378138.00 FPS=30.0 draw=47
06-09 04:30:21.274 I/MinimalGlobe(25345): Debug zoom scale=1.18 | tiles vis=82 cached=160 renderSurface=47 exact=47 parent=0 missing=0 unsupported=32 lod=512 eq=0 qRender=82 qWalk=61 qFrustum=118 grp=50/16/16 alt=1.00 radius=6378138.00 FPS=30.1 draw=47
06-09 04:30:21.573 I/MinimalGlobe(25345): Debug zoom scale=1.18 | tiles vis=82 cached=160 renderSurface=47 exact=47 parent=0 missing=0 unsupported=32 lod=512 eq=0 qRender=82 qWalk=61 qFrustum=118 grp=50/16/16 alt=1.00 radius=6378138.00 FPS=35.2 draw=47
06-09 04:30:21.881 I/MinimalGlobe(25345): Debug zoom scale=1.18 | tiles vis=82 cached=160 renderSurface=47 exact=47 parent=0 missing=0 unsupported=32 lod=512 eq=0 qRender=82 qWalk=61 qFrustum=118 grp=50/16/16 alt=1.00 radius=6378138.00 FPS=32.0 draw=47
06-09 04:30:22.214 I/MinimalGlobe(25345): Debug zoom scale=1.18 | tiles vis=82 cached=160 renderSurface=47 exact=47 parent=0 missing=0 unsupported=32 lod=512 eq=0 qRender=82 qWalk=61 qFrustum=118 grp=50/16/16 alt=1.00 radius=6378138.00 FPS=30.7 draw=47
06-09 04:30:22.538 I/MinimalGlobe(25345): Debug zoom scale=1.18 | tiles vis=82 cached=160 renderSurface=47 exact=47 parent=0 missing=0 unsupported=32 lod=512 eq=0 qRender=82 qWalk=61 qFrustum=118 grp=50/16/16 alt=1.00 radius=6378138.00 FPS=30.3 draw=47
06-09 04:30:22.718 E/midasd  ( 6109): getTotalFlipsFromSf mCurFrameCount: 1445131
06-09 04:30:22.719 E/midasd  ( 6109): getTotalFlipsFromSf mCurFrameCount: 1445132
06-09 04:30:22.889 I/MinimalGlobe(25345): Debug zoom scale=1.18 | tiles vis=82 cached=160 renderSurface=47 exact=47 parent=0 missing=0 unsupported=32 lod=512 eq=0 qRender=82 qWalk=61 qFrustum=118 grp=50/16/16 alt=1.00 radius=6378138.00 FPS=40.2 draw=47
06-09 04:30:25.565 I/MinimalGlobe(25345): Frame 1800 | tiles vis=82 cached=160 renderSurface=47 mesh=47 attach=47 exact=47 parent=0 normalMap=0 stale=0 missingGen=0 | missing=0 unsupported=32 lod=512 eq=0 qRender=82 qWalk=61 qFrustum=118 qFade=0 grp=50/16/16 gen=42 | sun=(-0.56,-0.73,0.39) | FPS=30.7 draw=47
